Archive member included to satisfy reference by file (symbol)

/opt/st/stm32cubeide_1.12.0/plugins/com.st.stm32cube.ide.mcu.externaltools.gnu-tools-for-stm32.10.3-2021.10.linux64_1.0.200.202301161003/tools/bin/../lib/gcc/arm-none-eabi/10.3.1/../../../../arm-none-eabi/lib/thumb/v7e-m+dp/hard/libc_nano.a(lib_a-errno.o)
                              ./Core/Src/retarget.o (__errno)
/opt/st/stm32cubeide_1.12.0/plugins/com.st.stm32cube.ide.mcu.externaltools.gnu-tools-for-stm32.10.3-2021.10.linux64_1.0.200.202301161003/tools/bin/../lib/gcc/arm-none-eabi/10.3.1/../../../../arm-none-eabi/lib/thumb/v7e-m+dp/hard/libc_nano.a(lib_a-exit.o)
                              /opt/st/stm32cubeide_1.12.0/plugins/com.st.stm32cube.ide.mcu.externaltools.gnu-tools-for-stm32.10.3-2021.10.linux64_1.0.200.202301161003/tools/bin/../lib/gcc/arm-none-eabi/10.3.1/../../../../arm-none-eabi/lib/thumb/v7e-m+dp/hard/crt0.o (exit)
/opt/st/stm32cubeide_1.12.0/plugins/com.st.stm32cube.ide.mcu.externaltools.gnu-tools-for-stm32.10.3-2021.10.linux64_1.0.200.202301161003/tools/bin/../lib/gcc/arm-none-eabi/10.3.1/../../../../arm-none-eabi/lib/thumb/v7e-m+dp/hard/libc_nano.a(lib_a-impure.o)
                              /opt/st/stm32cubeide_1.12.0/plugins/com.st.stm32cube.ide.mcu.externaltools.gnu-tools-for-stm32.10.3-2021.10.linux64_1.0.200.202301161003/tools/bin/../lib/gcc/arm-none-eabi/10.3.1/../../../../arm-none-eabi/lib/thumb/v7e-m+dp/hard/libc_nano.a(lib_a-exit.o) (_global_impure_ptr)
/opt/st/stm32cubeide_1.12.0/plugins/com.st.stm32cube.ide.mcu.externaltools.gnu-tools-for-stm32.10.3-2021.10.linux64_1.0.200.202301161003/tools/bin/../lib/gcc/arm-none-eabi/10.3.1/../../../../arm-none-eabi/lib/thumb/v7e-m+dp/hard/libc_nano.a(lib_a-init.o)
                              /opt/st/stm32cubeide_1.12.0/plugins/com.st.stm32cube.ide.mcu.externaltools.gnu-tools-for-stm32.10.3-2021.10.linux64_1.0.200.202301161003/tools/bin/../lib/gcc/arm-none-eabi/10.3.1/../../../../arm-none-eabi/lib/thumb/v7e-m+dp/hard/crt0.o (__libc_init_array)
/opt/st/stm32cubeide_1.12.0/plugins/com.st.stm32cube.ide.mcu.externaltools.gnu-tools-for-stm32.10.3-2021.10.linux64_1.0.200.202301161003/tools/bin/../lib/gcc/arm-none-eabi/10.3.1/../../../../arm-none-eabi/lib/thumb/v7e-m+dp/hard/libc_nano.a(lib_a-memset.o)
                              /opt/st/stm32cubeide_1.12.0/plugins/com.st.stm32cube.ide.mcu.externaltools.gnu-tools-for-stm32.10.3-2021.10.linux64_1.0.200.202301161003/tools/bin/../lib/gcc/arm-none-eabi/10.3.1/../../../../arm-none-eabi/lib/thumb/v7e-m+dp/hard/crt0.o (memset)
/opt/st/stm32cubeide_1.12.0/plugins/com.st.stm32cube.ide.mcu.externaltools.gnu-tools-for-stm32.10.3-2021.10.linux64_1.0.200.202301161003/tools/bin/../lib/gcc/arm-none-eabi/10.3.1/../../../../arm-none-eabi/lib/thumb/v7e-m+dp/hard/libc_nano.a(lib_a-printf.o)
                              ./Core/Src/main.o (printf)
/opt/st/stm32cubeide_1.12.0/plugins/com.st.stm32cube.ide.mcu.externaltools.gnu-tools-for-stm32.10.3-2021.10.linux64_1.0.200.202301161003/tools/bin/../lib/gcc/arm-none-eabi/10.3.1/../../../../arm-none-eabi/lib/thumb/v7e-m+dp/hard/libc_nano.a(lib_a-puts.o)
                              ./Core/Src/stm32h7b3i_discovery_camera.o (puts)
/opt/st/stm32cubeide_1.12.0/plugins/com.st.stm32cube.ide.mcu.externaltools.gnu-tools-for-stm32.10.3-2021.10.linux64_1.0.200.202301161003/tools/bin/../lib/gcc/arm-none-eabi/10.3.1/../../../../arm-none-eabi/lib/thumb/v7e-m+dp/hard/libc_nano.a(lib_a-setvbuf.o)
                              ./Core/Src/retarget.o (setvbuf)
/opt/st/stm32cubeide_1.12.0/plugins/com.st.stm32cube.ide.mcu.externaltools.gnu-tools-for-stm32.10.3-2021.10.linux64_1.0.200.202301161003/tools/bin/../lib/gcc/arm-none-eabi/10.3.1/../../../../arm-none-eabi/lib/thumb/v7e-m+dp/hard/libc_nano.a(lib_a-wbuf.o)
                              /opt/st/stm32cubeide_1.12.0/plugins/com.st.stm32cube.ide.mcu.externaltools.gnu-tools-for-stm32.10.3-2021.10.linux64_1.0.200.202301161003/tools/bin/../lib/gcc/arm-none-eabi/10.3.1/../../../../arm-none-eabi/lib/thumb/v7e-m+dp/hard/libc_nano.a(lib_a-puts.o) (__swbuf_r)
/opt/st/stm32cubeide_1.12.0/plugins/com.st.stm32cube.ide.mcu.externaltools.gnu-tools-for-stm32.10.3-2021.10.linux64_1.0.200.202301161003/tools/bin/../lib/gcc/arm-none-eabi/10.3.1/../../../../arm-none-eabi/lib/thumb/v7e-m+dp/hard/libc_nano.a(lib_a-wsetup.o)
                              /opt/st/stm32cubeide_1.12.0/plugins/com.st.stm32cube.ide.mcu.externaltools.gnu-tools-for-stm32.10.3-2021.10.linux64_1.0.200.202301161003/tools/bin/../lib/gcc/arm-none-eabi/10.3.1/../../../../arm-none-eabi/lib/thumb/v7e-m+dp/hard/libc_nano.a(lib_a-puts.o) (__swsetup_r)
/opt/st/stm32cubeide_1.12.0/plugins/com.st.stm32cube.ide.mcu.externaltools.gnu-tools-for-stm32.10.3-2021.10.linux64_1.0.200.202301161003/tools/bin/../lib/gcc/arm-none-eabi/10.3.1/../../../../arm-none-eabi/lib/thumb/v7e-m+dp/hard/libc_nano.a(lib_a-fflush.o)
[...]
Memory Configuration

Name             Origin             Length             Attributes
ITCMRAM          0x0000000000000000 0x0000000000010000 xrw
FLASH            0x0000000008000000 0x0000000000200000 xr
DTCMRAM1         0x0000000020000000 0x0000000000010000 xrw
DTCMRAM2         0x0000000020010000 0x0000000000010000 xrw
RAM              0x0000000024000000 0x0000000000100000 xrw
RAM_CD           0x0000000030000000 0x0000000000020000 xrw
RAM_SRD          0x0000000038000000 0x0000000000008000 xrw
*default*        0x0000000000000000 0xffffffffffffffff

Linker script and memory map

LOAD /opt/st/stm32cubeide_1.12.0/plugins/com.st.stm32cube.ide.mcu.externaltools.gnu-tools-for-stm32.10.3-2021.10.linux64_1.0.200.202301161003/tools/bin/../lib/gcc/arm-none-eabi/10.3.1/thumb/v7e-m+dp/hard/crti.o
LOAD /opt/st/stm32cubeide_1.12.0/plugins/com.st.stm32cube.ide.mcu.externaltools.gnu-tools-for-stm32.10.3-2021.10.linux64_1.0.200.202301161003/tools/bin/../lib/gcc/arm-none-eabi/10.3.1/thumb/v7e-m+dp/hard/crtbegin.o
LOAD /opt/st/stm32cubeide_1.12.0/plugins/com.st.stm32cube.ide.mcu.externaltools.gnu-tools-for-stm32.10.3-2021.10.linux64_1.0.200.202301161003/tools/bin/../lib/gcc/arm-none-eabi/10.3.1/../../../../arm-none-eabi/lib/thumb/v7e-m+dp/hard/crt0.o
LOAD ./Core/Src/main.o
LOAD ./Core/Src/ov5640.o
LOAD ./Core/Src/ov5640_reg.o
LOAD ./Core/Src/retarget.o
LOAD ./Core/Src/stm32h7b3i_discovery_bus.o
LOAD ./Core/Src/stm32h7b3i_discovery_camera.o
LOAD ./Core/Src/stm32h7xx_hal_msp.o
LOAD ./Core/Src/stm32h7xx_it.o
LOAD ./Core/Src/syscalls.o
LOAD ./Core/Src/sysmem.o
LOAD ./Core/Src/system_stm32h7xx.o
LOAD ./Core/Startup/startup_stm32h7b3lihxq.o
LOAD ./Drivers/STM32H7xx_HAL_Driver/Src/stm32h7xx_hal.o
LOAD ./Drivers/STM32H7xx_HAL_Driver/Src/stm32h7xx_hal_cortex.o
LOAD ./Drivers/STM32H7xx_HAL_Driver/Src/stm32h7xx_hal_dcmi.o
LOAD ./Drivers/STM32H7xx_HAL_Driver/Src/stm32h7xx_hal_dma.o
LOAD ./Drivers/STM32H7xx_HAL_Driver/Src/stm32h7xx_hal_dma2d.o
LOAD ./Drivers/STM32H7xx_HAL_Driver/Src/stm32h7xx_hal_dma_ex.o
LOAD ./Drivers/STM32H7xx_HAL_Driver/Src/stm32h7xx_hal_exti.o
LOAD ./Drivers/STM32H7xx_HAL_Driver/Src/stm32h7xx_hal_flash.o
LOAD ./Drivers/STM32H7xx_HAL_Driver/Src/stm32h7xx_hal_flash_ex.o
LOAD ./Drivers/STM32H7xx_HAL_Driver/Src/stm32h7xx_hal_gpio.o
LOAD ./Drivers/STM32H7xx_HAL_Driver/Src/stm32h7xx_hal_hsem.o
LOAD ./Drivers/STM32H7xx_HAL_Driver/Src/stm32h7xx_hal_i2c.o
LOAD ./Drivers/STM32H7xx_HAL_Driver/Src/stm32h7xx_hal_i2c_ex.o
LOAD ./Drivers/STM32H7xx_HAL_Driver/Src/stm32h7xx_hal_ltdc.o
LOAD ./Drivers/STM32H7xx_HAL_Driver/Src/stm32h7xx_hal_ltdc_ex.o
LOAD ./Drivers/STM32H7xx_HAL_Driver/Src/stm32h7xx_hal_mdma.o
LOAD ./Drivers/STM32H7xx_HAL_Driver/Src/stm32h7xx_hal_pwr.o
LOAD ./Drivers/STM32H7xx_HAL_Driver/Src/stm32h7xx_hal_pwr_ex.o
LOAD ./Drivers/STM32H7xx_HAL_Driver/Src/stm32h7xx_hal_rcc.o
LOAD ./Drivers/STM32H7xx_HAL_Driver/Src/stm32h7xx_hal_rcc_ex.o
LOAD ./Drivers/STM32H7xx_HAL_Driver/Src/stm32h7xx_hal_rtc.o
LOAD ./Drivers/STM32H7xx_HAL_Driver/Src/stm32h7xx_hal_rtc_ex.o
LOAD ./Drivers/STM32H7xx_HAL_Driver/Src/stm32h7xx_hal_tim.o
LOAD ./Drivers/STM32H7xx_HAL_Driver/Src/stm32h7xx_hal_tim_ex.o
LOAD ./Drivers/STM32H7xx_HAL_Driver/Src/stm32h7xx_hal_uart.o
LOAD ./Drivers/STM32H7xx_HAL_Driver/Src/stm32h7xx_hal_uart_ex.o
START GROUP
LOAD /opt/st/stm32cubeide_1.12.0/plugins/com.st.stm32cube.ide.mcu.externaltools.gnu-tools-for-stm32.10.3-2021.10.linux64_1.0.200.202301161003/tools/bin/../lib/gcc/arm-none-eabi/10.3.1/../../../../arm-none-eabi/lib/thumb/v7e-m+dp/hard/libc_nano.a
LOAD /opt/st/stm32cubeide_1.12.0/plugins/com.st.stm32cube.ide.mcu.externaltools.gnu-tools-for-stm32.10.3-2021.10.linux64_1.0.200.202301161003/tools/bin/../lib/gcc/arm-none-eabi/10.3.1/../../../../arm-none-eabi/lib/thumb/v7e-m+dp/hard/libm.a
END GROUP
START GROUP
LOAD /opt/st/stm32cubeide_1.12.0/plugins/com.st.stm32cube.ide.mcu.externaltools.gnu-tools-for-stm32.10.3-2021.10.linux64_1.0.200.202301161003/tools/bin/../lib/gcc/arm-none-eabi/10.3.1/thumb/v7e-m+dp/hard/libgcc.a
LOAD /opt/st/stm32cubeide_1.12.0/plugins/com.st.stm32cube.ide.mcu.externaltools.gnu-tools-for-stm32.10.3-2021.10.linux64_1.0.200.202301161003/tools/bin/../lib/gcc/arm-none-eabi/10.3.1/../../../../arm-none-eabi/lib/thumb/v7e-m+dp/hard/libc_nano.a
END GROUP
START GROUP
LOAD /opt/st/stm32cubeide_1.12.0/plugins/com.st.stm32cube.ide.mcu.externaltools.gnu-tools-for-stm32.10.3-2021.10.linux64_1.0.200.202301161003/tools/bin/../lib/gcc/arm-none-eabi/10.3.1/thumb/v7e-m+dp/hard/libgcc.a
LOAD /opt/st/stm32cubeide_1.12.0/plugins/com.st.stm32cube.ide.mcu.externaltools.gnu-tools-for-stm32.10.3-2021.10.linux64_1.0.200.202301161003/tools/bin/../lib/gcc/arm-none-eabi/10.3.1/../../../../arm-none-eabi/lib/thumb/v7e-m+dp/hard/libc_nano.a
LOAD /opt/st/stm32cubeide_1.12.0/plugins/com.st.stm32cube.ide.mcu.externaltools.gnu-tools-for-stm32.10.3-2021.10.linux64_1.0.200.202301161003/tools/bin/../lib/gcc/arm-none-eabi/10.3.1/../../../../arm-none-eabi/lib/thumb/v7e-m+dp/hard/libnosys.a
END GROUP
START GROUP
LOAD /opt/st/stm32cubeide_1.12.0/plugins/com.st.stm32cube.ide.mcu.externaltools.gnu-tools-for-stm32.10.3-2021.10.linux64_1.0.200.202301161003/tools/bin/../lib/gcc/arm-none-eabi/10.3.1/thumb/v7e-m+dp/hard/libgcc.a
LOAD /opt/st/stm32cubeide_1.12.0/plugins/com.st.stm32cube.ide.mcu.externaltools.gnu-tools-for-stm32.10.3-2021.10.linux64_1.0.200.202301161003/tools/bin/../lib/gcc/arm-none-eabi/10.3.1/../../../../arm-none-eabi/lib/thumb/v7e-m+dp/hard/libc_nano.a
LOAD /opt/st/stm32cubeide_1.12.0/plugins/com.st.stm32cube.ide.mcu.externaltools.gnu-tools-for-stm32.10.3-2021.10.linux64_1.0.200.202301161003/tools/bin/../lib/gcc/arm-none-eabi/10.3.1/../../../../arm-none-eabi/lib/thumb/v7e-m+dp/hard/libnosys.a
END GROUP
LOAD /opt/st/stm32cubeide_1.12.0/plugins/com.st.stm32cube.ide.mcu.externaltools.gnu-tools-for-stm32.10.3-2021.10.linux64_1.0.200.202301161003/tools/bin/../lib/gcc/arm-none-eabi/10.3.1/thumb/v7e-m+dp/hard/crtend.o
LOAD /opt/st/stm32cubeide_1.12.0/plugins/com.st.stm32cube.ide.mcu.externaltools.gnu-tools-for-stm32.10.3-2021.10.linux64_1.0.200.202301161003/tools/bin/../lib/gcc/arm-none-eabi/10.3.1/thumb/v7e-m+dp/hard/crtn.o
                0x0000000024100000                _estack = (ORIGIN (RAM) + LENGTH (RAM))
                0x0000000000000200                _Min_Heap_Size = 0x200
                0x0000000000000400                _Min_Stack_Size = 0x400

.isr_vector     0x0000000008000000      0x2ac
                0x0000000008000000                . = ALIGN (0x4)
 *(.isr_vector)
 .isr_vector    0x0000000008000000      0x2ac ./Core/Startup/startup_stm32h7b3lihxq.o
                0x0000000008000000                g_pfnVectors
                0x00000000080002ac                . = ALIGN (0x4)

.text           0x00000000080002b0    0x10d14
                0x00000000080002b0                . = ALIGN (0x4)
 *(.text)
 .text          0x00000000080002b0       0x40 /opt/st/stm32cubeide_1.12.0/plugins/com.st.stm32cube.ide.mcu.externaltools.gnu-tools-for-stm32.10.3-2021.10.linux64_1.0.200.202301161003/tools/bin/../lib/gcc/arm-none-eabi/10.3.1/thumb/v7e-m+dp/hard/crtbegin.o
 .text          0x00000000080002f0       0xa0 /opt/st/stm32cubeide_1.12.0/plugins/com.st.stm32cube.ide.mcu.externaltools.gnu-tools-for-stm32.10.3-2021.10.linux64_1.0.200.202301161003/tools/bin/../lib/gcc/arm-none-eabi/10.3.1/../../../../arm-none-eabi/lib/thumb/v7e-m+dp/hard/libc_nano.a(lib_a-memchr.o)
                0x00000000080002f0                memchr
 .text          0x0000000008000390       0x30 /opt/st/stm32cubeide_1.12.0/plugins/com.st.stm32cube.ide.mcu.externaltools.gnu-tools-for-stm32.10.3-2021.10.linux64_1.0.200.202301161003/tools/bin/../lib/gcc/arm-none-eabi/10.3.1/thumb/v7e-m+dp/hard/libgcc.a(_aeabi_uldivmod.o)
                0x0000000008000390                __aeabi_uldivmod
 .text          0x00000000080003c0      0x2d0 /opt/st/stm32cubeide_1.12.0/plugins/com.st.stm32cube.ide.mcu.externaltools.gnu-tools-for-stm32.10.3-2021.10.linux64_1.0.200.202301161003/tools/bin/../lib/gcc/arm-none-eabi/10.3.1/thumb/v7e-m+dp/hard/libgcc.a(_udivmoddi4.o)
                0x00000000080003c0                __udivmoddi4
 .text          0x0000000008000690        0x4 /opt/st/stm32cubeide_1.12.0/plugins/com.st.stm32cube.ide.mcu.externaltools.gnu-tools-for-stm32.10.3-2021.10.linux64_1.0.200.202301161003/tools/bin/../lib/gcc/arm-none-eabi/10.3.1/thumb/v7e-m+dp/hard/libgcc.a(_dvmd_tls.o)
                0x0000000008000690                __aeabi_ldiv0
                0x0000000008000690                __aeabi_idiv0
 *(.text*)
 .text.main     0x0000000008000694      0x108 ./Core/Src/main.o
                0x0000000008000694                main
 .text.SystemClock_Config
                0x000000000800079c      0x10c ./Core/Src/main.o
                0x000000000800079c                SystemClock_Config
 .text.MX_DMA2D_Init
                0x00000000080008a8       0x74 ./Core/Src/main.o
 .text.MX_I2C4_Init
                0x000000000800091c       0x80 ./Core/Src/main.o
 .text.MX_LTDC_Init
                0x000000000800099c      0x100 ./Core/Src/main.o
 .text.MX_RTC_Init
                0x0000000008000a9c       0x54 ./Core/Src/main.o
 .text.MX_USART1_UART_Init
                0x0000000008000af0       0x98 ./Core/Src/main.o
 .text.MX_DMA_Init
                0x0000000008000b88       0x40 ./Core/Src/main.o
 .text.MX_GPIO_Init
                0x0000000008000bc8      0x4ec ./Core/Src/main.o
 .text.BSP_CAMERA_FrameEventCallback
                0x00000000080010b4       0x20 ./Core/Src/main.o
                0x00000000080010b4                BSP_CAMERA_FrameEventCallback
 .text.Error_Handler
                0x00000000080010d4        0xa ./Core/Src/main.o
                0x00000000080010d4                Error_Handler
 *fill*         0x00000000080010de        0x2 
 .text.OV5640_RegisterBusIO
                0x00000000080010e0       0x84 ./Core/Src/ov5640.o
                0x00000000080010e0                OV5640_RegisterBusIO
 .text.OV5640_Init
                0x0000000008001164       0xf4 ./Core/Src/ov5640.o
                0x0000000008001164                OV5640_Init
 .text.OV5640_DeInit
                0x0000000008001258       0x28 ./Core/Src/ov5640.o
                0x0000000008001258                OV5640_DeInit
 .text.OV5640_SetPixelFormat
                0x0000000008001280      0x328 ./Core/Src/ov5640.o
                0x0000000008001280                OV5640_SetPixelFormat
 .text.OV5640_GetPixelFormat
                0x00000000080015a8       0x1a ./Core/Src/ov5640.o
                0x00000000080015a8                OV5640_GetPixelFormat
 *fill*         0x00000000080015c2        0x2 
 .text.OV5640_SetResolution
                0x00000000080015c4      0x1ec ./Core/Src/ov5640.o
                0x00000000080015c4                OV5640_SetResolution
 .text.OV5640_GetResolution
                0x00000000080017b0      0x14c ./Core/Src/ov5640.o
                0x00000000080017b0                OV5640_GetResolution
 .text.OV5640_SetPolarities
                0x00000000080018fc       0x8c ./Core/Src/ov5640.o
                0x00000000080018fc                OV5640_SetPolarities
 .text.OV5640_ReadID
                0x0000000008001988       0xa6 ./Core/Src/ov5640.o
                0x0000000008001988                OV5640_ReadID
 .text.OV5640_GetCapabilities
                0x0000000008001a2e       0x66 ./Core/Src/ov5640.o
                0x0000000008001a2e                OV5640_GetCapabilities
 .text.OV5640_SetLightMode
                0x0000000008001a94      0x264 ./Core/Src/ov5640.o
                0x0000000008001a94                OV5640_SetLightMode
 .text.OV5640_SetColorEffect
                0x0000000008001cf8      0x400 ./Core/Src/ov5640.o
                0x0000000008001cf8                OV5640_SetColorEffect
 .text.OV5640_SetBrightness
                0x00000000080020f8       0xe0 ./Core/Src/ov5640.o
                0x00000000080020f8                OV5640_SetBrightness
 .text.OV5640_SetSaturation
                0x00000000080021d8       0xd0 ./Core/Src/ov5640.o
                0x00000000080021d8                OV5640_SetSaturation
 .text.OV5640_SetContrast
                0x00000000080022a8       0xd0 ./Core/Src/ov5640.o
                0x00000000080022a8                OV5640_SetContrast
 .text.OV5640_SetHueDegree
                0x0000000008002378      0x108 ./Core/Src/ov5640.o
                0x0000000008002378                OV5640_SetHueDegree
 .text.OV5640_MirrorFlipConfig
                0x0000000008002480      0x1d2 ./Core/Src/ov5640.o
                0x0000000008002480                OV5640_MirrorFlipConfig
 .text.OV5640_ZoomConfig
                0x0000000008002652       0xd0 ./Core/Src/ov5640.o
                0x0000000008002652                OV5640_ZoomConfig
 .text.OV5640_NightModeConfig
                0x0000000008002722      0x20c ./Core/Src/ov5640.o
                0x0000000008002722                OV5640_NightModeConfig
 .text.OV5640_Delay
                0x000000000800292e       0x34 ./Core/Src/ov5640.o
 .text.OV5640_ReadRegWrap
                0x0000000008002962       0x32 ./Core/Src/ov5640.o
 .text.OV5640_WriteRegWrap
                0x0000000008002994       0x32 ./Core/Src/ov5640.o
 .text.ov5640_read_reg
                0x00000000080029c6       0x2e ./Core/Src/ov5640_reg.o
                0x00000000080029c6                ov5640_read_reg
 .text.ov5640_write_reg
                0x00000000080029f4       0x2e ./Core/Src/ov5640_reg.o
                0x00000000080029f4                ov5640_write_reg
 *fill*         0x0000000008002a22        0x2 
 .text.RetargetInit
                0x0000000008002a24       0x30 ./Core/Src/retarget.o
                0x0000000008002a24                RetargetInit
 .text._isatty  0x0000000008002a54       0x2c ./Core/Src/retarget.o
                0x0000000008002a54                _isatty
 .text._write   0x0000000008002a80       0x58 ./Core/Src/retarget.o
                0x0000000008002a80                _write
 .text._close   0x0000000008002ad8       0x2e ./Core/Src/retarget.o
                0x0000000008002ad8                _close
 *fill*         0x0000000008002b06        0x2 
 .text._read    0x0000000008002b08       0x50 ./Core/Src/retarget.o
                0x0000000008002b08                _read
 .text._fstat   0x0000000008002b58       0x36 ./Core/Src/retarget.o
                0x0000000008002b58                _fstat
 *fill*         0x0000000008002b8e        0x2 
 .text.BSP_I2C4_Init
                0x0000000008002b90       0x74 ./Core/Src/stm32h7b3i_discovery_bus.o
                0x0000000008002b90                BSP_I2C4_Init
 .text.BSP_I2C4_DeInit
                0x0000000008002c04       0x48 ./Core/Src/stm32h7b3i_discovery_bus.o
                0x0000000008002c04                BSP_I2C4_DeInit
 .text.MX_I2C4_Init
                0x0000000008002c4c       0x84 ./Core/Src/stm32h7b3i_discovery_bus.o
                0x0000000008002c4c                MX_I2C4_Init
 .text.BSP_I2C4_WriteReg16
                0x0000000008002cd0       0x5c ./Core/Src/stm32h7b3i_discovery_bus.o
                0x0000000008002cd0                BSP_I2C4_WriteReg16
 .text.BSP_I2C4_ReadReg16
                0x0000000008002d2c       0x5c ./Core/Src/stm32h7b3i_discovery_bus.o
                0x0000000008002d2c                BSP_I2C4_ReadReg16
 .text.BSP_GetTick
                0x0000000008002d88        0xe ./Core/Src/stm32h7b3i_discovery_bus.o
                0x0000000008002d88                BSP_GetTick
 *fill*         0x0000000008002d96        0x2 
 .text.I2C_GetTiming
                0x0000000008002d98      0x100 ./Core/Src/stm32h7b3i_discovery_bus.o
 .text.I2C_Compute_PRESC_SCLDEL_SDADEL
                0x0000000008002e98      0x1dc ./Core/Src/stm32h7b3i_discovery_bus.o
 .text.I2C_Compute_SCLL_SCLH
                0x0000000008003074      0x210 ./Core/Src/stm32h7b3i_discovery_bus.o
 .text.I2C4_MspInit
                0x0000000008003284       0xd8 ./Core/Src/stm32h7b3i_discovery_bus.o
 .text.I2C4_MspDeInit
                0x000000000800335c       0x48 ./Core/Src/stm32h7b3i_discovery_bus.o
 .text.I2C4_WriteReg
                0x00000000080033a4       0x4c ./Core/Src/stm32h7b3i_discovery_bus.o
 .text.I2C4_ReadReg
                0x00000000080033f0       0x4c ./Core/Src/stm32h7b3i_discovery_bus.o
 .text.BSP_CAMERA_Init
                0x000000000800343c       0x9c ./Core/Src/stm32h7b3i_discovery_camera.o
                0x000000000800343c                BSP_CAMERA_Init
 .text.MX_DCMI_Init
                0x00000000080034d8       0x50 ./Core/Src/stm32h7b3i_discovery_camera.o
                0x00000000080034d8                MX_DCMI_Init
 .text.BSP_CAMERA_Start
                0x0000000008003528       0x7c ./Core/Src/stm32h7b3i_discovery_camera.o
                0x0000000008003528                BSP_CAMERA_Start
 .text.BSP_CAMERA_SetLightMode
                0x00000000080035a4       0x7c ./Core/Src/stm32h7b3i_discovery_camera.o
                0x00000000080035a4                BSP_CAMERA_SetLightMode
 .text.BSP_CAMERA_SetColorEffect
                0x0000000008003620       0x7c ./Core/Src/stm32h7b3i_discovery_camera.o
                0x0000000008003620                BSP_CAMERA_SetColorEffect
 .text.BSP_CAMERA_SetHueDegree
                0x000000000800369c       0x88 ./Core/Src/stm32h7b3i_discovery_camera.o
                0x000000000800369c                BSP_CAMERA_SetHueDegree
 .text.BSP_CAMERA_HwReset
                0x0000000008003724       0x26 ./Core/Src/stm32h7b3i_discovery_camera.o
                0x0000000008003724                BSP_CAMERA_HwReset
 .text.BSP_CAMERA_PwrDown
                0x000000000800374a       0x26 ./Core/Src/stm32h7b3i_discovery_camera.o
                0x000000000800374a                BSP_CAMERA_PwrDown
 .text.BSP_CAMERA_LineEventCallback
                0x0000000008003770       0x14 ./Core/Src/stm32h7b3i_discovery_camera.o
                0x0000000008003770                BSP_CAMERA_LineEventCallback
 .text.BSP_CAMERA_VsyncEventCallback
                0x0000000008003784       0x14 ./Core/Src/stm32h7b3i_discovery_camera.o
                0x0000000008003784                BSP_CAMERA_VsyncEventCallback
 .text.BSP_CAMERA_ErrorCallback
                0x0000000008003798       0x14 ./Core/Src/stm32h7b3i_discovery_camera.o
                0x0000000008003798                BSP_CAMERA_ErrorCallback
 .text.HAL_DCMI_LineEventCallback
                0x00000000080037ac       0x16 ./Core/Src/stm32h7b3i_discovery_camera.o
                0x00000000080037ac                HAL_DCMI_LineEventCallback
 .text.HAL_DCMI_FrameEventCallback
                0x00000000080037c2       0x16 ./Core/Src/stm32h7b3i_discovery_camera.o
                0x00000000080037c2                HAL_DCMI_FrameEventCallback
 .text.HAL_DCMI_VsyncEventCallback
                0x00000000080037d8       0x16 ./Core/Src/stm32h7b3i_discovery_camera.o
                0x00000000080037d8                HAL_DCMI_VsyncEventCallback
 .text.HAL_DCMI_ErrorCallback
                0x00000000080037ee       0x16 ./Core/Src/stm32h7b3i_discovery_camera.o
                0x00000000080037ee                HAL_DCMI_ErrorCallback
 .text.GetSize  0x0000000008003804       0xa4 ./Core/Src/stm32h7b3i_discovery_camera.o
 .text.DCMI_MspInit
                0x00000000080038a8      0x20c ./Core/Src/stm32h7b3i_discovery_camera.o
 .text.OV5640_Probe
                0x0000000008003ab4       0xe8 ./Core/Src/stm32h7b3i_discovery_camera.o
 .text.HAL_MspInit
                0x0000000008003b9c       0x34 ./Core/Src/stm32h7xx_hal_msp.o
                0x0000000008003b9c                HAL_MspInit
 .text.HAL_DCMI_MspInit
                0x0000000008003bd0      0x21c ./Core/Src/stm32h7xx_hal_msp.o
                0x0000000008003bd0                HAL_DCMI_MspInit
 .text.HAL_DMA2D_MspInit
                0x0000000008003dec       0x50 ./Core/Src/stm32h7xx_hal_msp.o
                0x0000000008003dec                HAL_DMA2D_MspInit
 .text.HAL_I2C_MspInit
                0x0000000008003e3c       0xf4 ./Core/Src/stm32h7xx_hal_msp.o
                0x0000000008003e3c                HAL_I2C_MspInit
 .text.HAL_I2C_MspDeInit
                0x0000000008003f30       0x58 ./Core/Src/stm32h7xx_hal_msp.o
                0x0000000008003f30                HAL_I2C_MspDeInit
 .text.HAL_LTDC_MspInit
                0x0000000008003f88      0x1ac ./Core/Src/stm32h7xx_hal_msp.o
                0x0000000008003f88                HAL_LTDC_MspInit
 .text.HAL_RTC_MspInit
                0x0000000008004134       0x64 ./Core/Src/stm32h7xx_hal_msp.o
                0x0000000008004134                HAL_RTC_MspInit
 .text.HAL_UART_MspInit
                0x0000000008004198       0xe4 ./Core/Src/stm32h7xx_hal_msp.o
                0x0000000008004198                HAL_UART_MspInit
 .text.NMI_Handler
                0x000000000800427c        0x6 ./Core/Src/stm32h7xx_it.o
                0x000000000800427c                NMI_Handler
 .text.HardFault_Handler
                0x0000000008004282        0x6 ./Core/Src/stm32h7xx_it.o
                0x0000000008004282                HardFault_Handler
 .text.MemManage_Handler
                0x0000000008004288        0x6 ./Core/Src/stm32h7xx_it.o
                0x0000000008004288                MemManage_Handler
 .text.BusFault_Handler
                0x000000000800428e        0x6 ./Core/Src/stm32h7xx_it.o
                0x000000000800428e                BusFault_Handler
 .text.UsageFault_Handler
                0x0000000008004294        0x6 ./Core/Src/stm32h7xx_it.o
                0x0000000008004294                UsageFault_Handler
 .text.SVC_Handler
                0x000000000800429a        0xe ./Core/Src/stm32h7xx_it.o
                0x000000000800429a                SVC_Handler
 .text.DebugMon_Handler
                0x00000000080042a8        0xe ./Core/Src/stm32h7xx_it.o
                0x00000000080042a8                DebugMon_Handler
 .text.PendSV_Handler
                0x00000000080042b6        0xe ./Core/Src/stm32h7xx_it.o
                0x00000000080042b6                PendSV_Handler
 .text.SysTick_Handler
                0x00000000080042c4        0xc ./Core/Src/stm32h7xx_it.o
                0x00000000080042c4                SysTick_Handler
 .text.USART1_IRQHandler
                0x00000000080042d0       0x14 ./Core/Src/stm32h7xx_it.o
                0x00000000080042d0                USART1_IRQHandler
 .text.DMA2_Stream1_IRQHandler
                0x00000000080042e4       0x14 ./Core/Src/stm32h7xx_it.o
                0x00000000080042e4                DMA2_Stream1_IRQHandler
 .text.DCMI_PSSI_IRQHandler
                0x00000000080042f8       0x14 ./Core/Src/stm32h7xx_it.o
                0x00000000080042f8                DCMI_PSSI_IRQHandler
 .text.LTDC_IRQHandler
                0x000000000800430c       0x14 ./Core/Src/stm32h7xx_it.o
                0x000000000800430c                LTDC_IRQHandler
 .text.LTDC_ER_IRQHandler
                0x0000000008004320       0x14 ./Core/Src/stm32h7xx_it.o
                0x0000000008004320                LTDC_ER_IRQHandler
 .text.DMA2D_IRQHandler
                0x0000000008004334       0x14 ./Core/Src/stm32h7xx_it.o
                0x0000000008004334                DMA2D_IRQHandler
 .text.I2C4_EV_IRQHandler
                0x0000000008004348       0x14 ./Core/Src/stm32h7xx_it.o
                0x0000000008004348                I2C4_EV_IRQHandler
 .text.I2C4_ER_IRQHandler
                0x000000000800435c       0x14 ./Core/Src/stm32h7xx_it.o
                0x000000000800435c                I2C4_ER_IRQHandler
 .text._lseek   0x0000000008004370       0x1a ./Core/Src/syscalls.o
                0x0000000008004370                _lseek
 *fill*         0x000000000800438a        0x2 
 .text._sbrk    0x000000000800438c       0x6c ./Core/Src/sysmem.o
                0x000000000800438c                _sbrk
 .text.SystemInit
                0x00000000080043f8       0xf0 ./Core/Src/system_stm32h7xx.o
                0x00000000080043f8                SystemInit
 .text.Reset_Handler
                0x00000000080044e8       0x50 ./Core/Startup/startup_stm32h7b3lihxq.o
                0x00000000080044e8                Reset_Handler
 .text.Default_Handler
                0x0000000008004538        0x2 ./Core/Startup/startup_stm32h7b3lihxq.o
                0x0000000008004538                RTC_Alarm_IRQHandler
                0x0000000008004538                HASH_RNG_IRQHandler
                0x0000000008004538                EXTI2_IRQHandler
                0x0000000008004538                TIM8_CC_IRQHandler
                0x0000000008004538                UART8_IRQHandler
                0x0000000008004538                BDMA2_Channel1_IRQHandler
                0x0000000008004538                SPI4_IRQHandler
                0x0000000008004538                BDMA2_Channel0_IRQHandler
                0x0000000008004538                TIM1_CC_IRQHandler
                0x0000000008004538                DMA2_Stream5_IRQHandler
                0x0000000008004538                JPEG_IRQHandler
                0x0000000008004538                DMA1_Stream5_IRQHandler
                0x0000000008004538                EXTI3_IRQHandler
                0x0000000008004538                LPTIM4_IRQHandler
                0x0000000008004538                TIM8_TRG_COM_TIM14_IRQHandler
                0x0000000008004538                LPTIM2_IRQHandler
                0x0000000008004538                DFSDM1_FLT1_IRQHandler
                0x0000000008004538                DMAMUX2_OVR_IRQHandler
                0x0000000008004538                GFXMMU_IRQHandler
                0x0000000008004538                TIM8_UP_TIM13_IRQHandler
                0x0000000008004538                I2C3_ER_IRQHandler
                0x0000000008004538                DFSDM1_FLT2_IRQHandler
                0x0000000008004538                USART10_IRQHandler
                0x0000000008004538                MDMA_IRQHandler
                0x0000000008004538                LPTIM3_IRQHandler
                0x0000000008004538                BDMA2_Channel3_IRQHandler
                0x0000000008004538                HSEM1_IRQHandler
                0x0000000008004538                EXTI0_IRQHandler
                0x0000000008004538                I2C2_EV_IRQHandler
                0x0000000008004538                DAC2_IRQHandler
                0x0000000008004538                DMA1_Stream2_IRQHandler
                0x0000000008004538                FPU_IRQHandler
                0x0000000008004538                OTG_HS_WKUP_IRQHandler
                0x0000000008004538                FDCAN1_IT1_IRQHandler
                0x0000000008004538                DMA2_Stream2_IRQHandler
                0x0000000008004538                SPI1_IRQHandler
                0x0000000008004538                OCTOSPI1_IRQHandler
                0x0000000008004538                TIM6_DAC_IRQHandler
                0x0000000008004538                BDMA2_Channel6_IRQHandler
                0x0000000008004538                DMA2_Stream3_IRQHandler
                0x0000000008004538                OCTOSPI2_IRQHandler
                0x0000000008004538                SAI2_IRQHandler
                0x0000000008004538                BDMA1_IRQHandler
                0x0000000008004538                DFSDM1_FLT3_IRQHandler
                0x0000000008004538                USART6_IRQHandler
                0x0000000008004538                TIM17_IRQHandler
                0x0000000008004538                USART3_IRQHandler
                0x0000000008004538                CRYP_IRQHandler
                0x0000000008004538                LPTIM5_IRQHandler
                0x0000000008004538                UART5_IRQHandler
                0x0000000008004538                DMA2_Stream0_IRQHandler
                0x0000000008004538                TIM4_IRQHandler
                0x0000000008004538                I2C1_EV_IRQHandler
                0x0000000008004538                DMA1_Stream6_IRQHandler
                0x0000000008004538                DMAMUX1_OVR_IRQHandler
                0x0000000008004538                DMA1_Stream1_IRQHandler
                0x0000000008004538                TIM16_IRQHandler
                0x0000000008004538                UART4_IRQHandler
                0x0000000008004538                TIM3_IRQHandler
                0x0000000008004538                RCC_IRQHandler
                0x0000000008004538                UART9_IRQHandler
                0x0000000008004538                TIM8_BRK_TIM12_IRQHandler
                0x0000000008004538                TIM1_TRG_COM_IRQHandler
                0x0000000008004538                Default_Handler
                0x0000000008004538                ECC_IRQHandler
                0x0000000008004538                BDMA2_Channel2_IRQHandler
                0x0000000008004538                CEC_IRQHandler
                0x0000000008004538                EXTI15_10_IRQHandler
                0x0000000008004538                DFSDM1_FLT4_IRQHandler
                0x0000000008004538                ADC_IRQHandler
                0x0000000008004538                OTFDEC1_IRQHandler
                0x0000000008004538                DMA1_Stream7_IRQHandler
                0x0000000008004538                SPI5_IRQHandler
                0x0000000008004538                TIM7_IRQHandler
                0x0000000008004538                SDMMC1_IRQHandler
                0x0000000008004538                TIM5_IRQHandler
                0x0000000008004538                DMA2_Stream7_IRQHandler
                0x0000000008004538                TIM15_IRQHandler
                0x0000000008004538                I2C3_EV_IRQHandler
                0x0000000008004538                DFSDM2_IRQHandler
                0x0000000008004538                EXTI9_5_IRQHandler
                0x0000000008004538                RTC_WKUP_IRQHandler
                0x0000000008004538                SPDIF_RX_IRQHandler
                0x0000000008004538                PVD_PVM_IRQHandler
                0x0000000008004538                SPI2_IRQHandler
                0x0000000008004538                OTG_HS_EP1_IN_IRQHandler
                0x0000000008004538                DFSDM1_FLT5_IRQHandler
                0x0000000008004538                DMA1_Stream0_IRQHandler
                0x0000000008004538                OTFDEC2_IRQHandler
                0x0000000008004538                CRS_IRQHandler
                0x0000000008004538                EXTI4_IRQHandler
                0x0000000008004538                DFSDM1_FLT6_IRQHandler
                0x0000000008004538                FDCAN2_IT1_IRQHandler
                0x0000000008004538                COMP_IRQHandler
                0x0000000008004538                TIM1_UP_IRQHandler
                0x0000000008004538                OTG_HS_EP1_OUT_IRQHandler
                0x0000000008004538                WWDG_IRQHandler
                0x0000000008004538                SPI6_IRQHandler
                0x0000000008004538                MDIOS_IRQHandler
                0x0000000008004538                FDCAN2_IT0_IRQHandler
                0x0000000008004538                LPUART1_IRQHandler
                0x0000000008004538                FDCAN1_IT0_IRQHandler
                0x0000000008004538                TIM2_IRQHandler
                0x0000000008004538                BDMA2_Channel5_IRQHandler
                0x0000000008004538                OTG_HS_IRQHandler
                0x0000000008004538                TIM1_BRK_IRQHandler
                0x0000000008004538                EXTI1_IRQHandler
                0x0000000008004538                SDMMC2_IRQHandler
                0x0000000008004538                DTS_IRQHandler
                0x0000000008004538                UART7_IRQHandler
                0x0000000008004538                MDIOS_WKUP_IRQHandler
                0x0000000008004538                USART2_IRQHandler
                0x0000000008004538                DFSDM1_FLT0_IRQHandler
                0x0000000008004538                I2C2_ER_IRQHandler
                0x0000000008004538                DFSDM1_FLT7_IRQHandler
                0x0000000008004538                FLASH_IRQHandler
                0x0000000008004538                DMA2_Stream4_IRQHandler
                0x0000000008004538                SPI3_IRQHandler
                0x0000000008004538                WAKEUP_PIN_IRQHandler
                0x0000000008004538                DMA1_Stream4_IRQHandler
                0x0000000008004538                I2C1_ER_IRQHandler
                0x0000000008004538                FMC_IRQHandler
                0x0000000008004538                BDMA2_Channel7_IRQHandler
                0x0000000008004538                FDCAN_CAL_IRQHandler
                0x0000000008004538                SWPMI1_IRQHandler
                0x0000000008004538                LPTIM1_IRQHandler
                0x0000000008004538                DMA2_Stream6_IRQHandler
                0x0000000008004538                SAI1_IRQHandler
                0x0000000008004538                DMA1_Stream3_IRQHandler
                0x0000000008004538                RTC_TAMP_STAMP_CSS_LSE_IRQHandler
                0x0000000008004538                BDMA2_Channel4_IRQHandler
 *fill*         0x000000000800453a        0x2 
 .text.HAL_Init
                0x000000000800453c       0x78 ./Drivers/STM32H7xx_HAL_Driver/Src/stm32h7xx_hal.o
                0x000000000800453c                HAL_Init
 .text.HAL_InitTick
                0x00000000080045b4       0x6c ./Drivers/STM32H7xx_HAL_Driver/Src/stm32h7xx_hal.o
                0x00000000080045b4                HAL_InitTick
 .text.HAL_IncTick
                0x0000000008004620       0x28 ./Drivers/STM32H7xx_HAL_Driver/Src/stm32h7xx_hal.o
                0x0000000008004620                HAL_IncTick
 .text.HAL_GetTick
                0x0000000008004648       0x18 ./Drivers/STM32H7xx_HAL_Driver/Src/stm32h7xx_hal.o
                0x0000000008004648                HAL_GetTick
 .text.HAL_Delay
                0x0000000008004660       0x48 ./Drivers/STM32H7xx_HAL_Driver/Src/stm32h7xx_hal.o
                0x0000000008004660                HAL_Delay
 .text.__NVIC_SetPriorityGrouping
                0x00000000080046a8       0x48 ./Drivers/STM32H7xx_HAL_Driver/Src/stm32h7xx_hal_cortex.o
 .text.__NVIC_GetPriorityGrouping
                0x00000000080046f0       0x1c ./Drivers/STM32H7xx_HAL_Driver/Src/stm32h7xx_hal_cortex.o
 .text.__NVIC_EnableIRQ
                0x000000000800470c       0x3c ./Drivers/STM32H7xx_HAL_Driver/Src/stm32h7xx_hal_cortex.o
 .text.__NVIC_DisableIRQ
                0x0000000008004748       0x48 ./Drivers/STM32H7xx_HAL_Driver/Src/stm32h7xx_hal_cortex.o
 .text.__NVIC_SetPriority
                0x0000000008004790       0x54 ./Drivers/STM32H7xx_HAL_Driver/Src/stm32h7xx_hal_cortex.o
 .text.NVIC_EncodePriority
                0x00000000080047e4       0x66 ./Drivers/STM32H7xx_HAL_Driver/Src/stm32h7xx_hal_cortex.o
 *fill*         0x000000000800484a        0x2 
 .text.SysTick_Config
                0x000000000800484c       0x44 ./Drivers/STM32H7xx_HAL_Driver/Src/stm32h7xx_hal_cortex.o
 .text.HAL_NVIC_SetPriorityGrouping
                0x0000000008004890       0x16 ./Drivers/STM32H7xx_HAL_Driver/Src/stm32h7xx_hal_cortex.o
                0x0000000008004890                HAL_NVIC_SetPriorityGrouping
 .text.HAL_NVIC_SetPriority
                0x00000000080048a6       0x34 ./Drivers/STM32H7xx_HAL_Driver/Src/stm32h7xx_hal_cortex.o
                0x00000000080048a6                HAL_NVIC_SetPriority
 .text.HAL_NVIC_EnableIRQ
                0x00000000080048da       0x1c ./Drivers/STM32H7xx_HAL_Driver/Src/stm32h7xx_hal_cortex.o
                0x00000000080048da                HAL_NVIC_EnableIRQ
 .text.HAL_NVIC_DisableIRQ
                0x00000000080048f6       0x1c ./Drivers/STM32H7xx_HAL_Driver/Src/stm32h7xx_hal_cortex.o
                0x00000000080048f6                HAL_NVIC_DisableIRQ
 .text.HAL_SYSTICK_Config
                0x0000000008004912       0x18 ./Drivers/STM32H7xx_HAL_Driver/Src/stm32h7xx_hal_cortex.o
                0x0000000008004912                HAL_SYSTICK_Config
 *fill*         0x000000000800492a        0x2 
 .text.HAL_DCMI_Init
                0x000000000800492c       0xf4 ./Drivers/STM32H7xx_HAL_Driver/Src/stm32h7xx_hal_dcmi.o
                0x000000000800492c                HAL_DCMI_Init
 .text.HAL_DCMI_Start_DMA
                0x0000000008004a20      0x184 ./Drivers/STM32H7xx_HAL_Driver/Src/stm32h7xx_hal_dcmi.o
                0x0000000008004a20                HAL_DCMI_Start_DMA
 .text.HAL_DCMI_IRQHandler
                0x0000000008004ba4      0x104 ./Drivers/STM32H7xx_HAL_Driver/Src/stm32h7xx_hal_dcmi.o
                0x0000000008004ba4                HAL_DCMI_IRQHandler
 .text.DCMI_DMAXferCplt
                0x0000000008004ca8      0x126 ./Drivers/STM32H7xx_HAL_Driver/Src/stm32h7xx_hal_dcmi.o
 .text.DCMI_DMAError
                0x0000000008004dce       0x3a ./Drivers/STM32H7xx_HAL_Driver/Src/stm32h7xx_hal_dcmi.o
 .text.HAL_DMA_Init
                0x0000000008004e08      0x720 ./Drivers/STM32H7xx_HAL_Driver/Src/stm32h7xx_hal_dma.o
                0x0000000008004e08                HAL_DMA_Init
 .text.HAL_DMA_Start_IT
                0x0000000008005528      0x4d4 ./Drivers/STM32H7xx_HAL_Driver/Src/stm32h7xx_hal_dma.o
                0x0000000008005528                HAL_DMA_Start_IT
 .text.HAL_DMA_Abort
                0x00000000080059fc      0x63c ./Drivers/STM32H7xx_HAL_Driver/Src/stm32h7xx_hal_dma.o
                0x00000000080059fc                HAL_DMA_Abort
 .text.HAL_DMA_Abort_IT
                0x0000000008006038      0x48c ./Drivers/STM32H7xx_HAL_Driver/Src/stm32h7xx_hal_dma.o
                0x0000000008006038                HAL_DMA_Abort_IT
 .text.HAL_DMA_IRQHandler
                0x00000000080064c4      0xec4 ./Drivers/STM32H7xx_HAL_Driver/Src/stm32h7xx_hal_dma.o
                0x00000000080064c4                HAL_DMA_IRQHandler
 .text.HAL_DMA_GetState
                0x0000000008007388       0x1c ./Drivers/STM32H7xx_HAL_Driver/Src/stm32h7xx_hal_dma.o
                0x0000000008007388                HAL_DMA_GetState
 .text.DMA_SetConfig
                0x00000000080073a4      0x3c8 ./Drivers/STM32H7xx_HAL_Driver/Src/stm32h7xx_hal_dma.o
 .text.DMA_CalcBaseAndBitshift
                0x000000000800776c      0x164 ./Drivers/STM32H7xx_HAL_Driver/Src/stm32h7xx_hal_dma.o
 .text.DMA_CheckFifoParam
                0x00000000080078d0       0xf8 ./Drivers/STM32H7xx_HAL_Driver/Src/stm32h7xx_hal_dma.o
 .text.DMA_CalcDMAMUXChannelBaseAndMask
                0x00000000080079c8      0x134 ./Drivers/STM32H7xx_HAL_Driver/Src/stm32h7xx_hal_dma.o
 .text.DMA_CalcDMAMUXRequestGenBaseAndMask
                0x0000000008007afc       0xe8 ./Drivers/STM32H7xx_HAL_Driver/Src/stm32h7xx_hal_dma.o
 .text.HAL_DMA2D_Init
                0x0000000008007be4       0xc8 ./Drivers/STM32H7xx_HAL_Driver/Src/stm32h7xx_hal_dma2d.o
                0x0000000008007be4                HAL_DMA2D_Init
 .text.HAL_DMA2D_IRQHandler
                0x0000000008007cac      0x1f8 ./Drivers/STM32H7xx_HAL_Driver/Src/stm32h7xx_hal_dma2d.o
                0x0000000008007cac                HAL_DMA2D_IRQHandler
 .text.HAL_DMA2D_LineEventCallback
                0x0000000008007ea4       0x14 ./Drivers/STM32H7xx_HAL_Driver/Src/stm32h7xx_hal_dma2d.o
                0x0000000008007ea4                HAL_DMA2D_LineEventCallback
 .text.HAL_DMA2D_CLUTLoadingCpltCallback
                0x0000000008007eb8       0x14 ./Drivers/STM32H7xx_HAL_Driver/Src/stm32h7xx_hal_dma2d.o
                0x0000000008007eb8                HAL_DMA2D_CLUTLoadingCpltCallback
 .text.HAL_DMA2D_ConfigLayer
                0x0000000008007ecc      0x15c ./Drivers/STM32H7xx_HAL_Driver/Src/stm32h7xx_hal_dma2d.o
                0x0000000008007ecc                HAL_DMA2D_ConfigLayer
 .text.HAL_DMAEx_MultiBufferStart_IT
                0x0000000008008028      0x6bc ./Drivers/STM32H7xx_HAL_Driver/Src/stm32h7xx_hal_dma_ex.o
                0x0000000008008028                HAL_DMAEx_MultiBufferStart_IT
 .text.HAL_DMAEx_ChangeMemory
                0x00000000080086e4      0x138 ./Drivers/STM32H7xx_HAL_Driver/Src/stm32h7xx_hal_dma_ex.o
                0x00000000080086e4                HAL_DMAEx_ChangeMemory
 .text.DMA_MultiBufferSetConfig
                0x000000000800881c      0x16c ./Drivers/STM32H7xx_HAL_Driver/Src/stm32h7xx_hal_dma_ex.o
 .text.HAL_GPIO_Init
                0x0000000008008988      0x360 ./Drivers/STM32H7xx_HAL_Driver/Src/stm32h7xx_hal_gpio.o
                0x0000000008008988                HAL_GPIO_Init
 .text.HAL_GPIO_DeInit
                0x0000000008008ce8      0x214 ./Drivers/STM32H7xx_HAL_Driver/Src/stm32h7xx_hal_gpio.o
                0x0000000008008ce8                HAL_GPIO_DeInit
 .text.HAL_GPIO_WritePin
                0x0000000008008efc       0x32 ./Drivers/STM32H7xx_HAL_Driver/Src/stm32h7xx_hal_gpio.o
                0x0000000008008efc                HAL_GPIO_WritePin
 *fill*         0x0000000008008f2e        0x2 
 .text.HAL_I2C_Init
                0x0000000008008f30      0x120 ./Drivers/STM32H7xx_HAL_Driver/Src/stm32h7xx_hal_i2c.o
                0x0000000008008f30                HAL_I2C_Init
 .text.HAL_I2C_DeInit
                0x0000000008009050       0x5e ./Drivers/STM32H7xx_HAL_Driver/Src/stm32h7xx_hal_i2c.o
                0x0000000008009050                HAL_I2C_DeInit
 *fill*         0x00000000080090ae        0x2 
 .text.HAL_I2C_Mem_Write
                0x00000000080090b0      0x228 ./Drivers/STM32H7xx_HAL_Driver/Src/stm32h7xx_hal_i2c.o
                0x00000000080090b0                HAL_I2C_Mem_Write
 .text.HAL_I2C_Mem_Read
                0x00000000080092d8      0x234 ./Drivers/STM32H7xx_HAL_Driver/Src/stm32h7xx_hal_i2c.o
                0x00000000080092d8                HAL_I2C_Mem_Read
 .text.HAL_I2C_EV_IRQHandler
                0x000000000800950c       0x34 ./Drivers/STM32H7xx_HAL_Driver/Src/stm32h7xx_hal_i2c.o
                0x000000000800950c                HAL_I2C_EV_IRQHandler
 .text.HAL_I2C_ER_IRQHandler
                0x0000000008009540       0xc2 ./Drivers/STM32H7xx_HAL_Driver/Src/stm32h7xx_hal_i2c.o
                0x0000000008009540                HAL_I2C_ER_IRQHandler
 .text.HAL_I2C_SlaveTxCpltCallback
                0x0000000008009602       0x14 ./Drivers/STM32H7xx_HAL_Driver/Src/stm32h7xx_hal_i2c.o
                0x0000000008009602                HAL_I2C_SlaveTxCpltCallback
 .text.HAL_I2C_SlaveRxCpltCallback
                0x0000000008009616       0x14 ./Drivers/STM32H7xx_HAL_Driver/Src/stm32h7xx_hal_i2c.o
                0x0000000008009616                HAL_I2C_SlaveRxCpltCallback
 .text.HAL_I2C_AddrCallback
                0x000000000800962a       0x1c ./Drivers/STM32H7xx_HAL_Driver/Src/stm32h7xx_hal_i2c.o
                0x000000000800962a                HAL_I2C_AddrCallback
 .text.HAL_I2C_ListenCpltCallback
                0x0000000008009646       0x14 ./Drivers/STM32H7xx_HAL_Driver/Src/stm32h7xx_hal_i2c.o
                0x0000000008009646                HAL_I2C_ListenCpltCallback
 .text.HAL_I2C_ErrorCallback
                0x000000000800965a       0x14 ./Drivers/STM32H7xx_HAL_Driver/Src/stm32h7xx_hal_i2c.o
                0x000000000800965a                HAL_I2C_ErrorCallback
 .text.HAL_I2C_AbortCpltCallback
                0x000000000800966e       0x14 ./Drivers/STM32H7xx_HAL_Driver/Src/stm32h7xx_hal_i2c.o
                0x000000000800966e                HAL_I2C_AbortCpltCallback
 .text.HAL_I2C_GetState
                0x0000000008009682       0x1c ./Drivers/STM32H7xx_HAL_Driver/Src/stm32h7xx_hal_i2c.o
                0x0000000008009682                HAL_I2C_GetState
 .text.HAL_I2C_GetError
                0x000000000800969e       0x18 ./Drivers/STM32H7xx_HAL_Driver/Src/stm32h7xx_hal_i2c.o
                0x000000000800969e                HAL_I2C_GetError
 .text.I2C_Slave_ISR_IT
                0x00000000080096b6      0x206 ./Drivers/STM32H7xx_HAL_Driver/Src/stm32h7xx_hal_i2c.o
 .text.I2C_RequestMemoryWrite
                0x00000000080098bc       0xa8 ./Drivers/STM32H7xx_HAL_Driver/Src/stm32h7xx_hal_i2c.o
 .text.I2C_RequestMemoryRead
                0x0000000008009964       0xa8 ./Drivers/STM32H7xx_HAL_Driver/Src/stm32h7xx_hal_i2c.o
 .text.I2C_ITAddrCplt
                0x0000000008009a0c      0x108 ./Drivers/STM32H7xx_HAL_Driver/Src/stm32h7xx_hal_i2c.o
 .text.I2C_ITSlaveSeqCplt
                0x0000000008009b14       0xbc ./Drivers/STM32H7xx_HAL_Driver/Src/stm32h7xx_hal_i2c.o
 .text.I2C_ITSlaveCplt
                0x0000000008009bd0      0x3f0 ./Drivers/STM32H7xx_HAL_Driver/Src/stm32h7xx_hal_i2c.o
 .text.I2C_ITListenCplt
                0x0000000008009fc0       0xac ./Drivers/STM32H7xx_HAL_Driver/Src/stm32h7xx_hal_i2c.o
 .text.I2C_ITError
                0x000000000800a06c      0x1e0 ./Drivers/STM32H7xx_HAL_Driver/Src/stm32h7xx_hal_i2c.o
 .text.I2C_TreatErrorCallback
                0x000000000800a24c       0x4e ./Drivers/STM32H7xx_HAL_Driver/Src/stm32h7xx_hal_i2c.o
 .text.I2C_Flush_TXDR
                0x000000000800a29a       0x48 ./Drivers/STM32H7xx_HAL_Driver/Src/stm32h7xx_hal_i2c.o
 .text.I2C_DMAAbort
                0x000000000800a2e2       0x3c ./Drivers/STM32H7xx_HAL_Driver/Src/stm32h7xx_hal_i2c.o
 .text.I2C_WaitOnFlagUntilTimeout
                0x000000000800a31e       0x9e ./Drivers/STM32H7xx_HAL_Driver/Src/stm32h7xx_hal_i2c.o
 .text.I2C_WaitOnTXISFlagUntilTimeout
                0x000000000800a3bc       0x8e ./Drivers/STM32H7xx_HAL_Driver/Src/stm32h7xx_hal_i2c.o
 .text.I2C_WaitOnSTOPFlagUntilTimeout
                0x000000000800a44a       0x86 ./Drivers/STM32H7xx_HAL_Driver/Src/stm32h7xx_hal_i2c.o
 .text.I2C_IsErrorOccurred
                0x000000000800a4d0      0x1c0 ./Drivers/STM32H7xx_HAL_Driver/Src/stm32h7xx_hal_i2c.o
 .text.I2C_TransferConfig
                0x000000000800a690       0x64 ./Drivers/STM32H7xx_HAL_Driver/Src/stm32h7xx_hal_i2c.o
 .text.I2C_Disable_IRQ
                0x000000000800a6f4       0xbc ./Drivers/STM32H7xx_HAL_Driver/Src/stm32h7xx_hal_i2c.o
 .text.HAL_I2CEx_ConfigAnalogFilter
                0x000000000800a7b0       0x96 ./Drivers/STM32H7xx_HAL_Driver/Src/stm32h7xx_hal_i2c_ex.o
                0x000000000800a7b0                HAL_I2CEx_ConfigAnalogFilter
 .text.HAL_I2CEx_ConfigDigitalFilter
                0x000000000800a846       0x98 ./Drivers/STM32H7xx_HAL_Driver/Src/stm32h7xx_hal_i2c_ex.o
                0x000000000800a846                HAL_I2CEx_ConfigDigitalFilter
 *fill*         0x000000000800a8de        0x2 
 .text.HAL_LTDC_Init
                0x000000000800a8e0      0x1a0 ./Drivers/STM32H7xx_HAL_Driver/Src/stm32h7xx_hal_ltdc.o
                0x000000000800a8e0                HAL_LTDC_Init
 .text.HAL_LTDC_IRQHandler
                0x000000000800aa80      0x148 ./Drivers/STM32H7xx_HAL_Driver/Src/stm32h7xx_hal_ltdc.o
                0x000000000800aa80                HAL_LTDC_IRQHandler
 .text.HAL_LTDC_ErrorCallback
                0x000000000800abc8       0x14 ./Drivers/STM32H7xx_HAL_Driver/Src/stm32h7xx_hal_ltdc.o
                0x000000000800abc8                HAL_LTDC_ErrorCallback
 .text.HAL_LTDC_LineEventCallback
                0x000000000800abdc       0x14 ./Drivers/STM32H7xx_HAL_Driver/Src/stm32h7xx_hal_ltdc.o
                0x000000000800abdc                HAL_LTDC_LineEventCallback
 .text.HAL_LTDC_ReloadEventCallback
                0x000000000800abf0       0x14 ./Drivers/STM32H7xx_HAL_Driver/Src/stm32h7xx_hal_ltdc.o
                0x000000000800abf0                HAL_LTDC_ReloadEventCallback
 .text.HAL_LTDC_ConfigLayer
                0x000000000800ac04       0x7c ./Drivers/STM32H7xx_HAL_Driver/Src/stm32h7xx_hal_ltdc.o
                0x000000000800ac04                HAL_LTDC_ConfigLayer
 .text.LTDC_SetConfig
                0x000000000800ac80      0x334 ./Drivers/STM32H7xx_HAL_Driver/Src/stm32h7xx_hal_ltdc.o
 .text.HAL_PWR_EnableBkUpAccess
                0x000000000800afb4       0x20 ./Drivers/STM32H7xx_HAL_Driver/Src/stm32h7xx_hal_pwr.o
                0x000000000800afb4                HAL_PWR_EnableBkUpAccess
 .text.HAL_PWREx_ConfigSupply
                0x000000000800afd4       0xb4 ./Drivers/STM32H7xx_HAL_Driver/Src/stm32h7xx_hal_pwr_ex.o
                0x000000000800afd4                HAL_PWREx_ConfigSupply
 .text.HAL_RCC_OscConfig
                0x000000000800b088      0x864 ./Drivers/STM32H7xx_HAL_Driver/Src/stm32h7xx_hal_rcc.o
                0x000000000800b088                HAL_RCC_OscConfig
 .text.HAL_RCC_ClockConfig
                0x000000000800b8ec      0x36c ./Drivers/STM32H7xx_HAL_Driver/Src/stm32h7xx_hal_rcc.o
                0x000000000800b8ec                HAL_RCC_ClockConfig
 .text.HAL_RCC_MCOConfig
                0x000000000800bc58       0xd4 ./Drivers/STM32H7xx_HAL_Driver/Src/stm32h7xx_hal_rcc.o
                0x000000000800bc58                HAL_RCC_MCOConfig
 .text.HAL_RCC_GetSysClockFreq
                0x000000000800bd2c      0x2f4 ./Drivers/STM32H7xx_HAL_Driver/Src/stm32h7xx_hal_rcc.o
                0x000000000800bd2c                HAL_RCC_GetSysClockFreq
 .text.HAL_RCC_GetHCLKFreq
                0x000000000800c020       0x60 ./Drivers/STM32H7xx_HAL_Driver/Src/stm32h7xx_hal_rcc.o
                0x000000000800c020                HAL_RCC_GetHCLKFreq
 .text.HAL_RCC_GetPCLK1Freq
                0x000000000800c080       0x2c ./Drivers/STM32H7xx_HAL_Driver/Src/stm32h7xx_hal_rcc.o
                0x000000000800c080                HAL_RCC_GetPCLK1Freq
 .text.HAL_RCC_GetPCLK2Freq
                0x000000000800c0ac       0x2c ./Drivers/STM32H7xx_HAL_Driver/Src/stm32h7xx_hal_rcc.o
                0x000000000800c0ac                HAL_RCC_GetPCLK2Freq
 .text.HAL_RCCEx_PeriphCLKConfig
                0x000000000800c0d8     0x137c ./Drivers/STM32H7xx_HAL_Driver/Src/stm32h7xx_hal_rcc_ex.o
                0x000000000800c0d8                HAL_RCCEx_PeriphCLKConfig
 .text.HAL_RCCEx_GetD3PCLK1Freq
                0x000000000800d454       0x2c ./Drivers/STM32H7xx_HAL_Driver/Src/stm32h7xx_hal_rcc_ex.o
                0x000000000800d454                HAL_RCCEx_GetD3PCLK1Freq
 .text.HAL_RCCEx_GetPLL2ClockFreq
                0x000000000800d480      0x2a8 ./Drivers/STM32H7xx_HAL_Driver/Src/stm32h7xx_hal_rcc_ex.o
                0x000000000800d480                HAL_RCCEx_GetPLL2ClockFreq
 .text.HAL_RCCEx_GetPLL3ClockFreq
                0x000000000800d728      0x2a8 ./Drivers/STM32H7xx_HAL_Driver/Src/stm32h7xx_hal_rcc_ex.o
                0x000000000800d728                HAL_RCCEx_GetPLL3ClockFreq
 .text.RCCEx_PLL2_Config
                0x000000000800d9d0      0x164 ./Drivers/STM32H7xx_HAL_Driver/Src/stm32h7xx_hal_rcc_ex.o
 .text.RCCEx_PLL3_Config
                0x000000000800db34      0x164 ./Drivers/STM32H7xx_HAL_Driver/Src/stm32h7xx_hal_rcc_ex.o
 .text.HAL_RTC_Init
                0x000000000800dc98      0x10c ./Drivers/STM32H7xx_HAL_Driver/Src/stm32h7xx_hal_rtc.o
                0x000000000800dc98                HAL_RTC_Init
 .text.HAL_RTC_WaitForSynchro
                0x000000000800dda4       0x48 ./Drivers/STM32H7xx_HAL_Driver/Src/stm32h7xx_hal_rtc.o
                0x000000000800dda4                HAL_RTC_WaitForSynchro
 .text.RTC_EnterInitMode
                0x000000000800ddec       0x6c ./Drivers/STM32H7xx_HAL_Driver/Src/stm32h7xx_hal_rtc.o
                0x000000000800ddec                RTC_EnterInitMode
 .text.RTC_ExitInitMode
                0x000000000800de58       0x7c ./Drivers/STM32H7xx_HAL_Driver/Src/stm32h7xx_hal_rtc.o
                0x000000000800de58                RTC_ExitInitMode
 .text.HAL_UART_Init
                0x000000000800ded4       0xa0 ./Drivers/STM32H7xx_HAL_Driver/Src/stm32h7xx_hal_uart.o
                0x000000000800ded4                HAL_UART_Init
 .text.HAL_UART_Transmit
                0x000000000800df74      0x11c ./Drivers/STM32H7xx_HAL_Driver/Src/stm32h7xx_hal_uart.o
                0x000000000800df74                HAL_UART_Transmit
 .text.HAL_UART_Receive
                0x000000000800e090      0x190 ./Drivers/STM32H7xx_HAL_Driver/Src/stm32h7xx_hal_uart.o
                0x000000000800e090                HAL_UART_Receive
 .text.HAL_UART_IRQHandler
                0x000000000800e220      0x774 ./Drivers/STM32H7xx_HAL_Driver/Src/stm32h7xx_hal_uart.o
                0x000000000800e220                HAL_UART_IRQHandler
 .text.HAL_UART_TxCpltCallback
                0x000000000800e994       0x14 ./Drivers/STM32H7xx_HAL_Driver/Src/stm32h7xx_hal_uart.o
                0x000000000800e994                HAL_UART_TxCpltCallback
 .text.HAL_UART_ErrorCallback
                0x000000000800e9a8       0x14 ./Drivers/STM32H7xx_HAL_Driver/Src/stm32h7xx_hal_uart.o
                0x000000000800e9a8                HAL_UART_ErrorCallback
 .text.HAL_UARTEx_RxEventCallback
                0x000000000800e9bc       0x18 ./Drivers/STM32H7xx_HAL_Driver/Src/stm32h7xx_hal_uart.o
                0x000000000800e9bc                HAL_UARTEx_RxEventCallback
 .text.UART_SetConfig
                0x000000000800e9d4      0xcd8 ./Drivers/STM32H7xx_HAL_Driver/Src/stm32h7xx_hal_uart.o
                0x000000000800e9d4                UART_SetConfig
 .text.UART_AdvFeatureConfig
                0x000000000800f6ac      0x144 ./Drivers/STM32H7xx_HAL_Driver/Src/stm32h7xx_hal_uart.o
                0x000000000800f6ac                UART_AdvFeatureConfig
 .text.UART_CheckIdleState
                0x000000000800f7f0      0x154 ./Drivers/STM32H7xx_HAL_Driver/Src/stm32h7xx_hal_uart.o
                0x000000000800f7f0                UART_CheckIdleState
 .text.UART_WaitOnFlagUntilTimeout
                0x000000000800f944       0xce ./Drivers/STM32H7xx_HAL_Driver/Src/stm32h7xx_hal_uart.o
                0x000000000800f944                UART_WaitOnFlagUntilTimeout
 *fill*         0x000000000800fa12        0x2 
 .text.UART_EndRxTransfer
                0x000000000800fa14       0xcc ./Drivers/STM32H7xx_HAL_Driver/Src/stm32h7xx_hal_uart.o
 .text.UART_DMAAbortOnError
                0x000000000800fae0       0x2c ./Drivers/STM32H7xx_HAL_Driver/Src/stm32h7xx_hal_uart.o
 .text.UART_EndTransmit_IT
                0x000000000800fb0c       0x56 ./Drivers/STM32H7xx_HAL_Driver/Src/stm32h7xx_hal_uart.o
 .text.HAL_UARTEx_WakeupCallback
                0x000000000800fb62       0x14 ./Drivers/STM32H7xx_HAL_Driver/Src/stm32h7xx_hal_uart_ex.o
                0x000000000800fb62                HAL_UARTEx_WakeupCallback
 .text.HAL_UARTEx_RxFifoFullCallback
                0x000000000800fb76       0x14 ./Drivers/STM32H7xx_HAL_Driver/Src/stm32h7xx_hal_uart_ex.o
                0x000000000800fb76                HAL_UARTEx_RxFifoFullCallback
 .text.HAL_UARTEx_TxFifoEmptyCallback
                0x000000000800fb8a       0x14 ./Drivers/STM32H7xx_HAL_Driver/Src/stm32h7xx_hal_uart_ex.o
                0x000000000800fb8a                HAL_UARTEx_TxFifoEmptyCallback
 .text.HAL_UARTEx_DisableFifoMode
                0x000000000800fb9e       0x72 ./Drivers/STM32H7xx_HAL_Driver/Src/stm32h7xx_hal_uart_ex.o
                0x000000000800fb9e                HAL_UARTEx_DisableFifoMode
 .text.HAL_UARTEx_SetTxFifoThreshold
                0x000000000800fc10       0x7c ./Drivers/STM32H7xx_HAL_Driver/Src/stm32h7xx_hal_uart_ex.o
                0x000000000800fc10                HAL_UARTEx_SetTxFifoThreshold
 .text.HAL_UARTEx_SetRxFifoThreshold
                0x000000000800fc8c       0x7c ./Drivers/STM32H7xx_HAL_Driver/Src/stm32h7xx_hal_uart_ex.o
                0x000000000800fc8c                HAL_UARTEx_SetRxFifoThreshold
 .text.UARTEx_SetNbDataToProcess
                0x000000000800fd08       0x9c ./Drivers/STM32H7xx_HAL_Driver/Src/stm32h7xx_hal_uart_ex.o
 .text.__errno  0x000000000800fda4        0xc /opt/st/stm32cubeide_1.12.0/plugins/com.st.stm32cube.ide.mcu.externaltools.gnu-tools-for-stm32.10.3-2021.10.linux64_1.0.200.202301161003/tools/bin/../lib/gcc/arm-none-eabi/10.3.1/../../../../arm-none-eabi/lib/thumb/v7e-m+dp/hard/libc_nano.a(lib_a-errno.o)
                0x000000000800fda4                __errno
 .text.__libc_init_array
                0x000000000800fdb0       0x48 /opt/st/stm32cubeide_1.12.0/plugins/com.st.stm32cube.ide.mcu.externaltools.gnu-tools-for-stm32.10.3-2021.10.linux64_1.0.200.202301161003/tools/bin/../lib/gcc/arm-none-eabi/10.3.1/../../../../arm-none-eabi/lib/thumb/v7e-m+dp/hard/libc_nano.a(lib_a-init.o)
                0x000000000800fdb0                __libc_init_array
 .text.memset   0x000000000800fdf8       0x10 /opt/st/stm32cubeide_1.12.0/plugins/com.st.stm32cube.ide.mcu.externaltools.gnu-tools-for-stm32.10.3-2021.10.linux64_1.0.200.202301161003/tools/bin/../lib/gcc/arm-none-eabi/10.3.1/../../../../arm-none-eabi/lib/thumb/v7e-m+dp/hard/libc_nano.a(lib_a-memset.o)
                0x000000000800fdf8                memset
 .text.printf   0x000000000800fe08       0x30 /opt/st/stm32cubeide_1.12.0/plugins/com.st.stm32cube.ide.mcu.externaltools.gnu-tools-for-stm32.10.3-2021.10.linux64_1.0.200.202301161003/tools/bin/../lib/gcc/arm-none-eabi/10.3.1/../../../../arm-none-eabi/lib/thumb/v7e-m+dp/hard/libc_nano.a(lib_a-printf.o)
                0x000000000800fe08                printf
                0x000000000800fe08                iprintf
 .text._puts_r  0x000000000800fe38       0xdc /opt/st/stm32cubeide_1.12.0/plugins/com.st.stm32cube.ide.mcu.externaltools.gnu-tools-for-stm32.10.3-2021.10.linux64_1.0.200.202301161003/tools/bin/../lib/gcc/arm-none-eabi/10.3.1/../../../../arm-none-eabi/lib/thumb/v7e-m+dp/hard/libc_nano.a(lib_a-puts.o)
                0x000000000800fe38                _puts_r
 .text.puts     0x000000000800ff14       0x10 /opt/st/stm32cubeide_1.12.0/plugins/com.st.stm32cube.ide.mcu.externaltools.gnu-tools-for-stm32.10.3-2021.10.linux64_1.0.200.202301161003/tools/bin/../lib/gcc/arm-none-eabi/10.3.1/../../../../arm-none-eabi/lib/thumb/v7e-m+dp/hard/libc_nano.a(lib_a-puts.o)
                0x000000000800ff14                puts
 .text.setvbuf  0x000000000800ff24      0x18c /opt/st/stm32cubeide_1.12.0/plugins/com.st.stm32cube.ide.mcu.externaltools.gnu-tools-for-stm32.10.3-2021.10.linux64_1.0.200.202301161003/tools/bin/../lib/gcc/arm-none-eabi/10.3.1/../../../../arm-none-eabi/lib/thumb/v7e-m+dp/hard/libc_nano.a(lib_a-setvbuf.o)
                0x000000000800ff24                setvbuf
 .text.__swbuf_r
                0x00000000080100b0       0xa4 /opt/st/stm32cubeide_1.12.0/plugins/com.st.stm32cube.ide.mcu.externaltools.gnu-tools-for-stm32.10.3-2021.10.linux64_1.0.200.202301161003/tools/bin/../lib/gcc/arm-none-eabi/10.3.1/../../../../arm-none-eabi/lib/thumb/v7e-m+dp/hard/libc_nano.a(lib_a-wbuf.o)
                0x00000000080100b0                __swbuf_r
 .text.__swsetup_r
                0x0000000008010154       0xdc /opt/st/stm32cubeide_1.12.0/plugins/com.st.stm32cube.ide.mcu.externaltools.gnu-tools-for-stm32.10.3-2021.10.linux64_1.0.200.202301161003/tools/bin/../lib/gcc/arm-none-eabi/10.3.1/../../../../arm-none-eabi/lib/thumb/v7e-m+dp/hard/libc_nano.a(lib_a-wsetup.o)
                0x0000000008010154                __swsetup_r
 .text.__sflush_r
                0x0000000008010230      0x10c /opt/st/stm32cubeide_1.12.0/plugins/com.st.stm32cube.ide.mcu.externaltools.gnu-tools-for-stm32.10.3-2021.10.linux64_1.0.200.202301161003/tools/bin/../lib/gcc/arm-none-eabi/10.3.1/../../../../arm-none-eabi/lib/thumb/v7e-m+dp/hard/libc_nano.a(lib_a-fflush.o)
                0x0000000008010230                __sflush_r
 .text._fflush_r
                0x000000000801033c       0x78 /opt/st/stm32cubeide_1.12.0/plugins/com.st.stm32cube.ide.mcu.externaltools.gnu-tools-for-stm32.10.3-2021.10.linux64_1.0.200.202301161003/tools/bin/../lib/gcc/arm-none-eabi/10.3.1/../../../../arm-none-eabi/lib/thumb/v7e-m+dp/hard/libc_nano.a(lib_a-fflush.o)
                0x000000000801033c                _fflush_r
 .text.std      0x00000000080103b4       0x48 /opt/st/stm32cubeide_1.12.0/plugins/com.st.stm32cube.ide.mcu.externaltools.gnu-tools-for-stm32.10.3-2021.10.linux64_1.0.200.202301161003/tools/bin/../lib/gcc/arm-none-eabi/10.3.1/../../../../arm-none-eabi/lib/thumb/v7e-m+dp/hard/libc_nano.a(lib_a-findfp.o)
 .text._cleanup_r
                0x00000000080103fc        0xc /opt/st/stm32cubeide_1.12.0/plugins/com.st.stm32cube.ide.mcu.externaltools.gnu-tools-for-stm32.10.3-2021.10.linux64_1.0.200.202301161003/tools/bin/../lib/gcc/arm-none-eabi/10.3.1/../../../../arm-none-eabi/lib/thumb/v7e-m+dp/hard/libc_nano.a(lib_a-findfp.o)
                0x00000000080103fc                _cleanup_r
 .text.__sfmoreglue
                0x0000000008010408       0x2c /opt/st/stm32cubeide_1.12.0/plugins/com.st.stm32cube.ide.mcu.externaltools.gnu-tools-for-stm32.10.3-2021.10.linux64_1.0.200.202301161003/tools/bin/../lib/gcc/arm-none-eabi/10.3.1/../../../../arm-none-eabi/lib/thumb/v7e-m+dp/hard/libc_nano.a(lib_a-findfp.o)
                0x0000000008010408                __sfmoreglue
 .text.__sfp_lock_acquire
                0x0000000008010434        0xc /opt/st/stm32cubeide_1.12.0/plugins/com.st.stm32cube.ide.mcu.externaltools.gnu-tools-for-stm32.10.3-2021.10.linux64_1.0.200.202301161003/tools/bin/../lib/gcc/arm-none-eabi/10.3.1/../../../../arm-none-eabi/lib/thumb/v7e-m+dp/hard/libc_nano.a(lib_a-findfp.o)
                0x0000000008010434                __sfp_lock_acquire
 .text.__sfp_lock_release
                0x0000000008010440        0xc /opt/st/stm32cubeide_1.12.0/plugins/com.st.stm32cube.ide.mcu.externaltools.gnu-tools-for-stm32.10.3-2021.10.linux64_1.0.200.202301161003/tools/bin/../lib/gcc/arm-none-eabi/10.3.1/../../../../arm-none-eabi/lib/thumb/v7e-m+dp/hard/libc_nano.a(lib_a-findfp.o)
                0x0000000008010440                __sfp_lock_release
 .text.__sinit_lock_acquire
                0x000000000801044c        0xc /opt/st/stm32cubeide_1.12.0/plugins/com.st.stm32cube.ide.mcu.externaltools.gnu-tools-for-stm32.10.3-2021.10.linux64_1.0.200.202301161003/tools/bin/../lib/gcc/arm-none-eabi/10.3.1/../../../../arm-none-eabi/lib/thumb/v7e-m+dp/hard/libc_nano.a(lib_a-findfp.o)
                0x000000000801044c                __sinit_lock_acquire
 .text.__sinit_lock_release
                0x0000000008010458        0xc /opt/st/stm32cubeide_1.12.0/plugins/com.st.stm32cube.ide.mcu.externaltools.gnu-tools-for-stm32.10.3-2021.10.linux64_1.0.200.202301161003/tools/bin/../lib/gcc/arm-none-eabi/10.3.1/../../../../arm-none-eabi/lib/thumb/v7e-m+dp/hard/libc_nano.a(lib_a-findfp.o)
                0x0000000008010458                __sinit_lock_release
 .text.__sinit  0x0000000008010464       0x70 /opt/st/stm32cubeide_1.12.0/plugins/com.st.stm32cube.ide.mcu.externaltools.gnu-tools-for-stm32.10.3-2021.10.linux64_1.0.200.202301161003/tools/bin/../lib/gcc/arm-none-eabi/10.3.1/../../../../arm-none-eabi/lib/thumb/v7e-m+dp/hard/libc_nano.a(lib_a-findfp.o)
                0x0000000008010464                __sinit
 .text.__sfp    0x00000000080104d4       0x8c /opt/st/stm32cubeide_1.12.0/plugins/com.st.stm32cube.ide.mcu.externaltools.gnu-tools-for-stm32.10.3-2021.10.linux64_1.0.200.202301161003/tools/bin/../lib/gcc/arm-none-eabi/10.3.1/../../../../arm-none-eabi/lib/thumb/v7e-m+dp/hard/libc_nano.a(lib_a-findfp.o)
                0x00000000080104d4                __sfp
 .text._fwalk_reent
                0x0000000008010560       0x3e /opt/st/stm32cubeide_1.12.0/plugins/com.st.stm32cube.ide.mcu.externaltools.gnu-tools-for-stm32.10.3-2021.10.linux64_1.0.200.202301161003/tools/bin/../lib/gcc/arm-none-eabi/10.3.1/../../../../arm-none-eabi/lib/thumb/v7e-m+dp/hard/libc_nano.a(lib_a-fwalk.o)
                0x0000000008010560                _fwalk_reent
 .text.__retarget_lock_init_recursive
                0x000000000801059e        0x2 /opt/st/stm32cubeide_1.12.0/plugins/com.st.stm32cube.ide.mcu.externaltools.gnu-tools-for-stm32.10.3-2021.10.linux64_1.0.200.202301161003/tools/bin/../lib/gcc/arm-none-eabi/10.3.1/../../../../arm-none-eabi/lib/thumb/v7e-m+dp/hard/libc_nano.a(lib_a-lock.o)
                0x000000000801059e                __retarget_lock_init_recursive
 .text.__retarget_lock_acquire_recursive
                0x00000000080105a0        0x2 /opt/st/stm32cubeide_1.12.0/plugins/com.st.stm32cube.ide.mcu.externaltools.gnu-tools-for-stm32.10.3-2021.10.linux64_1.0.200.202301161003/tools/bin/../lib/gcc/arm-none-eabi/10.3.1/../../../../arm-none-eabi/lib/thumb/v7e-m+dp/hard/libc_nano.a(lib_a-lock.o)
                0x00000000080105a0                __retarget_lock_acquire_recursive
 .text.__retarget_lock_release_recursive
                0x00000000080105a2        0x2 /opt/st/stm32cubeide_1.12.0/plugins/com.st.stm32cube.ide.mcu.externaltools.gnu-tools-for-stm32.10.3-2021.10.linux64_1.0.200.202301161003/tools/bin/../lib/gcc/arm-none-eabi/10.3.1/../../../../arm-none-eabi/lib/thumb/v7e-m+dp/hard/libc_nano.a(lib_a-lock.o)
                0x00000000080105a2                __retarget_lock_release_recursive
 .text.__swhatbuf_r
                0x00000000080105a4       0x4a /opt/st/stm32cubeide_1.12.0/plugins/com.st.stm32cube.ide.mcu.externaltools.gnu-tools-for-stm32.10.3-2021.10.linux64_1.0.200.202301161003/tools/bin/../lib/gcc/arm-none-eabi/10.3.1/../../../../arm-none-eabi/lib/thumb/v7e-m+dp/hard/libc_nano.a(lib_a-makebuf.o)
                0x00000000080105a4                __swhatbuf_r
 *fill*         0x00000000080105ee        0x2 
 .text.__smakebuf_r
                0x00000000080105f0       0x80 /opt/st/stm32cubeide_1.12.0/plugins/com.st.stm32cube.ide.mcu.externaltools.gnu-tools-for-stm32.10.3-2021.10.linux64_1.0.200.202301161003/tools/bin/../lib/gcc/arm-none-eabi/10.3.1/../../../../arm-none-eabi/lib/thumb/v7e-m+dp/hard/libc_nano.a(lib_a-makebuf.o)
                0x00000000080105f0                __smakebuf_r
 .text.malloc   0x0000000008010670       0x10 /opt/st/stm32cubeide_1.12.0/plugins/com.st.stm32cube.ide.mcu.externaltools.gnu-tools-for-stm32.10.3-2021.10.linux64_1.0.200.202301161003/tools/bin/../lib/gcc/arm-none-eabi/10.3.1/../../../../arm-none-eabi/lib/thumb/v7e-m+dp/hard/libc_nano.a(lib_a-malloc.o)
                0x0000000008010670                malloc
 .text._free_r  0x0000000008010680       0x98 /opt/st/stm32cubeide_1.12.0/plugins/com.st.stm32cube.ide.mcu.externaltools.gnu-tools-for-stm32.10.3-2021.10.linux64_1.0.200.202301161003/tools/bin/../lib/gcc/arm-none-eabi/10.3.1/../../../../arm-none-eabi/lib/thumb/v7e-m+dp/hard/libc_nano.a(lib_a-nano-freer.o)
                0x0000000008010680                _free_r
 .text.sbrk_aligned
                0x0000000008010718       0x40 /opt/st/stm32cubeide_1.12.0/plugins/com.st.stm32cube.ide.mcu.externaltools.gnu-tools-for-stm32.10.3-2021.10.linux64_1.0.200.202301161003/tools/bin/../lib/gcc/arm-none-eabi/10.3.1/../../../../arm-none-eabi/lib/thumb/v7e-m+dp/hard/libc_nano.a(lib_a-nano-mallocr.o)
 .text._malloc_r
                0x0000000008010758       0xe8 /opt/st/stm32cubeide_1.12.0/plugins/com.st.stm32cube.ide.mcu.externaltools.gnu-tools-for-stm32.10.3-2021.10.linux64_1.0.200.202301161003/tools/bin/../lib/gcc/arm-none-eabi/10.3.1/../../../../arm-none-eabi/lib/thumb/v7e-m+dp/hard/libc_nano.a(lib_a-nano-mallocr.o)
                0x0000000008010758                _malloc_r
 .text.__sfputc_r
                0x0000000008010840       0x2e /opt/st/stm32cubeide_1.12.0/plugins/com.st.stm32cube.ide.mcu.externaltools.gnu-tools-for-stm32.10.3-2021.10.linux64_1.0.200.202301161003/tools/bin/../lib/gcc/arm-none-eabi/10.3.1/../../../../arm-none-eabi/lib/thumb/v7e-m+dp/hard/libc_nano.a(lib_a-nano-vfprintf.o)
 .text.__sfputs_r
                0x000000000801086e       0x24 /opt/st/stm32cubeide_1.12.0/plugins/com.st.stm32cube.ide.mcu.externaltools.gnu-tools-for-stm32.10.3-2021.10.linux64_1.0.200.202301161003/tools/bin/../lib/gcc/arm-none-eabi/10.3.1/../../../../arm-none-eabi/lib/thumb/v7e-m+dp/hard/libc_nano.a(lib_a-nano-vfprintf.o)
                0x000000000801086e                __sfputs_r
 *fill*         0x0000000008010892        0x2 
 .text._vfprintf_r
                0x0000000008010894      0x260 /opt/st/stm32cubeide_1.12.0/plugins/com.st.stm32cube.ide.mcu.externaltools.gnu-tools-for-stm32.10.3-2021.10.linux64_1.0.200.202301161003/tools/bin/../lib/gcc/arm-none-eabi/10.3.1/../../../../arm-none-eabi/lib/thumb/v7e-m+dp/hard/libc_nano.a(lib_a-nano-vfprintf.o)
                0x0000000008010894                _vfiprintf_r
                0x0000000008010894                _vfprintf_r
 .text._printf_common
                0x0000000008010af4       0xda /opt/st/stm32cubeide_1.12.0/plugins/com.st.stm32cube.ide.mcu.externaltools.gnu-tools-for-stm32.10.3-2021.10.linux64_1.0.200.202301161003/tools/bin/../lib/gcc/arm-none-eabi/10.3.1/../../../../arm-none-eabi/lib/thumb/v7e-m+dp/hard/libc_nano.a(lib_a-nano-vfprintf_i.o)
                0x0000000008010af4                _printf_common
 *fill*         0x0000000008010bce        0x2 
 .text._printf_i
                0x0000000008010bd0      0x24c /opt/st/stm32cubeide_1.12.0/plugins/com.st.stm32cube.ide.mcu.externaltools.gnu-tools-for-stm32.10.3-2021.10.linux64_1.0.200.202301161003/tools/bin/../lib/gcc/arm-none-eabi/10.3.1/../../../../arm-none-eabi/lib/thumb/v7e-m+dp/hard/libc_nano.a(lib_a-nano-vfprintf_i.o)
                0x0000000008010bd0                _printf_i
 .text._sbrk_r  0x0000000008010e1c       0x20 /opt/st/stm32cubeide_1.12.0/plugins/com.st.stm32cube.ide.mcu.externaltools.gnu-tools-for-stm32.10.3-2021.10.linux64_1.0.200.202301161003/tools/bin/../lib/gcc/arm-none-eabi/10.3.1/../../../../arm-none-eabi/lib/thumb/v7e-m+dp/hard/libc_nano.a(lib_a-sbrkr.o)
                0x0000000008010e1c                _sbrk_r
 .text.__sread  0x0000000008010e3c       0x22 /opt/st/stm32cubeide_1.12.0/plugins/com.st.stm32cube.ide.mcu.externaltools.gnu-tools-for-stm32.10.3-2021.10.linux64_1.0.200.202301161003/tools/bin/../lib/gcc/arm-none-eabi/10.3.1/../../../../arm-none-eabi/lib/thumb/v7e-m+dp/hard/libc_nano.a(lib_a-stdio.o)
                0x0000000008010e3c                __sread
 .text.__swrite
                0x0000000008010e5e       0x38 /opt/st/stm32cubeide_1.12.0/plugins/com.st.stm32cube.ide.mcu.externaltools.gnu-tools-for-stm32.10.3-2021.10.linux64_1.0.200.202301161003/tools/bin/../lib/gcc/arm-none-eabi/10.3.1/../../../../arm-none-eabi/lib/thumb/v7e-m+dp/hard/libc_nano.a(lib_a-stdio.o)
                0x0000000008010e5e                __swrite
 .text.__sseek  0x0000000008010e96       0x24 /opt/st/stm32cubeide_1.12.0/plugins/com.st.stm32cube.ide.mcu.externaltools.gnu-tools-for-stm32.10.3-2021.10.linux64_1.0.200.202301161003/tools/bin/../lib/gcc/arm-none-eabi/10.3.1/../../../../arm-none-eabi/lib/thumb/v7e-m+dp/hard/libc_nano.a(lib_a-stdio.o)
                0x0000000008010e96                __sseek
 .text.__sclose
                0x0000000008010eba        0x8 /opt/st/stm32cubeide_1.12.0/plugins/com.st.stm32cube.ide.mcu.externaltools.gnu-tools-for-stm32.10.3-2021.10.linux64_1.0.200.202301161003/tools/bin/../lib/gcc/arm-none-eabi/10.3.1/../../../../arm-none-eabi/lib/thumb/v7e-m+dp/hard/libc_nano.a(lib_a-stdio.o)
                0x0000000008010eba                __sclose
 *fill*         0x0000000008010ec2        0x2 
 .text._write_r
                0x0000000008010ec4       0x24 /opt/st/stm32cubeide_1.12.0/plugins/com.st.stm32cube.ide.mcu.externaltools.gnu-tools-for-stm32.10.3-2021.10.linux64_1.0.200.202301161003/tools/bin/../lib/gcc/arm-none-eabi/10.3.1/../../../../arm-none-eabi/lib/thumb/v7e-m+dp/hard/libc_nano.a(lib_a-writer.o)
                0x0000000008010ec4                _write_r
 .text._close_r
                0x0000000008010ee8       0x20 /opt/st/stm32cubeide_1.12.0/plugins/com.st.stm32cube.ide.mcu.externaltools.gnu-tools-for-stm32.10.3-2021.10.linux64_1.0.200.202301161003/tools/bin/../lib/gcc/arm-none-eabi/10.3.1/../../../../arm-none-eabi/lib/thumb/v7e-m+dp/hard/libc_nano.a(lib_a-closer.o)
                0x0000000008010ee8                _close_r
 .text._fstat_r
                0x0000000008010f08       0x24 /opt/st/stm32cubeide_1.12.0/plugins/com.st.stm32cube.ide.mcu.externaltools.gnu-tools-for-stm32.10.3-2021.10.linux64_1.0.200.202301161003/tools/bin/../lib/gcc/arm-none-eabi/10.3.1/../../../../arm-none-eabi/lib/thumb/v7e-m+dp/hard/libc_nano.a(lib_a-fstatr.o)
                0x0000000008010f08                _fstat_r
 .text._isatty_r
                0x0000000008010f2c       0x20 /opt/st/stm32cubeide_1.12.0/plugins/com.st.stm32cube.ide.mcu.externaltools.gnu-tools-for-stm32.10.3-2021.10.linux64_1.0.200.202301161003/tools/bin/../lib/gcc/arm-none-eabi/10.3.1/../../../../arm-none-eabi/lib/thumb/v7e-m+dp/hard/libc_nano.a(lib_a-isattyr.o)
                0x0000000008010f2c                _isatty_r
 .text._lseek_r
                0x0000000008010f4c       0x24 /opt/st/stm32cubeide_1.12.0/plugins/com.st.stm32cube.ide.mcu.externaltools.gnu-tools-for-stm32.10.3-2021.10.linux64_1.0.200.202301161003/tools/bin/../lib/gcc/arm-none-eabi/10.3.1/../../../../arm-none-eabi/lib/thumb/v7e-m+dp/hard/libc_nano.a(lib_a-lseekr.o)
                0x0000000008010f4c                _lseek_r
 .text.__malloc_lock
                0x0000000008010f70        0xc /opt/st/stm32cubeide_1.12.0/plugins/com.st.stm32cube.ide.mcu.externaltools.gnu-tools-for-stm32.10.3-2021.10.linux64_1.0.200.202301161003/tools/bin/../lib/gcc/arm-none-eabi/10.3.1/../../../../arm-none-eabi/lib/thumb/v7e-m+dp/hard/libc_nano.a(lib_a-mlock.o)
                0x0000000008010f70                __malloc_lock
 .text.__malloc_unlock
                0x0000000008010f7c        0xc /opt/st/stm32cubeide_1.12.0/plugins/com.st.stm32cube.ide.mcu.externaltools.gnu-tools-for-stm32.10.3-2021.10.linux64_1.0.200.202301161003/tools/bin/../lib/gcc/arm-none-eabi/10.3.1/../../../../arm-none-eabi/lib/thumb/v7e-m+dp/hard/libc_nano.a(lib_a-mlock.o)
                0x0000000008010f7c                __malloc_unlock
 .text._read_r  0x0000000008010f88       0x24 /opt/st/stm32cubeide_1.12.0/plugins/com.st.stm32cube.ide.mcu.externaltools.gnu-tools-for-stm32.10.3-2021.10.linux64_1.0.200.202301161003/tools/bin/../lib/gcc/arm-none-eabi/10.3.1/../../../../arm-none-eabi/lib/thumb/v7e-m+dp/hard/libc_nano.a(lib_a-readr.o)
                0x0000000008010f88                _read_r
 *(.glue_7)
 .glue_7        0x0000000008010fac        0x0 linker stubs
 *(.glue_7t)
 .glue_7t       0x0000000008010fac        0x0 linker stubs
 *(.eh_frame)
 .eh_frame      0x0000000008010fac        0x0 /opt/st/stm32cubeide_1.12.0/plugins/com.st.stm32cube.ide.mcu.externaltools.gnu-tools-for-stm32.10.3-2021.10.linux64_1.0.200.202301161003/tools/bin/../lib/gcc/arm-none-eabi/10.3.1/thumb/v7e-m+dp/hard/crtbegin.o
 *(.init)
 .init          0x0000000008010fac        0x4 /opt/st/stm32cubeide_1.12.0/plugins/com.st.stm32cube.ide.mcu.externaltools.gnu-tools-for-stm32.10.3-2021.10.linux64_1.0.200.202301161003/tools/bin/../lib/gcc/arm-none-eabi/10.3.1/thumb/v7e-m+dp/hard/crti.o
                0x0000000008010fac                _init
 .init          0x0000000008010fb0        0x8 /opt/st/stm32cubeide_1.12.0/plugins/com.st.stm32cube.ide.mcu.externaltools.gnu-tools-for-stm32.10.3-2021.10.linux64_1.0.200.202301161003/tools/bin/../lib/gcc/arm-none-eabi/10.3.1/thumb/v7e-m+dp/hard/crtn.o
 *(.fini)
 .fini          0x0000000008010fb8        0x4 /opt/st/stm32cubeide_1.12.0/plugins/com.st.stm32cube.ide.mcu.externaltools.gnu-tools-for-stm32.10.3-2021.10.linux64_1.0.200.202301161003/tools/bin/../lib/gcc/arm-none-eabi/10.3.1/thumb/v7e-m+dp/hard/crti.o
                0x0000000008010fb8                _fini
 .fini          0x0000000008010fbc        0x8 /opt/st/stm32cubeide_1.12.0/plugins/com.st.stm32cube.ide.mcu.externaltools.gnu-tools-for-stm32.10.3-2021.10.linux64_1.0.200.202301161003/tools/bin/../lib/gcc/arm-none-eabi/10.3.1/thumb/v7e-m+dp/hard/crtn.o
                0x0000000008010fc4                . = ALIGN (0x4)
                0x0000000008010fc4                _etext = .

.vfp11_veneer   0x0000000008010fc4        0x0
 .vfp11_veneer  0x0000000008010fc4        0x0 linker stubs

.v4_bx          0x0000000008010fc4        0x0
 .v4_bx         0x0000000008010fc4        0x0 linker stubs

.iplt           0x0000000008010fc4        0x0
 .iplt          0x0000000008010fc4        0x0 /opt/st/stm32cubeide_1.12.0/plugins/com.st.stm32cube.ide.mcu.externaltools.gnu-tools-for-stm32.10.3-2021.10.linux64_1.0.200.202301161003/tools/bin/../lib/gcc/arm-none-eabi/10.3.1/thumb/v7e-m+dp/hard/crtbegin.o

.rodata         0x0000000008010fc4      0x708
                0x0000000008010fc4                . = ALIGN (0x4)
 *(.rodata)
 .rodata        0x0000000008010fc4       0x28 ./Core/Src/main.o
 .rodata        0x0000000008010fec       0x48 ./Core/Src/ov5640.o
 .rodata        0x0000000008011034       0x3d ./Core/Src/stm32h7b3i_discovery_camera.o
 *(.rodata*)
 *fill*         0x0000000008011071        0x3 
 .rodata.OV5640_Common.15
                0x0000000008011074      0x3f8 ./Core/Src/ov5640.o
 .rodata.OV5640_PF_YUV422.14
                0x000000000801146c        0x8 ./Core/Src/ov5640.o
 .rodata.OV5640_PF_RGB888.13
                0x0000000008011474        0x8 ./Core/Src/ov5640.o
 .rodata.OV5640_PF_Y8.12
                0x000000000801147c        0x8 ./Core/Src/ov5640.o
 .rodata.OV5640_PF_JPEG.11
                0x0000000008011484        0x8 ./Core/Src/ov5640.o
 .rodata.OV5640_PF_RGB565.10
                0x000000000801148c        0x8 ./Core/Src/ov5640.o
 .rodata.OV5640_QQVGA.9
                0x0000000008011494       0x10 ./Core/Src/ov5640.o
 .rodata.OV5640_QVGA.8
                0x00000000080114a4       0x10 ./Core/Src/ov5640.o
 .rodata.OV5640_480x272.7
                0x00000000080114b4       0x10 ./Core/Src/ov5640.o
 .rodata.OV5640_VGA.6
                0x00000000080114c4       0x10 ./Core/Src/ov5640.o
 .rodata.OV5640_WVGA.5
                0x00000000080114d4       0x10 ./Core/Src/ov5640.o
 .rodata.OV5640_LightModeSunny.4
                0x00000000080114e4       0x1c ./Core/Src/ov5640.o
 .rodata.OV5640_LightModeOffice.3
                0x0000000008011500       0x1c ./Core/Src/ov5640.o
 .rodata.OV5640_LightModeCloudy.2
                0x000000000801151c       0x1c ./Core/Src/ov5640.o
 .rodata.OV5640_LightModeHome.1
                0x0000000008011538       0x1c ./Core/Src/ov5640.o
 .rodata.OV5640_LightModeAuto.0
                0x0000000008011554       0x1c ./Core/Src/ov5640.o
 .rodata.I2C_Charac
                0x0000000008011570       0x84 ./Core/Src/stm32h7b3i_discovery_bus.o
 .rodata.D1CorePrescTable
                0x00000000080115f4       0x10 ./Core/Src/system_stm32h7xx.o
                0x00000000080115f4                D1CorePrescTable
 .rodata.flagBitshiftOffset.0
                0x0000000008011604        0x8 ./Drivers/STM32H7xx_HAL_Driver/Src/stm32h7xx_hal_dma.o
 .rodata.UARTPrescTable
                0x000000000801160c       0x18 ./Drivers/STM32H7xx_HAL_Driver/Src/stm32h7xx_hal_uart.o
                0x000000000801160c                UARTPrescTable
 .rodata.numerator.1
                0x0000000008011624        0x8 ./Drivers/STM32H7xx_HAL_Driver/Src/stm32h7xx_hal_uart_ex.o
 .rodata.denominator.0
                0x000000000801162c        0x8 ./Drivers/STM32H7xx_HAL_Driver/Src/stm32h7xx_hal_uart_ex.o
 .rodata._global_impure_ptr
                0x0000000008011634        0x4 /opt/st/stm32cubeide_1.12.0/plugins/com.st.stm32cube.ide.mcu.externaltools.gnu-tools-for-stm32.10.3-2021.10.linux64_1.0.200.202301161003/tools/bin/../lib/gcc/arm-none-eabi/10.3.1/../../../../arm-none-eabi/lib/thumb/v7e-m+dp/hard/libc_nano.a(lib_a-impure.o)
                0x0000000008011634                _global_impure_ptr
 .rodata.__sf_fake_stderr
                0x0000000008011638       0x20 /opt/st/stm32cubeide_1.12.0/plugins/com.st.stm32cube.ide.mcu.externaltools.gnu-tools-for-stm32.10.3-2021.10.linux64_1.0.200.202301161003/tools/bin/../lib/gcc/arm-none-eabi/10.3.1/../../../../arm-none-eabi/lib/thumb/v7e-m+dp/hard/libc_nano.a(lib_a-findfp.o)
                0x0000000008011638                __sf_fake_stderr
 .rodata.__sf_fake_stdin
                0x0000000008011658       0x20 /opt/st/stm32cubeide_1.12.0/plugins/com.st.stm32cube.ide.mcu.externaltools.gnu-tools-for-stm32.10.3-2021.10.linux64_1.0.200.202301161003/tools/bin/../lib/gcc/arm-none-eabi/10.3.1/../../../../arm-none-eabi/lib/thumb/v7e-m+dp/hard/libc_nano.a(lib_a-findfp.o)
                0x0000000008011658                __sf_fake_stdin
 .rodata.__sf_fake_stdout
                0x0000000008011678       0x20 /opt/st/stm32cubeide_1.12.0/plugins/com.st.stm32cube.ide.mcu.externaltools.gnu-tools-for-stm32.10.3-2021.10.linux64_1.0.200.202301161003/tools/bin/../lib/gcc/arm-none-eabi/10.3.1/../../../../arm-none-eabi/lib/thumb/v7e-m+dp/hard/libc_nano.a(lib_a-findfp.o)
                0x0000000008011678                __sf_fake_stdout
 .rodata._vfprintf_r.str1.1
                0x0000000008011698       0x11 /opt/st/stm32cubeide_1.12.0/plugins/com.st.stm32cube.ide.mcu.externaltools.gnu-tools-for-stm32.10.3-2021.10.linux64_1.0.200.202301161003/tools/bin/../lib/gcc/arm-none-eabi/10.3.1/../../../../arm-none-eabi/lib/thumb/v7e-m+dp/hard/libc_nano.a(lib_a-nano-vfprintf.o)
 .rodata._printf_i.str1.1
                0x00000000080116a9       0x22 /opt/st/stm32cubeide_1.12.0/plugins/com.st.stm32cube.ide.mcu.externaltools.gnu-tools-for-stm32.10.3-2021.10.linux64_1.0.200.202301161003/tools/bin/../lib/gcc/arm-none-eabi/10.3.1/../../../../arm-none-eabi/lib/thumb/v7e-m+dp/hard/libc_nano.a(lib_a-nano-vfprintf_i.o)
                0x00000000080116cc                . = ALIGN (0x4)
 *fill*         0x00000000080116cb        0x1 

.ARM.extab
 *(.ARM.extab* .gnu.linkonce.armextab.*)

.ARM            0x00000000080116cc        0x8
                0x00000000080116cc                __exidx_start = .
 *(.ARM.exidx*)
 .ARM.exidx     0x00000000080116cc        0x8 /opt/st/stm32cubeide_1.12.0/plugins/com.st.stm32cube.ide.mcu.externaltools.gnu-tools-for-stm32.10.3-2021.10.linux64_1.0.200.202301161003/tools/bin/../lib/gcc/arm-none-eabi/10.3.1/thumb/v7e-m+dp/hard/libgcc.a(_udivmoddi4.o)
                0x00000000080116d4                __exidx_end = .

.rel.dyn        0x00000000080116d4        0x0
 .rel.iplt      0x00000000080116d4        0x0 /opt/st/stm32cubeide_1.12.0/plugins/com.st.stm32cube.ide.mcu.externaltools.gnu-tools-for-stm32.10.3-2021.10.linux64_1.0.200.202301161003/tools/bin/../lib/gcc/arm-none-eabi/10.3.1/thumb/v7e-m+dp/hard/crtbegin.o

.preinit_array  0x00000000080116d4        0x0
                0x00000000080116d4                PROVIDE (__preinit_array_start = .)
 *(.preinit_array*)
                0x00000000080116d4                PROVIDE (__preinit_array_end = .)

.init_array     0x00000000080116d4        0x4
                0x00000000080116d4                PROVIDE (__init_array_start = .)
 *(SORT_BY_NAME(.init_array.*))
 *(.init_array*)
 .init_array    0x00000000080116d4        0x4 /opt/st/stm32cubeide_1.12.0/plugins/com.st.stm32cube.ide.mcu.externaltools.gnu-tools-for-stm32.10.3-2021.10.linux64_1.0.200.202301161003/tools/bin/../lib/gcc/arm-none-eabi/10.3.1/thumb/v7e-m+dp/hard/crtbegin.o
                0x00000000080116d8                PROVIDE (__init_array_end = .)

.fini_array     0x00000000080116d8        0x4
                [!provide]                        PROVIDE (__fini_array_start = .)
 *(SORT_BY_NAME(.fini_array.*))
 *(.fini_array*)
 .fini_array    0x00000000080116d8        0x4 /opt/st/stm32cubeide_1.12.0/plugins/com.st.stm32cube.ide.mcu.externaltools.gnu-tools-for-stm32.10.3-2021.10.linux64_1.0.200.202301161003/tools/bin/../lib/gcc/arm-none-eabi/10.3.1/thumb/v7e-m+dp/hard/crtbegin.o
                [!provide]                        PROVIDE (__fini_array_end = .)
                0x00000000080116dc                _sidata = LOADADDR (.data)

.data           0x0000000024000000       0xb8 load address 0x00000000080116dc
                0x0000000024000000                . = ALIGN (0x4)
                0x0000000024000000                _sdata = .
 *(.data)
 *(.data*)
 .data.OV5640_CAMERA_Driver
                0x0000000024000000       0x44 ./Core/Src/ov5640.o
                0x0000000024000000                OV5640_CAMERA_Driver
 .data.SystemCoreClock
                0x0000000024000044        0x4 ./Core/Src/system_stm32h7xx.o
                0x0000000024000044                SystemCoreClock
 .data.SystemD2Clock
                0x0000000024000048        0x4 ./Core/Src/system_stm32h7xx.o
                0x0000000024000048                SystemD2Clock
 .data.uwTickPrio
                0x000000002400004c        0x4 ./Drivers/STM32H7xx_HAL_Driver/Src/stm32h7xx_hal.o
                0x000000002400004c                uwTickPrio
 .data.uwTickFreq
                0x0000000024000050        0x1 ./Drivers/STM32H7xx_HAL_Driver/Src/stm32h7xx_hal.o
                0x0000000024000050                uwTickFreq
 *fill*         0x0000000024000051        0x3 
 .data._impure_ptr
                0x0000000024000054        0x4 /opt/st/stm32cubeide_1.12.0/plugins/com.st.stm32cube.ide.mcu.externaltools.gnu-tools-for-stm32.10.3-2021.10.linux64_1.0.200.202301161003/tools/bin/../lib/gcc/arm-none-eabi/10.3.1/../../../../arm-none-eabi/lib/thumb/v7e-m+dp/hard/libc_nano.a(lib_a-impure.o)
                0x0000000024000054                _impure_ptr
 .data.impure_data
                0x0000000024000058       0x60 /opt/st/stm32cubeide_1.12.0/plugins/com.st.stm32cube.ide.mcu.externaltools.gnu-tools-for-stm32.10.3-2021.10.linux64_1.0.200.202301161003/tools/bin/../lib/gcc/arm-none-eabi/10.3.1/../../../../arm-none-eabi/lib/thumb/v7e-m+dp/hard/libc_nano.a(lib_a-impure.o)
 *(.RamFunc)
 *(.RamFunc*)
                0x00000000240000b8                . = ALIGN (0x4)
                0x00000000240000b8                _edata = .

.igot.plt       0x00000000240000b8        0x0 load address 0x0000000008011794
 .igot.plt      0x00000000240000b8        0x0 /opt/st/stm32cubeide_1.12.0/plugins/com.st.stm32cube.ide.mcu.externaltools.gnu-tools-for-stm32.10.3-2021.10.linux64_1.0.200.202301161003/tools/bin/../lib/gcc/arm-none-eabi/10.3.1/thumb/v7e-m+dp/hard/crtbegin.o
                0x00000000240000b8                . = ALIGN (0x4)

.bss            0x00000000240000b8    0x608ac load address 0x0000000008011794
                0x00000000240000b8                _sbss = .
                0x00000000240000b8                __bss_start__ = _sbss
 *(.bss)
 .bss           0x00000000240000b8       0x1c /opt/st/stm32cubeide_1.12.0/plugins/com.st.stm32cube.ide.mcu.externaltools.gnu-tools-for-stm32.10.3-2021.10.linux64_1.0.200.202301161003/tools/bin/../lib/gcc/arm-none-eabi/10.3.1/thumb/v7e-m+dp/hard/crtbegin.o
 *(.bss*)
 .bss.hdcmi     0x00000000240000d4       0x50 ./Core/Src/main.o
                0x00000000240000d4                hdcmi
 .bss.hdma_dcmi
                0x0000000024000124       0x78 ./Core/Src/main.o
                0x0000000024000124                hdma_dcmi
 .bss.hdma2d    0x000000002400019c       0x68 ./Core/Src/main.o
                0x000000002400019c                hdma2d
 .bss.hi2c4     0x0000000024000204       0x54 ./Core/Src/main.o
                0x0000000024000204                hi2c4
 .bss.hltdc     0x0000000024000258       0xa8 ./Core/Src/main.o
                0x0000000024000258                hltdc
 .bss.hrtc      0x0000000024000300       0x28 ./Core/Src/main.o
                0x0000000024000300                hrtc
 .bss.huart1    0x0000000024000328       0x94 ./Core/Src/main.o
                0x0000000024000328                huart1
 .bss.camera_frame_ready
                0x00000000240003bc        0x4 ./Core/Src/main.o
                0x00000000240003bc                camera_frame_ready
 .bss.buffer    0x00000000240003c0    0x5fa00 ./Core/Src/main.o
                0x00000000240003c0                buffer
 .bss.gHuart    0x000000002405fdc0        0x4 ./Core/Src/retarget.o
                0x000000002405fdc0                gHuart
 .bss.I2c4InitCounter
                0x000000002405fdc4        0x4 ./Core/Src/stm32h7b3i_discovery_bus.o
 .bss.I2c_valid_timing
                0x000000002405fdc8      0xa00 ./Core/Src/stm32h7b3i_discovery_bus.o
 .bss.I2c_valid_timing_nbr
                0x00000000240607c8        0x4 ./Core/Src/stm32h7b3i_discovery_bus.o
 .bss.hbus_i2c4
                0x00000000240607cc       0x54 ./Core/Src/stm32h7b3i_discovery_bus.o
                0x00000000240607cc                hbus_i2c4
 .bss.Camera_CompObj
                0x0000000024060820        0x4 ./Core/Src/stm32h7b3i_discovery_camera.o
                0x0000000024060820                Camera_CompObj
 .bss.hcamera_dcmi
                0x0000000024060824       0x50 ./Core/Src/stm32h7b3i_discovery_camera.o
                0x0000000024060824                hcamera_dcmi
 .bss.Camera_Ctx
                0x0000000024060874       0x30 ./Core/Src/stm32h7b3i_discovery_camera.o
                0x0000000024060874                Camera_Ctx
 .bss.Camera_Drv
                0x00000000240608a4        0x4 ./Core/Src/stm32h7b3i_discovery_camera.o
 .bss.Camera_Cap
                0x00000000240608a8        0x4 ./Core/Src/stm32h7b3i_discovery_camera.o
 .bss.hdma_handler.1
                0x00000000240608ac       0x78 ./Core/Src/stm32h7b3i_discovery_camera.o
 .bss.OV5640Obj.0
                0x0000000024060924       0x28 ./Core/Src/stm32h7b3i_discovery_camera.o
 .bss.__sbrk_heap_end
                0x000000002406094c        0x4 ./Core/Src/sysmem.o
 .bss.uwTick    0x0000000024060950        0x4 ./Drivers/STM32H7xx_HAL_Driver/Src/stm32h7xx_hal.o
                0x0000000024060950                uwTick
 .bss.__lock___malloc_recursive_mutex
                0x0000000024060954        0x1 /opt/st/stm32cubeide_1.12.0/plugins/com.st.stm32cube.ide.mcu.externaltools.gnu-tools-for-stm32.10.3-2021.10.linux64_1.0.200.202301161003/tools/bin/../lib/gcc/arm-none-eabi/10.3.1/../../../../arm-none-eabi/lib/thumb/v7e-m+dp/hard/libc_nano.a(lib_a-lock.o)
                0x0000000024060954                __lock___malloc_recursive_mutex
 .bss.__lock___sfp_recursive_mutex
                0x0000000024060955        0x1 /opt/st/stm32cubeide_1.12.0/plugins/com.st.stm32cube.ide.mcu.externaltools.gnu-tools-for-stm32.10.3-2021.10.linux64_1.0.200.202301161003/tools/bin/../lib/gcc/arm-none-eabi/10.3.1/../../../../arm-none-eabi/lib/thumb/v7e-m+dp/hard/libc_nano.a(lib_a-lock.o)
                0x0000000024060955                __lock___sfp_recursive_mutex
 .bss.__lock___sinit_recursive_mutex
                0x0000000024060956        0x1 /opt/st/stm32cubeide_1.12.0/plugins/com.st.stm32cube.ide.mcu.externaltools.gnu-tools-for-stm32.10.3-2021.10.linux64_1.0.200.202301161003/tools/bin/../lib/gcc/arm-none-eabi/10.3.1/../../../../arm-none-eabi/lib/thumb/v7e-m+dp/hard/libc_nano.a(lib_a-lock.o)
                0x0000000024060956                __lock___sinit_recursive_mutex
 *fill*         0x0000000024060957        0x1 
 .bss.__malloc_free_list
                0x0000000024060958        0x4 /opt/st/stm32cubeide_1.12.0/plugins/com.st.stm32cube.ide.mcu.externaltools.gnu-tools-for-stm32.10.3-2021.10.linux64_1.0.200.202301161003/tools/bin/../lib/gcc/arm-none-eabi/10.3.1/../../../../arm-none-eabi/lib/thumb/v7e-m+dp/hard/libc_nano.a(lib_a-nano-mallocr.o)
                0x0000000024060958                __malloc_free_list
 .bss.__malloc_sbrk_start
                0x000000002406095c        0x4 /opt/st/stm32cubeide_1.12.0/plugins/com.st.stm32cube.ide.mcu.externaltools.gnu-tools-for-stm32.10.3-2021.10.linux64_1.0.200.202301161003/tools/bin/../lib/gcc/arm-none-eabi/10.3.1/../../../../arm-none-eabi/lib/thumb/v7e-m+dp/hard/libc_nano.a(lib_a-nano-mallocr.o)
                0x000000002406095c                __malloc_sbrk_start
 .bss.errno     0x0000000024060960        0x4 /opt/st/stm32cubeide_1.12.0/plugins/com.st.stm32cube.ide.mcu.externaltools.gnu-tools-for-stm32.10.3-2021.10.linux64_1.0.200.202301161003/tools/bin/../lib/gcc/arm-none-eabi/10.3.1/../../../../arm-none-eabi/lib/thumb/v7e-m+dp/hard/libc_nano.a(lib_a-reent.o)
                0x0000000024060960                errno
 *(COMMON)
                0x0000000024060964                . = ALIGN (0x4)
                0x0000000024060964                _ebss = .
                0x0000000024060964                __bss_end__ = _ebss

._user_heap_stack
                0x0000000024060964      0x604 load address 0x0000000008011794
                0x0000000024060968                . = ALIGN (0x8)
 *fill*         0x0000000024060964        0x4 
                [!provide]                        PROVIDE (end = .)
                0x0000000024060968                PROVIDE (_end = .)
                0x0000000024060b68                . = (. + _Min_Heap_Size)
 *fill*         0x0000000024060968      0x200 
                0x0000000024060f68                . = (. + _Min_Stack_Size)
 *fill*         0x0000000024060b68      0x400 
                0x0000000024060f68                . = ALIGN (0x8)

/DISCARD/
 libc.a(*)
 libm.a(*)
 libgcc.a(*)

.ARM.attributes
                0x0000000000000000       0x2e
 *(.ARM.attributes)
 .ARM.attributes
                0x0000000000000000       0x1e /opt/st/stm32cubeide_1.12.0/plugins/com.st.stm32cube.ide.mcu.externaltools.gnu-tools-for-stm32.10.3-2021.10.linux64_1.0.200.202301161003/tools/bin/../lib/gcc/arm-none-eabi/10.3.1/thumb/v7e-m+dp/hard/crti.o
 .ARM.attributes
                0x000000000000001e       0x32 /opt/st/stm32cubeide_1.12.0/plugins/com.st.stm32cube.ide.mcu.externaltools.gnu-tools-for-stm32.10.3-2021.10.linux64_1.0.200.202301161003/tools/bin/../lib/gcc/arm-none-eabi/10.3.1/thumb/v7e-m+dp/hard/crtbegin.o
 .ARM.attributes
                0x0000000000000050       0x32 ./Core/Src/main.o
 .ARM.attributes
                0x0000000000000082       0x32 ./Core/Src/ov5640.o
 .ARM.attributes
                0x00000000000000b4       0x32 ./Core/Src/ov5640_reg.o
 .ARM.attributes
                0x00000000000000e6       0x32 ./Core/Src/retarget.o
 .ARM.attributes
                0x0000000000000118       0x32 ./Core/Src/stm32h7b3i_discovery_bus.o
 .ARM.attributes
                0x000000000000014a       0x32 ./Core/Src/stm32h7b3i_discovery_camera.o
 .ARM.attributes
                0x000000000000017c       0x32 ./Core/Src/stm32h7xx_hal_msp.o
 .ARM.attributes
                0x00000000000001ae       0x32 ./Core/Src/stm32h7xx_it.o
 .ARM.attributes
                0x00000000000001e0       0x32 ./Core/Src/syscalls.o
 .ARM.attributes
                0x0000000000000212       0x32 ./Core/Src/sysmem.o
 .ARM.attributes
                0x0000000000000244       0x32 ./Core/Src/system_stm32h7xx.o
 .ARM.attributes
                0x0000000000000276       0x21 ./Core/Startup/startup_stm32h7b3lihxq.o
 .ARM.attributes
                0x0000000000000297       0x32 ./Drivers/STM32H7xx_HAL_Driver/Src/stm32h7xx_hal.o
 .ARM.attributes
                0x00000000000002c9       0x32 ./Drivers/STM32H7xx_HAL_Driver/Src/stm32h7xx_hal_cortex.o
 .ARM.attributes