Archive member included to satisfy reference by file (symbol)

/opt/st/stm32cubeide_1.12.0/plugins/com.st.stm32cube.ide.mcu.externaltools.gnu-tools-for-stm32.10.3-2021.10.linux64_1.0.200.202301161003/tools/bin/../lib/gcc/arm-none-eabi/10.3.1/../../../../arm-none-eabi/lib/thumb/v7e-m+dp/hard/libc_nano.a(lib_a-errno.o)
                              ./Core/Src/retarget.o (__errno)
/opt/st/stm32cubeide_1.12.0/plugins/com.st.stm32cube.ide.mcu.externaltools.gnu-tools-for-stm32.10.3-2021.10.linux64_1.0.200.202301161003/tools/bin/../lib/gcc/arm-none-eabi/10.3.1/../../../../arm-none-eabi/lib/thumb/v7e-m+dp/hard/libc_nano.a(lib_a-exit.o)
                              /opt/st/stm32cubeide_1.12.0/plugins/com.st.stm32cube.ide.mcu.externaltools.gnu-tools-for-stm32.10.3-2021.10.linux64_1.0.200.202301161003/tools/bin/../lib/gcc/arm-none-eabi/10.3.1/../../../../arm-none-eabi/lib/thumb/v7e-m+dp/hard/crt0.o (exit)
/opt/st/stm32cubeide_1.12.0/plugins/com.st.stm32cube.ide.mcu.externaltools.gnu-tools-for-stm32.10.3-2021.10.linux64_1.0.200.202301161003/tools/bin/../lib/gcc/arm-none-eabi/10.3.1/../../../../arm-none-eabi/lib/thumb/v7e-m+dp/hard/libc_nano.a(lib_a-impure.o)
                              /opt/st/stm32cubeide_1.12.0/plugins/com.st.stm32cube.ide.mcu.externaltools.gnu-tools-for-stm32.10.3-2021.10.linux64_1.0.200.202301161003/tools/bin/../lib/gcc/arm-none-eabi/10.3.1/../../../../arm-none-eabi/lib/thumb/v7e-m+dp/hard/libc_nano.a(lib_a-exit.o) (_global_impure_ptr)
/opt/st/stm32cubeide_1.12.0/plugins/com.st.stm32cube.ide.mcu.externaltools.gnu-tools-for-stm32.10.3-2021.10.linux64_1.0.200.202301161003/tools/bin/../lib/gcc/arm-none-eabi/10.3.1/../../../../arm-none-eabi/lib/thumb/v7e-m+dp/hard/libc_nano.a(lib_a-init.o)
                              /opt/st/stm32cubeide_1.12.0/plugins/com.st.stm32cube.ide.mcu.externaltools.gnu-tools-for-stm32.10.3-2021.10.linux64_1.0.200.202301161003/tools/bin/../lib/gcc/arm-none-eabi/10.3.1/../../../../arm-none-eabi/lib/thumb/v7e-m+dp/hard/crt0.o (__libc_init_array)
/opt/st/stm32cubeide_1.12.0/plugins/com.st.stm32cube.ide.mcu.externaltools.gnu-tools-for-stm32.10.3-2021.10.linux64_1.0.200.202301161003/tools/bin/../lib/gcc/arm-none-eabi/10.3.1/../../../../arm-none-eabi/lib/thumb/v7e-m+dp/hard/libc_nano.a(lib_a-memset.o)
                              /opt/st/stm32cubeide_1.12.0/plugins/com.st.stm32cube.ide.mcu.externaltools.gnu-tools-for-stm32.10.3-2021.10.linux64_1.0.200.202301161003/tools/bin/../lib/gcc/arm-none-eabi/10.3.1/../../../../arm-none-eabi/lib/thumb/v7e-m+dp/hard/crt0.o (memset)
/opt/st/stm32cubeide_1.12.0/plugins/com.st.stm32cube.ide.mcu.externaltools.gnu-tools-for-stm32.10.3-2021.10.linux64_1.0.200.202301161003/tools/bin/../lib/gcc/arm-none-eabi/10.3.1/../../../../arm-none-eabi/lib/thumb/v7e-m+dp/hard/libc_nano.a(lib_a-setvbuf.o)
                              ./Core/Src/retarget.o (setvbuf)
/opt/st/stm32cubeide_1.12.0/plugins/com.st.stm32cube.ide.mcu.externaltools.gnu-tools-for-stm32.10.3-2021.10.linux64_1.0.200.202301161003/tools/bin/../lib/gcc/arm-none-eabi/10.3.1/../../../../arm-none-eabi/lib/thumb/v7e-m+dp/hard/libc_nano.a(lib_a-fflush.o)
                              /opt/st/stm32cubeide_1.12.0/plugins/com.st.stm32cube.ide.mcu.externaltools.gnu-tools-for-stm32.10.3-2021.10.linux64_1.0.200.202301161003/tools/bin/../lib/gcc/arm-none-eabi/10.3.1/../../../../arm-none-eabi/lib/thumb/v7e-m+dp/hard/libc_nano.a(lib_a-setvbuf.o) (_fflush_r)
/opt/st/stm32cubeide_1.12.0/plugins/com.st.stm32cube.ide.mcu.externaltools.gnu-tools-for-stm32.10.3-2021.10.linux64_1.0.200.202301161003/tools/bin/../lib/gcc/arm-none-eabi/10.3.1/../../../../arm-none-eabi/lib/thumb/v7e-m+dp/hard/libc_nano.a(lib_a-findfp.o)
                              /opt/st/stm32cubeide_1.12.0/plugins/com.st.stm32cube.ide.mcu.externaltools.gnu-tools-for-stm32.10.3-2021.10.linux64_1.0.200.202301161003/tools/bin/../lib/gcc/arm-none-eabi/10.3.1/../../../../arm-none-eabi/lib/thumb/v7e-m+dp/hard/libc_nano.a(lib_a-setvbuf.o) (__sinit)
/opt/st/stm32cubeide_1.12.0/plugins/com.st.stm32cube.ide.mcu.externaltools.gnu-tools-for-stm32.10.3-2021.10.linux64_1.0.200.202301161003/tools/bin/../lib/gcc/arm-none-eabi/10.3.1/../../../../arm-none-eabi/lib/thumb/v7e-m+dp/hard/libc_nano.a(lib_a-fwalk.o)
                              /opt/st/stm32cubeide_1.12.0/plugins/com.st.stm32cube.ide.mcu.externaltools.gnu-tools-for-stm32.10.3-2021.10.linux64_1.0.200.202301161003/tools/bin/../lib/gcc/arm-none-eabi/10.3.1/../../../../arm-none-eabi/lib/thumb/v7e-m+dp/hard/libc_nano.a(lib_a-findfp.o) (_fwalk)
/opt/st/stm32cubeide_1.12.0/plugins/com.st.stm32cube.ide.mcu.externaltools.gnu-tools-for-stm32.10.3-2021.10.linux64_1.0.200.202301161003/tools/bin/../lib/gcc/arm-none-eabi/10.3.1/../../../../arm-none-eabi/lib/thumb/v7e-m+dp/hard/libc_nano.a(lib_a-lock.o)
[...]
Memory Configuration

Name             Origin             Length             Attributes
ITCMRAM          0x0000000000000000 0x0000000000010000 xrw
FLASH            0x0000000008000000 0x0000000000200000 xr
DTCMRAM1         0x0000000020000000 0x0000000000010000 xrw
DTCMRAM2         0x0000000020010000 0x0000000000010000 xrw
RAM              0x0000000024000000 0x0000000000100000 xrw
RAM_CD           0x0000000030000000 0x0000000000020000 xrw
RAM_SRD          0x0000000038000000 0x0000000000008000 xrw
*default*        0x0000000000000000 0xffffffffffffffff

Linker script and memory map

LOAD /opt/st/stm32cubeide_1.12.0/plugins/com.st.stm32cube.ide.mcu.externaltools.gnu-tools-for-stm32.10.3-2021.10.linux64_1.0.200.202301161003/tools/bin/../lib/gcc/arm-none-eabi/10.3.1/thumb/v7e-m+dp/hard/crti.o
LOAD /opt/st/stm32cubeide_1.12.0/plugins/com.st.stm32cube.ide.mcu.externaltools.gnu-tools-for-stm32.10.3-2021.10.linux64_1.0.200.202301161003/tools/bin/../lib/gcc/arm-none-eabi/10.3.1/thumb/v7e-m+dp/hard/crtbegin.o
LOAD /opt/st/stm32cubeide_1.12.0/plugins/com.st.stm32cube.ide.mcu.externaltools.gnu-tools-for-stm32.10.3-2021.10.linux64_1.0.200.202301161003/tools/bin/../lib/gcc/arm-none-eabi/10.3.1/../../../../arm-none-eabi/lib/thumb/v7e-m+dp/hard/crt0.o
LOAD ./Core/Src/dcmi.o
LOAD ./Core/Src/dma.o
LOAD ./Core/Src/dma2d.o
LOAD ./Core/Src/draw.o
LOAD ./Core/Src/fmc.o
LOAD ./Core/Src/gpio.o
LOAD ./Core/Src/img_utils.o
LOAD ./Core/Src/ltdc.o
LOAD ./Core/Src/main.o
LOAD ./Core/Src/ov5640.o
LOAD ./Core/Src/ov5640_reg.o
LOAD ./Core/Src/process.o
LOAD ./Core/Src/retarget.o
LOAD ./Core/Src/rtc.o
LOAD ./Core/Src/stm32h7b3i_discovery_bus.o
LOAD ./Core/Src/stm32h7b3i_discovery_camera.o
LOAD ./Core/Src/stm32h7xx_hal_msp.o
LOAD ./Core/Src/stm32h7xx_it.o
LOAD ./Core/Src/syscalls.o
LOAD ./Core/Src/sysmem.o
LOAD ./Core/Src/system_stm32h7xx.o
LOAD ./Core/Src/usart.o
LOAD ./Core/Startup/startup_stm32h7b3lihxq.o
LOAD ./Drivers/STM32H7xx_HAL_Driver/Src/stm32h7xx_hal.o
LOAD ./Drivers/STM32H7xx_HAL_Driver/Src/stm32h7xx_hal_cortex.o
LOAD ./Drivers/STM32H7xx_HAL_Driver/Src/stm32h7xx_hal_dcmi.o
LOAD ./Drivers/STM32H7xx_HAL_Driver/Src/stm32h7xx_hal_dma.o
LOAD ./Drivers/STM32H7xx_HAL_Driver/Src/stm32h7xx_hal_dma2d.o
LOAD ./Drivers/STM32H7xx_HAL_Driver/Src/stm32h7xx_hal_dma_ex.o
LOAD ./Drivers/STM32H7xx_HAL_Driver/Src/stm32h7xx_hal_exti.o
LOAD ./Drivers/STM32H7xx_HAL_Driver/Src/stm32h7xx_hal_flash.o
LOAD ./Drivers/STM32H7xx_HAL_Driver/Src/stm32h7xx_hal_flash_ex.o
LOAD ./Drivers/STM32H7xx_HAL_Driver/Src/stm32h7xx_hal_gpio.o
LOAD ./Drivers/STM32H7xx_HAL_Driver/Src/stm32h7xx_hal_hsem.o
LOAD ./Drivers/STM32H7xx_HAL_Driver/Src/stm32h7xx_hal_i2c.o
LOAD ./Drivers/STM32H7xx_HAL_Driver/Src/stm32h7xx_hal_i2c_ex.o
LOAD ./Drivers/STM32H7xx_HAL_Driver/Src/stm32h7xx_hal_ltdc.o
LOAD ./Drivers/STM32H7xx_HAL_Driver/Src/stm32h7xx_hal_ltdc_ex.o
LOAD ./Drivers/STM32H7xx_HAL_Driver/Src/stm32h7xx_hal_mdma.o
LOAD ./Drivers/STM32H7xx_HAL_Driver/Src/stm32h7xx_hal_pwr.o
LOAD ./Drivers/STM32H7xx_HAL_Driver/Src/stm32h7xx_hal_pwr_ex.o
LOAD ./Drivers/STM32H7xx_HAL_Driver/Src/stm32h7xx_hal_rcc.o
LOAD ./Drivers/STM32H7xx_HAL_Driver/Src/stm32h7xx_hal_rcc_ex.o
LOAD ./Drivers/STM32H7xx_HAL_Driver/Src/stm32h7xx_hal_rtc.o
LOAD ./Drivers/STM32H7xx_HAL_Driver/Src/stm32h7xx_hal_rtc_ex.o
LOAD ./Drivers/STM32H7xx_HAL_Driver/Src/stm32h7xx_hal_sdram.o
LOAD ./Drivers/STM32H7xx_HAL_Driver/Src/stm32h7xx_hal_tim.o
LOAD ./Drivers/STM32H7xx_HAL_Driver/Src/stm32h7xx_hal_tim_ex.o
LOAD ./Drivers/STM32H7xx_HAL_Driver/Src/stm32h7xx_hal_uart.o
LOAD ./Drivers/STM32H7xx_HAL_Driver/Src/stm32h7xx_hal_uart_ex.o
LOAD ./Drivers/STM32H7xx_HAL_Driver/Src/stm32h7xx_ll_fmc.o
START GROUP
LOAD /opt/st/stm32cubeide_1.12.0/plugins/com.st.stm32cube.ide.mcu.externaltools.gnu-tools-for-stm32.10.3-2021.10.linux64_1.0.200.202301161003/tools/bin/../lib/gcc/arm-none-eabi/10.3.1/../../../../arm-none-eabi/lib/thumb/v7e-m+dp/hard/libc_nano.a
LOAD /opt/st/stm32cubeide_1.12.0/plugins/com.st.stm32cube.ide.mcu.externaltools.gnu-tools-for-stm32.10.3-2021.10.linux64_1.0.200.202301161003/tools/bin/../lib/gcc/arm-none-eabi/10.3.1/../../../../arm-none-eabi/lib/thumb/v7e-m+dp/hard/libm.a
END GROUP
START GROUP
LOAD /opt/st/stm32cubeide_1.12.0/plugins/com.st.stm32cube.ide.mcu.externaltools.gnu-tools-for-stm32.10.3-2021.10.linux64_1.0.200.202301161003/tools/bin/../lib/gcc/arm-none-eabi/10.3.1/thumb/v7e-m+dp/hard/libgcc.a
LOAD /opt/st/stm32cubeide_1.12.0/plugins/com.st.stm32cube.ide.mcu.externaltools.gnu-tools-for-stm32.10.3-2021.10.linux64_1.0.200.202301161003/tools/bin/../lib/gcc/arm-none-eabi/10.3.1/../../../../arm-none-eabi/lib/thumb/v7e-m+dp/hard/libc_nano.a
END GROUP
START GROUP
LOAD /opt/st/stm32cubeide_1.12.0/plugins/com.st.stm32cube.ide.mcu.externaltools.gnu-tools-for-stm32.10.3-2021.10.linux64_1.0.200.202301161003/tools/bin/../lib/gcc/arm-none-eabi/10.3.1/thumb/v7e-m+dp/hard/libgcc.a
LOAD /opt/st/stm32cubeide_1.12.0/plugins/com.st.stm32cube.ide.mcu.externaltools.gnu-tools-for-stm32.10.3-2021.10.linux64_1.0.200.202301161003/tools/bin/../lib/gcc/arm-none-eabi/10.3.1/../../../../arm-none-eabi/lib/thumb/v7e-m+dp/hard/libc_nano.a
LOAD /opt/st/stm32cubeide_1.12.0/plugins/com.st.stm32cube.ide.mcu.externaltools.gnu-tools-for-stm32.10.3-2021.10.linux64_1.0.200.202301161003/tools/bin/../lib/gcc/arm-none-eabi/10.3.1/../../../../arm-none-eabi/lib/thumb/v7e-m+dp/hard/libnosys.a
END GROUP
START GROUP
LOAD /opt/st/stm32cubeide_1.12.0/plugins/com.st.stm32cube.ide.mcu.externaltools.gnu-tools-for-stm32.10.3-2021.10.linux64_1.0.200.202301161003/tools/bin/../lib/gcc/arm-none-eabi/10.3.1/thumb/v7e-m+dp/hard/libgcc.a
LOAD /opt/st/stm32cubeide_1.12.0/plugins/com.st.stm32cube.ide.mcu.externaltools.gnu-tools-for-stm32.10.3-2021.10.linux64_1.0.200.202301161003/tools/bin/../lib/gcc/arm-none-eabi/10.3.1/../../../../arm-none-eabi/lib/thumb/v7e-m+dp/hard/libc_nano.a
LOAD /opt/st/stm32cubeide_1.12.0/plugins/com.st.stm32cube.ide.mcu.externaltools.gnu-tools-for-stm32.10.3-2021.10.linux64_1.0.200.202301161003/tools/bin/../lib/gcc/arm-none-eabi/10.3.1/../../../../arm-none-eabi/lib/thumb/v7e-m+dp/hard/libnosys.a
END GROUP
LOAD /opt/st/stm32cubeide_1.12.0/plugins/com.st.stm32cube.ide.mcu.externaltools.gnu-tools-for-stm32.10.3-2021.10.linux64_1.0.200.202301161003/tools/bin/../lib/gcc/arm-none-eabi/10.3.1/thumb/v7e-m+dp/hard/crtend.o
LOAD /opt/st/stm32cubeide_1.12.0/plugins/com.st.stm32cube.ide.mcu.externaltools.gnu-tools-for-stm32.10.3-2021.10.linux64_1.0.200.202301161003/tools/bin/../lib/gcc/arm-none-eabi/10.3.1/thumb/v7e-m+dp/hard/crtn.o
                0x0000000024100000                _estack = (ORIGIN (RAM) + LENGTH (RAM))
                0x0000000000000200                _Min_Heap_Size = 0x200
                0x0000000000000400                _Min_Stack_Size = 0x400

.isr_vector     0x0000000008000000      0x2ac
                0x0000000008000000                . = ALIGN (0x4)
 *(.isr_vector)
 .isr_vector    0x0000000008000000      0x2ac ./Core/Startup/startup_stm32h7b3lihxq.o
                0x0000000008000000                g_pfnVectors
                0x00000000080002ac                . = ALIGN (0x4)

.text           0x00000000080002ac     0xfd04
                0x00000000080002ac                . = ALIGN (0x4)
 *(.text)
 .text          0x00000000080002ac       0x40 /opt/st/stm32cubeide_1.12.0/plugins/com.st.stm32cube.ide.mcu.externaltools.gnu-tools-for-stm32.10.3-2021.10.linux64_1.0.200.202301161003/tools/bin/../lib/gcc/arm-none-eabi/10.3.1/thumb/v7e-m+dp/hard/crtbegin.o
 .text          0x00000000080002ec       0x30 /opt/st/stm32cubeide_1.12.0/plugins/com.st.stm32cube.ide.mcu.externaltools.gnu-tools-for-stm32.10.3-2021.10.linux64_1.0.200.202301161003/tools/bin/../lib/gcc/arm-none-eabi/10.3.1/thumb/v7e-m+dp/hard/libgcc.a(_aeabi_uldivmod.o)
                0x00000000080002ec                __aeabi_uldivmod
 .text          0x000000000800031c      0x2d0 /opt/st/stm32cubeide_1.12.0/plugins/com.st.stm32cube.ide.mcu.externaltools.gnu-tools-for-stm32.10.3-2021.10.linux64_1.0.200.202301161003/tools/bin/../lib/gcc/arm-none-eabi/10.3.1/thumb/v7e-m+dp/hard/libgcc.a(_udivmoddi4.o)
                0x000000000800031c                __udivmoddi4
 .text          0x00000000080005ec        0x4 /opt/st/stm32cubeide_1.12.0/plugins/com.st.stm32cube.ide.mcu.externaltools.gnu-tools-for-stm32.10.3-2021.10.linux64_1.0.200.202301161003/tools/bin/../lib/gcc/arm-none-eabi/10.3.1/thumb/v7e-m+dp/hard/libgcc.a(_dvmd_tls.o)
                0x00000000080005ec                __aeabi_ldiv0
                0x00000000080005ec                __aeabi_idiv0
 *(.text*)
 .text.MX_DCMI_Init
                0x00000000080005f0       0x68 ./Core/Src/dcmi.o
                0x00000000080005f0                MX_DCMI_Init
 .text.HAL_DCMI_MspInit
                0x0000000008000658      0x21c ./Core/Src/dcmi.o
                0x0000000008000658                HAL_DCMI_MspInit
 .text.MX_DMA_Init
                0x0000000008000874       0x40 ./Core/Src/dma.o
                0x0000000008000874                MX_DMA_Init
 .text.MX_DMA2D_Init
                0x00000000080008b4       0x78 ./Core/Src/dma2d.o
                0x00000000080008b4                MX_DMA2D_Init
 .text.HAL_DMA2D_MspInit
                0x000000000800092c       0x50 ./Core/Src/dma2d.o
                0x000000000800092c                HAL_DMA2D_MspInit
 .text.DMA2D_Convert
                0x000000000800097c       0x50 ./Core/Src/dma2d.o
                0x000000000800097c                DMA2D_Convert
 .text.drawVLine
                0x00000000080009cc       0x66 ./Core/Src/draw.o
                0x00000000080009cc                drawVLine
 .text.drawHLine
                0x0000000008000a32       0xa6 ./Core/Src/draw.o
                0x0000000008000a32                drawHLine
 .text.drawCrosshair
                0x0000000008000ad8       0x3a ./Core/Src/draw.o
                0x0000000008000ad8                drawCrosshair
 *fill*         0x0000000008000b12        0x2 
 .text.MX_FMC_Init
                0x0000000008000b14      0x114 ./Core/Src/fmc.o
                0x0000000008000b14                MX_FMC_Init
 .text.HAL_FMC_MspInit
                0x0000000008000c28      0x194 ./Core/Src/fmc.o
 .text.HAL_SDRAM_MspInit
                0x0000000008000dbc       0x14 ./Core/Src/fmc.o
                0x0000000008000dbc                HAL_SDRAM_MspInit
 .text.MX_GPIO_Init
                0x0000000008000dd0      0x464 ./Core/Src/gpio.o
                0x0000000008000dd0                MX_GPIO_Init
 .text.MX_LTDC_Init
                0x0000000008001234       0xfc ./Core/Src/ltdc.o
                0x0000000008001234                MX_LTDC_Init
 .text.HAL_LTDC_MspInit
                0x0000000008001330      0x1ac ./Core/Src/ltdc.o
                0x0000000008001330                HAL_LTDC_MspInit
 .text.LTDC_Init_from_buffer
                0x00000000080014dc       0x88 ./Core/Src/ltdc.o
                0x00000000080014dc                LTDC_Init_from_buffer
 .text.main     0x0000000008001564       0xc0 ./Core/Src/main.o
                0x0000000008001564                main
 .text.SystemClock_Config
                0x0000000008001624      0x10c ./Core/Src/main.o
                0x0000000008001624                SystemClock_Config
 .text.BSP_CAMERA_FrameEventCallback
                0x0000000008001730       0x20 ./Core/Src/main.o
                0x0000000008001730                BSP_CAMERA_FrameEventCallback
 .text.Error_Handler
                0x0000000008001750        0xa ./Core/Src/main.o
                0x0000000008001750                Error_Handler
 *fill*         0x000000000800175a        0x2 
 .text.OV5640_RegisterBusIO
                0x000000000800175c       0x84 ./Core/Src/ov5640.o
                0x000000000800175c                OV5640_RegisterBusIO
 .text.OV5640_Init
                0x00000000080017e0       0xf4 ./Core/Src/ov5640.o
                0x00000000080017e0                OV5640_Init
 .text.OV5640_DeInit
                0x00000000080018d4       0x28 ./Core/Src/ov5640.o
                0x00000000080018d4                OV5640_DeInit
 .text.OV5640_SetPixelFormat
                0x00000000080018fc      0x328 ./Core/Src/ov5640.o
                0x00000000080018fc                OV5640_SetPixelFormat
 .text.OV5640_GetPixelFormat
                0x0000000008001c24       0x1a ./Core/Src/ov5640.o
                0x0000000008001c24                OV5640_GetPixelFormat
 *fill*         0x0000000008001c3e        0x2 
 .text.OV5640_SetResolution
                0x0000000008001c40      0x1ec ./Core/Src/ov5640.o
                0x0000000008001c40                OV5640_SetResolution
 .text.OV5640_GetResolution
                0x0000000008001e2c      0x14c ./Core/Src/ov5640.o
                0x0000000008001e2c                OV5640_GetResolution
 .text.OV5640_SetPolarities
                0x0000000008001f78       0x8c ./Core/Src/ov5640.o
                0x0000000008001f78                OV5640_SetPolarities
 .text.OV5640_ReadID
                0x0000000008002004       0xa6 ./Core/Src/ov5640.o
                0x0000000008002004                OV5640_ReadID
 .text.OV5640_GetCapabilities
                0x00000000080020aa       0x66 ./Core/Src/ov5640.o
                0x00000000080020aa                OV5640_GetCapabilities
 .text.OV5640_SetLightMode
                0x0000000008002110      0x264 ./Core/Src/ov5640.o
                0x0000000008002110                OV5640_SetLightMode
 .text.OV5640_SetColorEffect
                0x0000000008002374      0x400 ./Core/Src/ov5640.o
                0x0000000008002374                OV5640_SetColorEffect
 .text.OV5640_SetBrightness
                0x0000000008002774       0xe0 ./Core/Src/ov5640.o
                0x0000000008002774                OV5640_SetBrightness
 .text.OV5640_SetSaturation
                0x0000000008002854       0xd0 ./Core/Src/ov5640.o
                0x0000000008002854                OV5640_SetSaturation
 .text.OV5640_SetContrast
                0x0000000008002924       0xd0 ./Core/Src/ov5640.o
                0x0000000008002924                OV5640_SetContrast
 .text.OV5640_SetHueDegree
                0x00000000080029f4      0x108 ./Core/Src/ov5640.o
                0x00000000080029f4                OV5640_SetHueDegree
 .text.OV5640_MirrorFlipConfig
                0x0000000008002afc      0x1d2 ./Core/Src/ov5640.o
                0x0000000008002afc                OV5640_MirrorFlipConfig
 .text.OV5640_ZoomConfig
                0x0000000008002cce       0xd0 ./Core/Src/ov5640.o
                0x0000000008002cce                OV5640_ZoomConfig
 .text.OV5640_NightModeConfig
                0x0000000008002d9e      0x20c ./Core/Src/ov5640.o
                0x0000000008002d9e                OV5640_NightModeConfig
 .text.OV5640_Delay
                0x0000000008002faa       0x34 ./Core/Src/ov5640.o
 .text.OV5640_ReadRegWrap
                0x0000000008002fde       0x32 ./Core/Src/ov5640.o
 .text.OV5640_WriteRegWrap
                0x0000000008003010       0x32 ./Core/Src/ov5640.o
 .text.ov5640_read_reg
                0x0000000008003042       0x2e ./Core/Src/ov5640_reg.o
                0x0000000008003042                ov5640_read_reg
 .text.ov5640_write_reg
                0x0000000008003070       0x2e ./Core/Src/ov5640_reg.o
                0x0000000008003070                ov5640_write_reg
 *fill*         0x000000000800309e        0x2 
 .text.postProcess
                0x00000000080030a0       0xc4 ./Core/Src/process.o
                0x00000000080030a0                postProcess
 .text.RetargetInit
                0x0000000008003164       0x30 ./Core/Src/retarget.o
                0x0000000008003164                RetargetInit
 .text._write   0x0000000008003194       0x58 ./Core/Src/retarget.o
                0x0000000008003194                _write
 .text._close   0x00000000080031ec       0x2e ./Core/Src/retarget.o
                0x00000000080031ec                _close
 *fill*         0x000000000800321a        0x2 
 .text._read    0x000000000800321c       0x50 ./Core/Src/retarget.o
                0x000000000800321c                _read
 .text._fstat   0x000000000800326c       0x36 ./Core/Src/retarget.o
                0x000000000800326c                _fstat
 *fill*         0x00000000080032a2        0x2 
 .text.MX_RTC_Init
                0x00000000080032a4       0x54 ./Core/Src/rtc.o
                0x00000000080032a4                MX_RTC_Init
 .text.HAL_RTC_MspInit
                0x00000000080032f8       0x64 ./Core/Src/rtc.o
                0x00000000080032f8                HAL_RTC_MspInit
 .text.BSP_I2C4_Init
                0x000000000800335c       0x74 ./Core/Src/stm32h7b3i_discovery_bus.o
                0x000000000800335c                BSP_I2C4_Init
 .text.BSP_I2C4_DeInit
                0x00000000080033d0       0x48 ./Core/Src/stm32h7b3i_discovery_bus.o
                0x00000000080033d0                BSP_I2C4_DeInit
 .text.MX_I2C4_Init
                0x0000000008003418       0x84 ./Core/Src/stm32h7b3i_discovery_bus.o
                0x0000000008003418                MX_I2C4_Init
 .text.BSP_I2C4_WriteReg16
                0x000000000800349c       0x5c ./Core/Src/stm32h7b3i_discovery_bus.o
                0x000000000800349c                BSP_I2C4_WriteReg16
 .text.BSP_I2C4_ReadReg16
                0x00000000080034f8       0x5c ./Core/Src/stm32h7b3i_discovery_bus.o
                0x00000000080034f8                BSP_I2C4_ReadReg16
 .text.BSP_GetTick
                0x0000000008003554        0xe ./Core/Src/stm32h7b3i_discovery_bus.o
                0x0000000008003554                BSP_GetTick
 *fill*         0x0000000008003562        0x2 
 .text.I2C_GetTiming
                0x0000000008003564      0x100 ./Core/Src/stm32h7b3i_discovery_bus.o
 .text.I2C_Compute_PRESC_SCLDEL_SDADEL
                0x0000000008003664      0x1dc ./Core/Src/stm32h7b3i_discovery_bus.o
 .text.I2C_Compute_SCLL_SCLH
                0x0000000008003840      0x210 ./Core/Src/stm32h7b3i_discovery_bus.o
 .text.I2C4_MspInit
                0x0000000008003a50       0xd8 ./Core/Src/stm32h7b3i_discovery_bus.o
 .text.I2C4_MspDeInit
                0x0000000008003b28       0x48 ./Core/Src/stm32h7b3i_discovery_bus.o
 .text.I2C4_WriteReg
                0x0000000008003b70       0x4c ./Core/Src/stm32h7b3i_discovery_bus.o
 .text.I2C4_ReadReg
                0x0000000008003bbc       0x4c ./Core/Src/stm32h7b3i_discovery_bus.o
 .text.BSP_CAMERA_Init
                0x0000000008003c08       0x8c ./Core/Src/stm32h7b3i_discovery_camera.o
                0x0000000008003c08                BSP_CAMERA_Init
 .text.BSP_CAMERA_Start
                0x0000000008003c94       0x74 ./Core/Src/stm32h7b3i_discovery_camera.o
                0x0000000008003c94                BSP_CAMERA_Start
 .text.BSP_CAMERA_Stop
                0x0000000008003d08       0x3c ./Core/Src/stm32h7b3i_discovery_camera.o
                0x0000000008003d08                BSP_CAMERA_Stop
 .text.BSP_CAMERA_HwReset
                0x0000000008003d44       0x26 ./Core/Src/stm32h7b3i_discovery_camera.o
                0x0000000008003d44                BSP_CAMERA_HwReset
 .text.BSP_CAMERA_PwrDown
                0x0000000008003d6a       0x26 ./Core/Src/stm32h7b3i_discovery_camera.o
                0x0000000008003d6a                BSP_CAMERA_PwrDown
 .text.BSP_CAMERA_LineEventCallback
                0x0000000008003d90       0x14 ./Core/Src/stm32h7b3i_discovery_camera.o
                0x0000000008003d90                BSP_CAMERA_LineEventCallback
 .text.BSP_CAMERA_VsyncEventCallback
                0x0000000008003da4       0x14 ./Core/Src/stm32h7b3i_discovery_camera.o
                0x0000000008003da4                BSP_CAMERA_VsyncEventCallback
 .text.BSP_CAMERA_ErrorCallback
                0x0000000008003db8       0x14 ./Core/Src/stm32h7b3i_discovery_camera.o
                0x0000000008003db8                BSP_CAMERA_ErrorCallback
 .text.HAL_DCMI_LineEventCallback
                0x0000000008003dcc       0x16 ./Core/Src/stm32h7b3i_discovery_camera.o
                0x0000000008003dcc                HAL_DCMI_LineEventCallback
 .text.HAL_DCMI_FrameEventCallback
                0x0000000008003de2       0x16 ./Core/Src/stm32h7b3i_discovery_camera.o
                0x0000000008003de2                HAL_DCMI_FrameEventCallback
 .text.HAL_DCMI_VsyncEventCallback
                0x0000000008003df8       0x16 ./Core/Src/stm32h7b3i_discovery_camera.o
                0x0000000008003df8                HAL_DCMI_VsyncEventCallback
 .text.HAL_DCMI_ErrorCallback
                0x0000000008003e0e       0x16 ./Core/Src/stm32h7b3i_discovery_camera.o
                0x0000000008003e0e                HAL_DCMI_ErrorCallback
 .text.GetSize  0x0000000008003e24       0xa4 ./Core/Src/stm32h7b3i_discovery_camera.o
 .text.OV5640_Probe
                0x0000000008003ec8       0xe8 ./Core/Src/stm32h7b3i_discovery_camera.o
 .text.HAL_MspInit
                0x0000000008003fb0       0x34 ./Core/Src/stm32h7xx_hal_msp.o
                0x0000000008003fb0                HAL_MspInit
 .text.NMI_Handler
                0x0000000008003fe4        0x6 ./Core/Src/stm32h7xx_it.o
                0x0000000008003fe4                NMI_Handler
 .text.HardFault_Handler
                0x0000000008003fea        0x6 ./Core/Src/stm32h7xx_it.o
                0x0000000008003fea                HardFault_Handler
 .text.MemManage_Handler
                0x0000000008003ff0        0x6 ./Core/Src/stm32h7xx_it.o
                0x0000000008003ff0                MemManage_Handler
 .text.BusFault_Handler
                0x0000000008003ff6        0x6 ./Core/Src/stm32h7xx_it.o
                0x0000000008003ff6                BusFault_Handler
 .text.UsageFault_Handler
                0x0000000008003ffc        0x6 ./Core/Src/stm32h7xx_it.o
                0x0000000008003ffc                UsageFault_Handler
 .text.SVC_Handler
                0x0000000008004002        0xe ./Core/Src/stm32h7xx_it.o
                0x0000000008004002                SVC_Handler
 .text.DebugMon_Handler
                0x0000000008004010        0xe ./Core/Src/stm32h7xx_it.o
                0x0000000008004010                DebugMon_Handler
 .text.PendSV_Handler
                0x000000000800401e        0xe ./Core/Src/stm32h7xx_it.o
                0x000000000800401e                PendSV_Handler
 .text.SysTick_Handler
                0x000000000800402c        0xc ./Core/Src/stm32h7xx_it.o
                0x000000000800402c                SysTick_Handler
 .text.USART1_IRQHandler
                0x0000000008004038       0x14 ./Core/Src/stm32h7xx_it.o
                0x0000000008004038                USART1_IRQHandler
 .text.DMA2_Stream1_IRQHandler
                0x000000000800404c       0x14 ./Core/Src/stm32h7xx_it.o
                0x000000000800404c                DMA2_Stream1_IRQHandler
 .text.DCMI_PSSI_IRQHandler
                0x0000000008004060       0x14 ./Core/Src/stm32h7xx_it.o
                0x0000000008004060                DCMI_PSSI_IRQHandler
 .text.LTDC_IRQHandler
                0x0000000008004074       0x14 ./Core/Src/stm32h7xx_it.o
                0x0000000008004074                LTDC_IRQHandler
 .text.LTDC_ER_IRQHandler
                0x0000000008004088       0x14 ./Core/Src/stm32h7xx_it.o
                0x0000000008004088                LTDC_ER_IRQHandler
 .text.DMA2D_IRQHandler
                0x000000000800409c       0x14 ./Core/Src/stm32h7xx_it.o
                0x000000000800409c                DMA2D_IRQHandler
 .text._lseek   0x00000000080040b0       0x1a ./Core/Src/syscalls.o
                0x00000000080040b0                _lseek
 *fill*         0x00000000080040ca        0x2 
 .text._sbrk    0x00000000080040cc       0x6c ./Core/Src/sysmem.o
                0x00000000080040cc                _sbrk
 .text.SystemInit
                0x0000000008004138       0xf0 ./Core/Src/system_stm32h7xx.o
                0x0000000008004138                SystemInit
 .text.MX_USART1_UART_Init
                0x0000000008004228       0x98 ./Core/Src/usart.o
                0x0000000008004228                MX_USART1_UART_Init
 .text.HAL_UART_MspInit
                0x00000000080042c0       0xe4 ./Core/Src/usart.o
                0x00000000080042c0                HAL_UART_MspInit
 .text.Reset_Handler
                0x00000000080043a4       0x50 ./Core/Startup/startup_stm32h7b3lihxq.o
                0x00000000080043a4                Reset_Handler
 .text.Default_Handler
                0x00000000080043f4        0x2 ./Core/Startup/startup_stm32h7b3lihxq.o
                0x00000000080043f4                RTC_Alarm_IRQHandler
                0x00000000080043f4                HASH_RNG_IRQHandler
                0x00000000080043f4                EXTI2_IRQHandler
                0x00000000080043f4                TIM8_CC_IRQHandler
                0x00000000080043f4                UART8_IRQHandler
                0x00000000080043f4                BDMA2_Channel1_IRQHandler
                0x00000000080043f4                SPI4_IRQHandler
                0x00000000080043f4                BDMA2_Channel0_IRQHandler
                0x00000000080043f4                TIM1_CC_IRQHandler
                0x00000000080043f4                DMA2_Stream5_IRQHandler
                0x00000000080043f4                JPEG_IRQHandler
                0x00000000080043f4                DMA1_Stream5_IRQHandler
                0x00000000080043f4                EXTI3_IRQHandler
                0x00000000080043f4                LPTIM4_IRQHandler
                0x00000000080043f4                TIM8_TRG_COM_TIM14_IRQHandler
                0x00000000080043f4                LPTIM2_IRQHandler
                0x00000000080043f4                DFSDM1_FLT1_IRQHandler
                0x00000000080043f4                DMAMUX2_OVR_IRQHandler
                0x00000000080043f4                GFXMMU_IRQHandler
                0x00000000080043f4                TIM8_UP_TIM13_IRQHandler
                0x00000000080043f4                I2C3_ER_IRQHandler
                0x00000000080043f4                DFSDM1_FLT2_IRQHandler
                0x00000000080043f4                USART10_IRQHandler
                0x00000000080043f4                MDMA_IRQHandler
                0x00000000080043f4                LPTIM3_IRQHandler
                0x00000000080043f4                BDMA2_Channel3_IRQHandler
                0x00000000080043f4                HSEM1_IRQHandler
                0x00000000080043f4                EXTI0_IRQHandler
                0x00000000080043f4                I2C2_EV_IRQHandler
                0x00000000080043f4                DAC2_IRQHandler
                0x00000000080043f4                DMA1_Stream2_IRQHandler
                0x00000000080043f4                FPU_IRQHandler
                0x00000000080043f4                OTG_HS_WKUP_IRQHandler
                0x00000000080043f4                FDCAN1_IT1_IRQHandler
                0x00000000080043f4                DMA2_Stream2_IRQHandler
                0x00000000080043f4                SPI1_IRQHandler
                0x00000000080043f4                OCTOSPI1_IRQHandler
                0x00000000080043f4                TIM6_DAC_IRQHandler
                0x00000000080043f4                BDMA2_Channel6_IRQHandler
                0x00000000080043f4                DMA2_Stream3_IRQHandler
                0x00000000080043f4                OCTOSPI2_IRQHandler
                0x00000000080043f4                SAI2_IRQHandler
                0x00000000080043f4                BDMA1_IRQHandler
                0x00000000080043f4                DFSDM1_FLT3_IRQHandler
                0x00000000080043f4                USART6_IRQHandler
                0x00000000080043f4                TIM17_IRQHandler
                0x00000000080043f4                USART3_IRQHandler
                0x00000000080043f4                CRYP_IRQHandler
                0x00000000080043f4                LPTIM5_IRQHandler
                0x00000000080043f4                UART5_IRQHandler
                0x00000000080043f4                DMA2_Stream0_IRQHandler
                0x00000000080043f4                TIM4_IRQHandler
                0x00000000080043f4                I2C1_EV_IRQHandler
                0x00000000080043f4                DMA1_Stream6_IRQHandler
                0x00000000080043f4                DMAMUX1_OVR_IRQHandler
                0x00000000080043f4                DMA1_Stream1_IRQHandler
                0x00000000080043f4                TIM16_IRQHandler
                0x00000000080043f4                UART4_IRQHandler
                0x00000000080043f4                TIM3_IRQHandler
                0x00000000080043f4                RCC_IRQHandler
                0x00000000080043f4                UART9_IRQHandler
                0x00000000080043f4                TIM8_BRK_TIM12_IRQHandler
                0x00000000080043f4                TIM1_TRG_COM_IRQHandler
                0x00000000080043f4                Default_Handler
                0x00000000080043f4                ECC_IRQHandler
                0x00000000080043f4                BDMA2_Channel2_IRQHandler
                0x00000000080043f4                CEC_IRQHandler
                0x00000000080043f4                EXTI15_10_IRQHandler
                0x00000000080043f4                DFSDM1_FLT4_IRQHandler
                0x00000000080043f4                ADC_IRQHandler
                0x00000000080043f4                OTFDEC1_IRQHandler
                0x00000000080043f4                DMA1_Stream7_IRQHandler
                0x00000000080043f4                SPI5_IRQHandler
                0x00000000080043f4                TIM7_IRQHandler
                0x00000000080043f4                SDMMC1_IRQHandler
                0x00000000080043f4                TIM5_IRQHandler
                0x00000000080043f4                DMA2_Stream7_IRQHandler
                0x00000000080043f4                TIM15_IRQHandler
                0x00000000080043f4                I2C3_EV_IRQHandler
                0x00000000080043f4                DFSDM2_IRQHandler
                0x00000000080043f4                EXTI9_5_IRQHandler
                0x00000000080043f4                RTC_WKUP_IRQHandler
                0x00000000080043f4                SPDIF_RX_IRQHandler
                0x00000000080043f4                PVD_PVM_IRQHandler
                0x00000000080043f4                SPI2_IRQHandler
                0x00000000080043f4                OTG_HS_EP1_IN_IRQHandler
                0x00000000080043f4                DFSDM1_FLT5_IRQHandler
                0x00000000080043f4                DMA1_Stream0_IRQHandler
                0x00000000080043f4                OTFDEC2_IRQHandler
                0x00000000080043f4                CRS_IRQHandler
                0x00000000080043f4                EXTI4_IRQHandler
                0x00000000080043f4                DFSDM1_FLT6_IRQHandler
                0x00000000080043f4                FDCAN2_IT1_IRQHandler
                0x00000000080043f4                COMP_IRQHandler
                0x00000000080043f4                TIM1_UP_IRQHandler
                0x00000000080043f4                OTG_HS_EP1_OUT_IRQHandler
                0x00000000080043f4                WWDG_IRQHandler
                0x00000000080043f4                SPI6_IRQHandler
                0x00000000080043f4                MDIOS_IRQHandler
                0x00000000080043f4                I2C4_EV_IRQHandler
                0x00000000080043f4                FDCAN2_IT0_IRQHandler
                0x00000000080043f4                LPUART1_IRQHandler
                0x00000000080043f4                FDCAN1_IT0_IRQHandler
                0x00000000080043f4                TIM2_IRQHandler
                0x00000000080043f4                BDMA2_Channel5_IRQHandler
                0x00000000080043f4                OTG_HS_IRQHandler
                0x00000000080043f4                TIM1_BRK_IRQHandler
                0x00000000080043f4                EXTI1_IRQHandler
                0x00000000080043f4                SDMMC2_IRQHandler
                0x00000000080043f4                DTS_IRQHandler
                0x00000000080043f4                UART7_IRQHandler
                0x00000000080043f4                MDIOS_WKUP_IRQHandler
                0x00000000080043f4                USART2_IRQHandler
                0x00000000080043f4                DFSDM1_FLT0_IRQHandler
                0x00000000080043f4                I2C2_ER_IRQHandler
                0x00000000080043f4                DFSDM1_FLT7_IRQHandler
                0x00000000080043f4                FLASH_IRQHandler
                0x00000000080043f4                DMA2_Stream4_IRQHandler
                0x00000000080043f4                SPI3_IRQHandler
                0x00000000080043f4                WAKEUP_PIN_IRQHandler
                0x00000000080043f4                DMA1_Stream4_IRQHandler
                0x00000000080043f4                I2C1_ER_IRQHandler
                0x00000000080043f4                FMC_IRQHandler
                0x00000000080043f4                BDMA2_Channel7_IRQHandler
                0x00000000080043f4                FDCAN_CAL_IRQHandler
                0x00000000080043f4                SWPMI1_IRQHandler
                0x00000000080043f4                LPTIM1_IRQHandler
                0x00000000080043f4                I2C4_ER_IRQHandler
                0x00000000080043f4                DMA2_Stream6_IRQHandler
                0x00000000080043f4                SAI1_IRQHandler
                0x00000000080043f4                DMA1_Stream3_IRQHandler
                0x00000000080043f4                RTC_TAMP_STAMP_CSS_LSE_IRQHandler
                0x00000000080043f4                BDMA2_Channel4_IRQHandler
 *fill*         0x00000000080043f6        0x2 
 .text.HAL_Init
                0x00000000080043f8       0x78 ./Drivers/STM32H7xx_HAL_Driver/Src/stm32h7xx_hal.o
                0x00000000080043f8                HAL_Init
 .text.HAL_InitTick
                0x0000000008004470       0x6c ./Drivers/STM32H7xx_HAL_Driver/Src/stm32h7xx_hal.o
                0x0000000008004470                HAL_InitTick
 .text.HAL_IncTick
                0x00000000080044dc       0x28 ./Drivers/STM32H7xx_HAL_Driver/Src/stm32h7xx_hal.o
                0x00000000080044dc                HAL_IncTick
 .text.HAL_GetTick
                0x0000000008004504       0x18 ./Drivers/STM32H7xx_HAL_Driver/Src/stm32h7xx_hal.o
                0x0000000008004504                HAL_GetTick
 .text.HAL_Delay
                0x000000000800451c       0x48 ./Drivers/STM32H7xx_HAL_Driver/Src/stm32h7xx_hal.o
                0x000000000800451c                HAL_Delay
 .text.__NVIC_SetPriorityGrouping
                0x0000000008004564       0x48 ./Drivers/STM32H7xx_HAL_Driver/Src/stm32h7xx_hal_cortex.o
 .text.__NVIC_GetPriorityGrouping
                0x00000000080045ac       0x1c ./Drivers/STM32H7xx_HAL_Driver/Src/stm32h7xx_hal_cortex.o
 .text.__NVIC_EnableIRQ
                0x00000000080045c8       0x3c ./Drivers/STM32H7xx_HAL_Driver/Src/stm32h7xx_hal_cortex.o
 .text.__NVIC_SetPriority
                0x0000000008004604       0x54 ./Drivers/STM32H7xx_HAL_Driver/Src/stm32h7xx_hal_cortex.o
 .text.NVIC_EncodePriority
                0x0000000008004658       0x66 ./Drivers/STM32H7xx_HAL_Driver/Src/stm32h7xx_hal_cortex.o
 *fill*         0x00000000080046be        0x2 
 .text.SysTick_Config
                0x00000000080046c0       0x44 ./Drivers/STM32H7xx_HAL_Driver/Src/stm32h7xx_hal_cortex.o
 .text.HAL_NVIC_SetPriorityGrouping
                0x0000000008004704       0x16 ./Drivers/STM32H7xx_HAL_Driver/Src/stm32h7xx_hal_cortex.o
                0x0000000008004704                HAL_NVIC_SetPriorityGrouping
 .text.HAL_NVIC_SetPriority
                0x000000000800471a       0x34 ./Drivers/STM32H7xx_HAL_Driver/Src/stm32h7xx_hal_cortex.o
                0x000000000800471a                HAL_NVIC_SetPriority
 .text.HAL_NVIC_EnableIRQ
                0x000000000800474e       0x1c ./Drivers/STM32H7xx_HAL_Driver/Src/stm32h7xx_hal_cortex.o
                0x000000000800474e                HAL_NVIC_EnableIRQ
 .text.HAL_SYSTICK_Config
                0x000000000800476a       0x18 ./Drivers/STM32H7xx_HAL_Driver/Src/stm32h7xx_hal_cortex.o
                0x000000000800476a                HAL_SYSTICK_Config
 *fill*         0x0000000008004782        0x2 
 .text.HAL_DCMI_Init
                0x0000000008004784       0xf4 ./Drivers/STM32H7xx_HAL_Driver/Src/stm32h7xx_hal_dcmi.o
                0x0000000008004784                HAL_DCMI_Init
 .text.HAL_DCMI_Start_DMA
                0x0000000008004878      0x184 ./Drivers/STM32H7xx_HAL_Driver/Src/stm32h7xx_hal_dcmi.o
                0x0000000008004878                HAL_DCMI_Start_DMA
 .text.HAL_DCMI_Stop
                0x00000000080049fc       0xc0 ./Drivers/STM32H7xx_HAL_Driver/Src/stm32h7xx_hal_dcmi.o
                0x00000000080049fc                HAL_DCMI_Stop
 .text.HAL_DCMI_IRQHandler
                0x0000000008004abc      0x104 ./Drivers/STM32H7xx_HAL_Driver/Src/stm32h7xx_hal_dcmi.o
                0x0000000008004abc                HAL_DCMI_IRQHandler
 .text.DCMI_DMAXferCplt
                0x0000000008004bc0      0x126 ./Drivers/STM32H7xx_HAL_Driver/Src/stm32h7xx_hal_dcmi.o
 .text.DCMI_DMAError
                0x0000000008004ce6       0x3a ./Drivers/STM32H7xx_HAL_Driver/Src/stm32h7xx_hal_dcmi.o
 .text.HAL_DMA_Init
                0x0000000008004d20      0x720 ./Drivers/STM32H7xx_HAL_Driver/Src/stm32h7xx_hal_dma.o
                0x0000000008004d20                HAL_DMA_Init
 .text.HAL_DMA_Start_IT
                0x0000000008005440      0x4d4 ./Drivers/STM32H7xx_HAL_Driver/Src/stm32h7xx_hal_dma.o
                0x0000000008005440                HAL_DMA_Start_IT
 .text.HAL_DMA_Abort
                0x0000000008005914      0x63c ./Drivers/STM32H7xx_HAL_Driver/Src/stm32h7xx_hal_dma.o
                0x0000000008005914                HAL_DMA_Abort
 .text.HAL_DMA_Abort_IT
                0x0000000008005f50      0x48c ./Drivers/STM32H7xx_HAL_Driver/Src/stm32h7xx_hal_dma.o
                0x0000000008005f50                HAL_DMA_Abort_IT
 .text.HAL_DMA_IRQHandler
                0x00000000080063dc      0xec4 ./Drivers/STM32H7xx_HAL_Driver/Src/stm32h7xx_hal_dma.o
                0x00000000080063dc                HAL_DMA_IRQHandler
 .text.DMA_SetConfig
                0x00000000080072a0      0x3c8 ./Drivers/STM32H7xx_HAL_Driver/Src/stm32h7xx_hal_dma.o
 .text.DMA_CalcBaseAndBitshift
                0x0000000008007668      0x164 ./Drivers/STM32H7xx_HAL_Driver/Src/stm32h7xx_hal_dma.o
 .text.DMA_CheckFifoParam
                0x00000000080077cc       0xf8 ./Drivers/STM32H7xx_HAL_Driver/Src/stm32h7xx_hal_dma.o
 .text.DMA_CalcDMAMUXChannelBaseAndMask
                0x00000000080078c4      0x134 ./Drivers/STM32H7xx_HAL_Driver/Src/stm32h7xx_hal_dma.o
 .text.DMA_CalcDMAMUXRequestGenBaseAndMask
                0x00000000080079f8       0xe8 ./Drivers/STM32H7xx_HAL_Driver/Src/stm32h7xx_hal_dma.o
 .text.HAL_DMA2D_Init
                0x0000000008007ae0       0xc8 ./Drivers/STM32H7xx_HAL_Driver/Src/stm32h7xx_hal_dma2d.o
                0x0000000008007ae0                HAL_DMA2D_Init
 .text.HAL_DMA2D_Start
                0x0000000008007ba8       0x56 ./Drivers/STM32H7xx_HAL_Driver/Src/stm32h7xx_hal_dma2d.o
                0x0000000008007ba8                HAL_DMA2D_Start
 .text.HAL_DMA2D_PollForTransfer
                0x0000000008007bfe      0x1d2 ./Drivers/STM32H7xx_HAL_Driver/Src/stm32h7xx_hal_dma2d.o
                0x0000000008007bfe                HAL_DMA2D_PollForTransfer
 .text.HAL_DMA2D_IRQHandler
                0x0000000008007dd0      0x1f8 ./Drivers/STM32H7xx_HAL_Driver/Src/stm32h7xx_hal_dma2d.o
                0x0000000008007dd0                HAL_DMA2D_IRQHandler
 .text.HAL_DMA2D_LineEventCallback
                0x0000000008007fc8       0x14 ./Drivers/STM32H7xx_HAL_Driver/Src/stm32h7xx_hal_dma2d.o
                0x0000000008007fc8                HAL_DMA2D_LineEventCallback
 .text.HAL_DMA2D_CLUTLoadingCpltCallback
                0x0000000008007fdc       0x14 ./Drivers/STM32H7xx_HAL_Driver/Src/stm32h7xx_hal_dma2d.o
                0x0000000008007fdc                HAL_DMA2D_CLUTLoadingCpltCallback
 .text.HAL_DMA2D_ConfigLayer
                0x0000000008007ff0      0x15c ./Drivers/STM32H7xx_HAL_Driver/Src/stm32h7xx_hal_dma2d.o
                0x0000000008007ff0                HAL_DMA2D_ConfigLayer
 .text.DMA2D_SetConfig
                0x000000000800814c      0x14c ./Drivers/STM32H7xx_HAL_Driver/Src/stm32h7xx_hal_dma2d.o
 .text.HAL_DMAEx_MultiBufferStart_IT
                0x0000000008008298      0x6bc ./Drivers/STM32H7xx_HAL_Driver/Src/stm32h7xx_hal_dma_ex.o
                0x0000000008008298                HAL_DMAEx_MultiBufferStart_IT
 .text.HAL_DMAEx_ChangeMemory
                0x0000000008008954      0x138 ./Drivers/STM32H7xx_HAL_Driver/Src/stm32h7xx_hal_dma_ex.o
                0x0000000008008954                HAL_DMAEx_ChangeMemory
 .text.DMA_MultiBufferSetConfig
                0x0000000008008a8c      0x16c ./Drivers/STM32H7xx_HAL_Driver/Src/stm32h7xx_hal_dma_ex.o
 .text.HAL_GPIO_Init
                0x0000000008008bf8      0x360 ./Drivers/STM32H7xx_HAL_Driver/Src/stm32h7xx_hal_gpio.o
                0x0000000008008bf8                HAL_GPIO_Init
 .text.HAL_GPIO_DeInit
                0x0000000008008f58      0x214 ./Drivers/STM32H7xx_HAL_Driver/Src/stm32h7xx_hal_gpio.o
                0x0000000008008f58                HAL_GPIO_DeInit
 .text.HAL_GPIO_WritePin
                0x000000000800916c       0x32 ./Drivers/STM32H7xx_HAL_Driver/Src/stm32h7xx_hal_gpio.o
                0x000000000800916c                HAL_GPIO_WritePin
 .text.HAL_GPIO_TogglePin
                0x000000000800919e       0x34 ./Drivers/STM32H7xx_HAL_Driver/Src/stm32h7xx_hal_gpio.o
                0x000000000800919e                HAL_GPIO_TogglePin
 *fill*         0x00000000080091d2        0x2 
 .text.HAL_I2C_Init
                0x00000000080091d4      0x120 ./Drivers/STM32H7xx_HAL_Driver/Src/stm32h7xx_hal_i2c.o
                0x00000000080091d4                HAL_I2C_Init
 .text.HAL_I2C_DeInit
                0x00000000080092f4       0x5e ./Drivers/STM32H7xx_HAL_Driver/Src/stm32h7xx_hal_i2c.o
                0x00000000080092f4                HAL_I2C_DeInit
 .text.HAL_I2C_MspInit
                0x0000000008009352       0x14 ./Drivers/STM32H7xx_HAL_Driver/Src/stm32h7xx_hal_i2c.o
                0x0000000008009352                HAL_I2C_MspInit
 .text.HAL_I2C_MspDeInit
                0x0000000008009366       0x14 ./Drivers/STM32H7xx_HAL_Driver/Src/stm32h7xx_hal_i2c.o
                0x0000000008009366                HAL_I2C_MspDeInit
 *fill*         0x000000000800937a        0x2 
 .text.HAL_I2C_Mem_Write
                0x000000000800937c      0x228 ./Drivers/STM32H7xx_HAL_Driver/Src/stm32h7xx_hal_i2c.o
                0x000000000800937c                HAL_I2C_Mem_Write
 .text.HAL_I2C_Mem_Read
                0x00000000080095a4      0x234 ./Drivers/STM32H7xx_HAL_Driver/Src/stm32h7xx_hal_i2c.o
                0x00000000080095a4                HAL_I2C_Mem_Read
 .text.HAL_I2C_GetState
                0x00000000080097d8       0x1c ./Drivers/STM32H7xx_HAL_Driver/Src/stm32h7xx_hal_i2c.o
                0x00000000080097d8                HAL_I2C_GetState
 .text.HAL_I2C_GetError
                0x00000000080097f4       0x18 ./Drivers/STM32H7xx_HAL_Driver/Src/stm32h7xx_hal_i2c.o
                0x00000000080097f4                HAL_I2C_GetError
 .text.I2C_RequestMemoryWrite
                0x000000000800980c       0xa8 ./Drivers/STM32H7xx_HAL_Driver/Src/stm32h7xx_hal_i2c.o
 .text.I2C_RequestMemoryRead
                0x00000000080098b4       0xa8 ./Drivers/STM32H7xx_HAL_Driver/Src/stm32h7xx_hal_i2c.o
 .text.I2C_Flush_TXDR
                0x000000000800995c       0x48 ./Drivers/STM32H7xx_HAL_Driver/Src/stm32h7xx_hal_i2c.o
 .text.I2C_WaitOnFlagUntilTimeout
                0x00000000080099a4       0x9e ./Drivers/STM32H7xx_HAL_Driver/Src/stm32h7xx_hal_i2c.o
 .text.I2C_WaitOnTXISFlagUntilTimeout
                0x0000000008009a42       0x8e ./Drivers/STM32H7xx_HAL_Driver/Src/stm32h7xx_hal_i2c.o
 .text.I2C_WaitOnSTOPFlagUntilTimeout
                0x0000000008009ad0       0x86 ./Drivers/STM32H7xx_HAL_Driver/Src/stm32h7xx_hal_i2c.o
 *fill*         0x0000000008009b56        0x2 
 .text.I2C_IsErrorOccurred
                0x0000000008009b58      0x1c0 ./Drivers/STM32H7xx_HAL_Driver/Src/stm32h7xx_hal_i2c.o
 .text.I2C_TransferConfig
                0x0000000008009d18       0x64 ./Drivers/STM32H7xx_HAL_Driver/Src/stm32h7xx_hal_i2c.o
 .text.HAL_I2CEx_ConfigAnalogFilter
                0x0000000008009d7c       0x96 ./Drivers/STM32H7xx_HAL_Driver/Src/stm32h7xx_hal_i2c_ex.o
                0x0000000008009d7c                HAL_I2CEx_ConfigAnalogFilter
 .text.HAL_I2CEx_ConfigDigitalFilter
                0x0000000008009e12       0x98 ./Drivers/STM32H7xx_HAL_Driver/Src/stm32h7xx_hal_i2c_ex.o
                0x0000000008009e12                HAL_I2CEx_ConfigDigitalFilter
 *fill*         0x0000000008009eaa        0x2 
 .text.HAL_LTDC_Init
                0x0000000008009eac      0x1a0 ./Drivers/STM32H7xx_HAL_Driver/Src/stm32h7xx_hal_ltdc.o
                0x0000000008009eac                HAL_LTDC_Init
 .text.HAL_LTDC_IRQHandler
                0x000000000800a04c      0x148 ./Drivers/STM32H7xx_HAL_Driver/Src/stm32h7xx_hal_ltdc.o
                0x000000000800a04c                HAL_LTDC_IRQHandler
 .text.HAL_LTDC_ErrorCallback
                0x000000000800a194       0x14 ./Drivers/STM32H7xx_HAL_Driver/Src/stm32h7xx_hal_ltdc.o
                0x000000000800a194                HAL_LTDC_ErrorCallback
 .text.HAL_LTDC_LineEventCallback
                0x000000000800a1a8       0x14 ./Drivers/STM32H7xx_HAL_Driver/Src/stm32h7xx_hal_ltdc.o
                0x000000000800a1a8                HAL_LTDC_LineEventCallback
 .text.HAL_LTDC_ReloadEventCallback
                0x000000000800a1bc       0x14 ./Drivers/STM32H7xx_HAL_Driver/Src/stm32h7xx_hal_ltdc.o
                0x000000000800a1bc                HAL_LTDC_ReloadEventCallback
 .text.HAL_LTDC_ConfigLayer
                0x000000000800a1d0       0x7c ./Drivers/STM32H7xx_HAL_Driver/Src/stm32h7xx_hal_ltdc.o
                0x000000000800a1d0                HAL_LTDC_ConfigLayer
 .text.LTDC_SetConfig
                0x000000000800a24c      0x334 ./Drivers/STM32H7xx_HAL_Driver/Src/stm32h7xx_hal_ltdc.o
 .text.HAL_PWR_EnableBkUpAccess
                0x000000000800a580       0x20 ./Drivers/STM32H7xx_HAL_Driver/Src/stm32h7xx_hal_pwr.o
                0x000000000800a580                HAL_PWR_EnableBkUpAccess
 .text.HAL_PWREx_ConfigSupply
                0x000000000800a5a0       0xb4 ./Drivers/STM32H7xx_HAL_Driver/Src/stm32h7xx_hal_pwr_ex.o
                0x000000000800a5a0                HAL_PWREx_ConfigSupply
 .text.HAL_RCC_OscConfig
                0x000000000800a654      0x864 ./Drivers/STM32H7xx_HAL_Driver/Src/stm32h7xx_hal_rcc.o
                0x000000000800a654                HAL_RCC_OscConfig
 .text.HAL_RCC_ClockConfig
                0x000000000800aeb8      0x36c ./Drivers/STM32H7xx_HAL_Driver/Src/stm32h7xx_hal_rcc.o
                0x000000000800aeb8                HAL_RCC_ClockConfig
 .text.HAL_RCC_MCOConfig
                0x000000000800b224       0xd4 ./Drivers/STM32H7xx_HAL_Driver/Src/stm32h7xx_hal_rcc.o
                0x000000000800b224                HAL_RCC_MCOConfig
 .text.HAL_RCC_GetSysClockFreq
                0x000000000800b2f8      0x2f4 ./Drivers/STM32H7xx_HAL_Driver/Src/stm32h7xx_hal_rcc.o
                0x000000000800b2f8                HAL_RCC_GetSysClockFreq
 .text.HAL_RCC_GetHCLKFreq
                0x000000000800b5ec       0x60 ./Drivers/STM32H7xx_HAL_Driver/Src/stm32h7xx_hal_rcc.o
                0x000000000800b5ec                HAL_RCC_GetHCLKFreq
 .text.HAL_RCC_GetPCLK1Freq
                0x000000000800b64c       0x2c ./Drivers/STM32H7xx_HAL_Driver/Src/stm32h7xx_hal_rcc.o
                0x000000000800b64c                HAL_RCC_GetPCLK1Freq
 .text.HAL_RCC_GetPCLK2Freq
                0x000000000800b678       0x2c ./Drivers/STM32H7xx_HAL_Driver/Src/stm32h7xx_hal_rcc.o
                0x000000000800b678                HAL_RCC_GetPCLK2Freq
 .text.HAL_RCCEx_PeriphCLKConfig
                0x000000000800b6a4     0x137c ./Drivers/STM32H7xx_HAL_Driver/Src/stm32h7xx_hal_rcc_ex.o
                0x000000000800b6a4                HAL_RCCEx_PeriphCLKConfig
 .text.HAL_RCCEx_GetD3PCLK1Freq
                0x000000000800ca20       0x2c ./Drivers/STM32H7xx_HAL_Driver/Src/stm32h7xx_hal_rcc_ex.o
                0x000000000800ca20                HAL_RCCEx_GetD3PCLK1Freq
 .text.HAL_RCCEx_GetPLL2ClockFreq
                0x000000000800ca4c      0x2a8 ./Drivers/STM32H7xx_HAL_Driver/Src/stm32h7xx_hal_rcc_ex.o
                0x000000000800ca4c                HAL_RCCEx_GetPLL2ClockFreq
 .text.HAL_RCCEx_GetPLL3ClockFreq
                0x000000000800ccf4      0x2a8 ./Drivers/STM32H7xx_HAL_Driver/Src/stm32h7xx_hal_rcc_ex.o
                0x000000000800ccf4                HAL_RCCEx_GetPLL3ClockFreq
 .text.RCCEx_PLL2_Config
                0x000000000800cf9c      0x164 ./Drivers/STM32H7xx_HAL_Driver/Src/stm32h7xx_hal_rcc_ex.o
 .text.RCCEx_PLL3_Config
                0x000000000800d100      0x164 ./Drivers/STM32H7xx_HAL_Driver/Src/stm32h7xx_hal_rcc_ex.o
 .text.HAL_RTC_Init
                0x000000000800d264      0x10c ./Drivers/STM32H7xx_HAL_Driver/Src/stm32h7xx_hal_rtc.o
                0x000000000800d264                HAL_RTC_Init
 .text.HAL_RTC_WaitForSynchro
                0x000000000800d370       0x48 ./Drivers/STM32H7xx_HAL_Driver/Src/stm32h7xx_hal_rtc.o
                0x000000000800d370                HAL_RTC_WaitForSynchro
 .text.RTC_EnterInitMode
                0x000000000800d3b8       0x6c ./Drivers/STM32H7xx_HAL_Driver/Src/stm32h7xx_hal_rtc.o
                0x000000000800d3b8                RTC_EnterInitMode
 .text.RTC_ExitInitMode
                0x000000000800d424       0x7c ./Drivers/STM32H7xx_HAL_Driver/Src/stm32h7xx_hal_rtc.o
                0x000000000800d424                RTC_ExitInitMode
 .text.HAL_SDRAM_Init
                0x000000000800d4a0       0x78 ./Drivers/STM32H7xx_HAL_Driver/Src/stm32h7xx_hal_sdram.o
                0x000000000800d4a0                HAL_SDRAM_Init
 .text.HAL_SDRAM_SendCommand
                0x000000000800d518       0x6a ./Drivers/STM32H7xx_HAL_Driver/Src/stm32h7xx_hal_sdram.o
                0x000000000800d518                HAL_SDRAM_SendCommand
 .text.HAL_SDRAM_ProgramRefreshRate
                0x000000000800d582       0x50 ./Drivers/STM32H7xx_HAL_Driver/Src/stm32h7xx_hal_sdram.o
                0x000000000800d582                HAL_SDRAM_ProgramRefreshRate
 .text.HAL_UART_Init
                0x000000000800d5d2       0xa0 ./Drivers/STM32H7xx_HAL_Driver/Src/stm32h7xx_hal_uart.o
                0x000000000800d5d2                HAL_UART_Init
 .text.HAL_UART_Transmit
                0x000000000800d672      0x11c ./Drivers/STM32H7xx_HAL_Driver/Src/stm32h7xx_hal_uart.o
                0x000000000800d672                HAL_UART_Transmit
 .text.HAL_UART_Receive
                0x000000000800d78e      0x190 ./Drivers/STM32H7xx_HAL_Driver/Src/stm32h7xx_hal_uart.o
                0x000000000800d78e                HAL_UART_Receive
 *fill*         0x000000000800d91e        0x2 
 .text.HAL_UART_IRQHandler
                0x000000000800d920      0x774 ./Drivers/STM32H7xx_HAL_Driver/Src/stm32h7xx_hal_uart.o
                0x000000000800d920                HAL_UART_IRQHandler
 .text.HAL_UART_TxCpltCallback
                0x000000000800e094       0x14 ./Drivers/STM32H7xx_HAL_Driver/Src/stm32h7xx_hal_uart.o
                0x000000000800e094                HAL_UART_TxCpltCallback
 .text.HAL_UART_ErrorCallback
                0x000000000800e0a8       0x14 ./Drivers/STM32H7xx_HAL_Driver/Src/stm32h7xx_hal_uart.o
                0x000000000800e0a8                HAL_UART_ErrorCallback
 .text.HAL_UARTEx_RxEventCallback
                0x000000000800e0bc       0x18 ./Drivers/STM32H7xx_HAL_Driver/Src/stm32h7xx_hal_uart.o
                0x000000000800e0bc                HAL_UARTEx_RxEventCallback
 .text.UART_SetConfig
                0x000000000800e0d4      0xcd8 ./Drivers/STM32H7xx_HAL_Driver/Src/stm32h7xx_hal_uart.o
                0x000000000800e0d4                UART_SetConfig
 .text.UART_AdvFeatureConfig
                0x000000000800edac      0x144 ./Drivers/STM32H7xx_HAL_Driver/Src/stm32h7xx_hal_uart.o
                0x000000000800edac                UART_AdvFeatureConfig
 .text.UART_CheckIdleState
                0x000000000800eef0      0x154 ./Drivers/STM32H7xx_HAL_Driver/Src/stm32h7xx_hal_uart.o
                0x000000000800eef0                UART_CheckIdleState
 .text.UART_WaitOnFlagUntilTimeout
                0x000000000800f044       0xce ./Drivers/STM32H7xx_HAL_Driver/Src/stm32h7xx_hal_uart.o
                0x000000000800f044                UART_WaitOnFlagUntilTimeout
 *fill*         0x000000000800f112        0x2 
 .text.UART_EndRxTransfer
                0x000000000800f114       0xcc ./Drivers/STM32H7xx_HAL_Driver/Src/stm32h7xx_hal_uart.o
 .text.UART_DMAAbortOnError
                0x000000000800f1e0       0x2c ./Drivers/STM32H7xx_HAL_Driver/Src/stm32h7xx_hal_uart.o
 .text.UART_EndTransmit_IT
                0x000000000800f20c       0x56 ./Drivers/STM32H7xx_HAL_Driver/Src/stm32h7xx_hal_uart.o
 .text.HAL_UARTEx_WakeupCallback
                0x000000000800f262       0x14 ./Drivers/STM32H7xx_HAL_Driver/Src/stm32h7xx_hal_uart_ex.o
                0x000000000800f262                HAL_UARTEx_WakeupCallback
 .text.HAL_UARTEx_RxFifoFullCallback
                0x000000000800f276       0x14 ./Drivers/STM32H7xx_HAL_Driver/Src/stm32h7xx_hal_uart_ex.o
                0x000000000800f276                HAL_UARTEx_RxFifoFullCallback
 .text.HAL_UARTEx_TxFifoEmptyCallback
                0x000000000800f28a       0x14 ./Drivers/STM32H7xx_HAL_Driver/Src/stm32h7xx_hal_uart_ex.o
                0x000000000800f28a                HAL_UARTEx_TxFifoEmptyCallback
 .text.HAL_UARTEx_DisableFifoMode
                0x000000000800f29e       0x72 ./Drivers/STM32H7xx_HAL_Driver/Src/stm32h7xx_hal_uart_ex.o
                0x000000000800f29e                HAL_UARTEx_DisableFifoMode
 .text.HAL_UARTEx_SetTxFifoThreshold
                0x000000000800f310       0x7c ./Drivers/STM32H7xx_HAL_Driver/Src/stm32h7xx_hal_uart_ex.o
                0x000000000800f310                HAL_UARTEx_SetTxFifoThreshold
 .text.HAL_UARTEx_SetRxFifoThreshold
                0x000000000800f38c       0x7c ./Drivers/STM32H7xx_HAL_Driver/Src/stm32h7xx_hal_uart_ex.o
                0x000000000800f38c                HAL_UARTEx_SetRxFifoThreshold
 .text.UARTEx_SetNbDataToProcess
                0x000000000800f408       0x9c ./Drivers/STM32H7xx_HAL_Driver/Src/stm32h7xx_hal_uart_ex.o
 .text.FMC_SDRAM_Init
                0x000000000800f4a4       0xb8 ./Drivers/STM32H7xx_HAL_Driver/Src/stm32h7xx_ll_fmc.o
                0x000000000800f4a4                FMC_SDRAM_Init
 .text.FMC_SDRAM_Timing_Init
                0x000000000800f55c       0xd4 ./Drivers/STM32H7xx_HAL_Driver/Src/stm32h7xx_ll_fmc.o
                0x000000000800f55c                FMC_SDRAM_Timing_Init
 .text.FMC_SDRAM_SendCommand
                0x000000000800f630       0x48 ./Drivers/STM32H7xx_HAL_Driver/Src/stm32h7xx_ll_fmc.o
                0x000000000800f630                FMC_SDRAM_SendCommand
 .text.FMC_SDRAM_ProgramRefreshRate
                0x000000000800f678       0x30 ./Drivers/STM32H7xx_HAL_Driver/Src/stm32h7xx_ll_fmc.o
                0x000000000800f678                FMC_SDRAM_ProgramRefreshRate
 .text.__errno  0x000000000800f6a8        0xc /opt/st/stm32cubeide_1.12.0/plugins/com.st.stm32cube.ide.mcu.externaltools.gnu-tools-for-stm32.10.3-2021.10.linux64_1.0.200.202301161003/tools/bin/../lib/gcc/arm-none-eabi/10.3.1/../../../../arm-none-eabi/lib/thumb/v7e-m+dp/hard/libc_nano.a(lib_a-errno.o)
                0x000000000800f6a8                __errno
 .text.__libc_init_array
                0x000000000800f6b4       0x48 /opt/st/stm32cubeide_1.12.0/plugins/com.st.stm32cube.ide.mcu.externaltools.gnu-tools-for-stm32.10.3-2021.10.linux64_1.0.200.202301161003/tools/bin/../lib/gcc/arm-none-eabi/10.3.1/../../../../arm-none-eabi/lib/thumb/v7e-m+dp/hard/libc_nano.a(lib_a-init.o)
                0x000000000800f6b4                __libc_init_array
 .text.memset   0x000000000800f6fc       0x10 /opt/st/stm32cubeide_1.12.0/plugins/com.st.stm32cube.ide.mcu.externaltools.gnu-tools-for-stm32.10.3-2021.10.linux64_1.0.200.202301161003/tools/bin/../lib/gcc/arm-none-eabi/10.3.1/../../../../arm-none-eabi/lib/thumb/v7e-m+dp/hard/libc_nano.a(lib_a-memset.o)
                0x000000000800f6fc                memset
 .text.setvbuf  0x000000000800f70c      0x18c /opt/st/stm32cubeide_1.12.0/plugins/com.st.stm32cube.ide.mcu.externaltools.gnu-tools-for-stm32.10.3-2021.10.linux64_1.0.200.202301161003/tools/bin/../lib/gcc/arm-none-eabi/10.3.1/../../../../arm-none-eabi/lib/thumb/v7e-m+dp/hard/libc_nano.a(lib_a-setvbuf.o)
                0x000000000800f70c                setvbuf
 .text.__sflush_r
                0x000000000800f898      0x10c /opt/st/stm32cubeide_1.12.0/plugins/com.st.stm32cube.ide.mcu.externaltools.gnu-tools-for-stm32.10.3-2021.10.linux64_1.0.200.202301161003/tools/bin/../lib/gcc/arm-none-eabi/10.3.1/../../../../arm-none-eabi/lib/thumb/v7e-m+dp/hard/libc_nano.a(lib_a-fflush.o)
                0x000000000800f898                __sflush_r
 .text._fflush_r
                0x000000000800f9a4       0x78 /opt/st/stm32cubeide_1.12.0/plugins/com.st.stm32cube.ide.mcu.externaltools.gnu-tools-for-stm32.10.3-2021.10.linux64_1.0.200.202301161003/tools/bin/../lib/gcc/arm-none-eabi/10.3.1/../../../../arm-none-eabi/lib/thumb/v7e-m+dp/hard/libc_nano.a(lib_a-fflush.o)
                0x000000000800f9a4                _fflush_r
 .text.std      0x000000000800fa1c       0x48 /opt/st/stm32cubeide_1.12.0/plugins/com.st.stm32cube.ide.mcu.externaltools.gnu-tools-for-stm32.10.3-2021.10.linux64_1.0.200.202301161003/tools/bin/../lib/gcc/arm-none-eabi/10.3.1/../../../../arm-none-eabi/lib/thumb/v7e-m+dp/hard/libc_nano.a(lib_a-findfp.o)
 .text._cleanup_r
                0x000000000800fa64        0xc /opt/st/stm32cubeide_1.12.0/plugins/com.st.stm32cube.ide.mcu.externaltools.gnu-tools-for-stm32.10.3-2021.10.linux64_1.0.200.202301161003/tools/bin/../lib/gcc/arm-none-eabi/10.3.1/../../../../arm-none-eabi/lib/thumb/v7e-m+dp/hard/libc_nano.a(lib_a-findfp.o)
                0x000000000800fa64                _cleanup_r
 .text.__sfmoreglue
                0x000000000800fa70       0x2c /opt/st/stm32cubeide_1.12.0/plugins/com.st.stm32cube.ide.mcu.externaltools.gnu-tools-for-stm32.10.3-2021.10.linux64_1.0.200.202301161003/tools/bin/../lib/gcc/arm-none-eabi/10.3.1/../../../../arm-none-eabi/lib/thumb/v7e-m+dp/hard/libc_nano.a(lib_a-findfp.o)
                0x000000000800fa70                __sfmoreglue
 .text.__sfp_lock_acquire
                0x000000000800fa9c        0xc /opt/st/stm32cubeide_1.12.0/plugins/com.st.stm32cube.ide.mcu.externaltools.gnu-tools-for-stm32.10.3-2021.10.linux64_1.0.200.202301161003/tools/bin/../lib/gcc/arm-none-eabi/10.3.1/../../../../arm-none-eabi/lib/thumb/v7e-m+dp/hard/libc_nano.a(lib_a-findfp.o)
                0x000000000800fa9c                __sfp_lock_acquire
 .text.__sfp_lock_release
                0x000000000800faa8        0xc /opt/st/stm32cubeide_1.12.0/plugins/com.st.stm32cube.ide.mcu.externaltools.gnu-tools-for-stm32.10.3-2021.10.linux64_1.0.200.202301161003/tools/bin/../lib/gcc/arm-none-eabi/10.3.1/../../../../arm-none-eabi/lib/thumb/v7e-m+dp/hard/libc_nano.a(lib_a-findfp.o)
                0x000000000800faa8                __sfp_lock_release
 .text.__sinit_lock_acquire
                0x000000000800fab4        0xc /opt/st/stm32cubeide_1.12.0/plugins/com.st.stm32cube.ide.mcu.externaltools.gnu-tools-for-stm32.10.3-2021.10.linux64_1.0.200.202301161003/tools/bin/../lib/gcc/arm-none-eabi/10.3.1/../../../../arm-none-eabi/lib/thumb/v7e-m+dp/hard/libc_nano.a(lib_a-findfp.o)
                0x000000000800fab4                __sinit_lock_acquire
 .text.__sinit_lock_release
                0x000000000800fac0        0xc /opt/st/stm32cubeide_1.12.0/plugins/com.st.stm32cube.ide.mcu.externaltools.gnu-tools-for-stm32.10.3-2021.10.linux64_1.0.200.202301161003/tools/bin/../lib/gcc/arm-none-eabi/10.3.1/../../../../arm-none-eabi/lib/thumb/v7e-m+dp/hard/libc_nano.a(lib_a-findfp.o)
                0x000000000800fac0                __sinit_lock_release
 .text.__sinit  0x000000000800facc       0x70 /opt/st/stm32cubeide_1.12.0/plugins/com.st.stm32cube.ide.mcu.externaltools.gnu-tools-for-stm32.10.3-2021.10.linux64_1.0.200.202301161003/tools/bin/../lib/gcc/arm-none-eabi/10.3.1/../../../../arm-none-eabi/lib/thumb/v7e-m+dp/hard/libc_nano.a(lib_a-findfp.o)
                0x000000000800facc                __sinit
 .text.__sfp    0x000000000800fb3c       0x8c /opt/st/stm32cubeide_1.12.0/plugins/com.st.stm32cube.ide.mcu.externaltools.gnu-tools-for-stm32.10.3-2021.10.linux64_1.0.200.202301161003/tools/bin/../lib/gcc/arm-none-eabi/10.3.1/../../../../arm-none-eabi/lib/thumb/v7e-m+dp/hard/libc_nano.a(lib_a-findfp.o)
                0x000000000800fb3c                __sfp
 .text._fwalk_reent
                0x000000000800fbc8       0x3e /opt/st/stm32cubeide_1.12.0/plugins/com.st.stm32cube.ide.mcu.externaltools.gnu-tools-for-stm32.10.3-2021.10.linux64_1.0.200.202301161003/tools/bin/../lib/gcc/arm-none-eabi/10.3.1/../../../../arm-none-eabi/lib/thumb/v7e-m+dp/hard/libc_nano.a(lib_a-fwalk.o)
                0x000000000800fbc8                _fwalk_reent
 .text.__retarget_lock_init_recursive
                0x000000000800fc06        0x2 /opt/st/stm32cubeide_1.12.0/plugins/com.st.stm32cube.ide.mcu.externaltools.gnu-tools-for-stm32.10.3-2021.10.linux64_1.0.200.202301161003/tools/bin/../lib/gcc/arm-none-eabi/10.3.1/../../../../arm-none-eabi/lib/thumb/v7e-m+dp/hard/libc_nano.a(lib_a-lock.o)
                0x000000000800fc06                __retarget_lock_init_recursive
 .text.__retarget_lock_acquire_recursive
                0x000000000800fc08        0x2 /opt/st/stm32cubeide_1.12.0/plugins/com.st.stm32cube.ide.mcu.externaltools.gnu-tools-for-stm32.10.3-2021.10.linux64_1.0.200.202301161003/tools/bin/../lib/gcc/arm-none-eabi/10.3.1/../../../../arm-none-eabi/lib/thumb/v7e-m+dp/hard/libc_nano.a(lib_a-lock.o)
                0x000000000800fc08                __retarget_lock_acquire_recursive
 .text.__retarget_lock_release_recursive
                0x000000000800fc0a        0x2 /opt/st/stm32cubeide_1.12.0/plugins/com.st.stm32cube.ide.mcu.externaltools.gnu-tools-for-stm32.10.3-2021.10.linux64_1.0.200.202301161003/tools/bin/../lib/gcc/arm-none-eabi/10.3.1/../../../../arm-none-eabi/lib/thumb/v7e-m+dp/hard/libc_nano.a(lib_a-lock.o)
                0x000000000800fc0a                __retarget_lock_release_recursive
 .text.__swhatbuf_r
                0x000000000800fc0c       0x4a /opt/st/stm32cubeide_1.12.0/plugins/com.st.stm32cube.ide.mcu.externaltools.gnu-tools-for-stm32.10.3-2021.10.linux64_1.0.200.202301161003/tools/bin/../lib/gcc/arm-none-eabi/10.3.1/../../../../arm-none-eabi/lib/thumb/v7e-m+dp/hard/libc_nano.a(lib_a-makebuf.o)
                0x000000000800fc0c                __swhatbuf_r
 *fill*         0x000000000800fc56        0x2 
 .text.malloc   0x000000000800fc58       0x10 /opt/st/stm32cubeide_1.12.0/plugins/com.st.stm32cube.ide.mcu.externaltools.gnu-tools-for-stm32.10.3-2021.10.linux64_1.0.200.202301161003/tools/bin/../lib/gcc/arm-none-eabi/10.3.1/../../../../arm-none-eabi/lib/thumb/v7e-m+dp/hard/libc_nano.a(lib_a-malloc.o)
                0x000000000800fc58                malloc
 .text._free_r  0x000000000800fc68       0x98 /opt/st/stm32cubeide_1.12.0/plugins/com.st.stm32cube.ide.mcu.externaltools.gnu-tools-for-stm32.10.3-2021.10.linux64_1.0.200.202301161003/tools/bin/../lib/gcc/arm-none-eabi/10.3.1/../../../../arm-none-eabi/lib/thumb/v7e-m+dp/hard/libc_nano.a(lib_a-nano-freer.o)
                0x000000000800fc68                _free_r
 .text.sbrk_aligned
                0x000000000800fd00       0x40 /opt/st/stm32cubeide_1.12.0/plugins/com.st.stm32cube.ide.mcu.externaltools.gnu-tools-for-stm32.10.3-2021.10.linux64_1.0.200.202301161003/tools/bin/../lib/gcc/arm-none-eabi/10.3.1/../../../../arm-none-eabi/lib/thumb/v7e-m+dp/hard/libc_nano.a(lib_a-nano-mallocr.o)
 .text._malloc_r
                0x000000000800fd40       0xe8 /opt/st/stm32cubeide_1.12.0/plugins/com.st.stm32cube.ide.mcu.externaltools.gnu-tools-for-stm32.10.3-2021.10.linux64_1.0.200.202301161003/tools/bin/../lib/gcc/arm-none-eabi/10.3.1/../../../../arm-none-eabi/lib/thumb/v7e-m+dp/hard/libc_nano.a(lib_a-nano-mallocr.o)
                0x000000000800fd40                _malloc_r
 .text._sbrk_r  0x000000000800fe28       0x20 /opt/st/stm32cubeide_1.12.0/plugins/com.st.stm32cube.ide.mcu.externaltools.gnu-tools-for-stm32.10.3-2021.10.linux64_1.0.200.202301161003/tools/bin/../lib/gcc/arm-none-eabi/10.3.1/../../../../arm-none-eabi/lib/thumb/v7e-m+dp/hard/libc_nano.a(lib_a-sbrkr.o)
                0x000000000800fe28                _sbrk_r
 .text.__sread  0x000000000800fe48       0x22 /opt/st/stm32cubeide_1.12.0/plugins/com.st.stm32cube.ide.mcu.externaltools.gnu-tools-for-stm32.10.3-2021.10.linux64_1.0.200.202301161003/tools/bin/../lib/gcc/arm-none-eabi/10.3.1/../../../../arm-none-eabi/lib/thumb/v7e-m+dp/hard/libc_nano.a(lib_a-stdio.o)
                0x000000000800fe48                __sread
 .text.__swrite
                0x000000000800fe6a       0x38 /opt/st/stm32cubeide_1.12.0/plugins/com.st.stm32cube.ide.mcu.externaltools.gnu-tools-for-stm32.10.3-2021.10.linux64_1.0.200.202301161003/tools/bin/../lib/gcc/arm-none-eabi/10.3.1/../../../../arm-none-eabi/lib/thumb/v7e-m+dp/hard/libc_nano.a(lib_a-stdio.o)
                0x000000000800fe6a                __swrite
 .text.__sseek  0x000000000800fea2       0x24 /opt/st/stm32cubeide_1.12.0/plugins/com.st.stm32cube.ide.mcu.externaltools.gnu-tools-for-stm32.10.3-2021.10.linux64_1.0.200.202301161003/tools/bin/../lib/gcc/arm-none-eabi/10.3.1/../../../../arm-none-eabi/lib/thumb/v7e-m+dp/hard/libc_nano.a(lib_a-stdio.o)
                0x000000000800fea2                __sseek
 .text.__sclose
                0x000000000800fec6        0x8 /opt/st/stm32cubeide_1.12.0/plugins/com.st.stm32cube.ide.mcu.externaltools.gnu-tools-for-stm32.10.3-2021.10.linux64_1.0.200.202301161003/tools/bin/../lib/gcc/arm-none-eabi/10.3.1/../../../../arm-none-eabi/lib/thumb/v7e-m+dp/hard/libc_nano.a(lib_a-stdio.o)
                0x000000000800fec6                __sclose
 *fill*         0x000000000800fece        0x2 
 .text._write_r
                0x000000000800fed0       0x24 /opt/st/stm32cubeide_1.12.0/plugins/com.st.stm32cube.ide.mcu.externaltools.gnu-tools-for-stm32.10.3-2021.10.linux64_1.0.200.202301161003/tools/bin/../lib/gcc/arm-none-eabi/10.3.1/../../../../arm-none-eabi/lib/thumb/v7e-m+dp/hard/libc_nano.a(lib_a-writer.o)
                0x000000000800fed0                _write_r
 .text._close_r
                0x000000000800fef4       0x20 /opt/st/stm32cubeide_1.12.0/plugins/com.st.stm32cube.ide.mcu.externaltools.gnu-tools-for-stm32.10.3-2021.10.linux64_1.0.200.202301161003/tools/bin/../lib/gcc/arm-none-eabi/10.3.1/../../../../arm-none-eabi/lib/thumb/v7e-m+dp/hard/libc_nano.a(lib_a-closer.o)
                0x000000000800fef4                _close_r
 .text._fstat_r
                0x000000000800ff14       0x24 /opt/st/stm32cubeide_1.12.0/plugins/com.st.stm32cube.ide.mcu.externaltools.gnu-tools-for-stm32.10.3-2021.10.linux64_1.0.200.202301161003/tools/bin/../lib/gcc/arm-none-eabi/10.3.1/../../../../arm-none-eabi/lib/thumb/v7e-m+dp/hard/libc_nano.a(lib_a-fstatr.o)
                0x000000000800ff14                _fstat_r
 .text._lseek_r
                0x000000000800ff38       0x24 /opt/st/stm32cubeide_1.12.0/plugins/com.st.stm32cube.ide.mcu.externaltools.gnu-tools-for-stm32.10.3-2021.10.linux64_1.0.200.202301161003/tools/bin/../lib/gcc/arm-none-eabi/10.3.1/../../../../arm-none-eabi/lib/thumb/v7e-m+dp/hard/libc_nano.a(lib_a-lseekr.o)
                0x000000000800ff38                _lseek_r
 .text.__malloc_lock
                0x000000000800ff5c        0xc /opt/st/stm32cubeide_1.12.0/plugins/com.st.stm32cube.ide.mcu.externaltools.gnu-tools-for-stm32.10.3-2021.10.linux64_1.0.200.202301161003/tools/bin/../lib/gcc/arm-none-eabi/10.3.1/../../../../arm-none-eabi/lib/thumb/v7e-m+dp/hard/libc_nano.a(lib_a-mlock.o)
                0x000000000800ff5c                __malloc_lock
 .text.__malloc_unlock
                0x000000000800ff68        0xc /opt/st/stm32cubeide_1.12.0/plugins/com.st.stm32cube.ide.mcu.externaltools.gnu-tools-for-stm32.10.3-2021.10.linux64_1.0.200.202301161003/tools/bin/../lib/gcc/arm-none-eabi/10.3.1/../../../../arm-none-eabi/lib/thumb/v7e-m+dp/hard/libc_nano.a(lib_a-mlock.o)
                0x000000000800ff68                __malloc_unlock
 .text._read_r  0x000000000800ff74       0x24 /opt/st/stm32cubeide_1.12.0/plugins/com.st.stm32cube.ide.mcu.externaltools.gnu-tools-for-stm32.10.3-2021.10.linux64_1.0.200.202301161003/tools/bin/../lib/gcc/arm-none-eabi/10.3.1/../../../../arm-none-eabi/lib/thumb/v7e-m+dp/hard/libc_nano.a(lib_a-readr.o)
                0x000000000800ff74                _read_r
 *(.glue_7)
 .glue_7        0x000000000800ff98        0x0 linker stubs
 *(.glue_7t)
 .glue_7t       0x000000000800ff98        0x0 linker stubs
 *(.eh_frame)
 .eh_frame      0x000000000800ff98        0x0 /opt/st/stm32cubeide_1.12.0/plugins/com.st.stm32cube.ide.mcu.externaltools.gnu-tools-for-stm32.10.3-2021.10.linux64_1.0.200.202301161003/tools/bin/../lib/gcc/arm-none-eabi/10.3.1/thumb/v7e-m+dp/hard/crtbegin.o
 *(.init)
 .init          0x000000000800ff98        0x4 /opt/st/stm32cubeide_1.12.0/plugins/com.st.stm32cube.ide.mcu.externaltools.gnu-tools-for-stm32.10.3-2021.10.linux64_1.0.200.202301161003/tools/bin/../lib/gcc/arm-none-eabi/10.3.1/thumb/v7e-m+dp/hard/crti.o
                0x000000000800ff98                _init
 .init          0x000000000800ff9c        0x8 /opt/st/stm32cubeide_1.12.0/plugins/com.st.stm32cube.ide.mcu.externaltools.gnu-tools-for-stm32.10.3-2021.10.linux64_1.0.200.202301161003/tools/bin/../lib/gcc/arm-none-eabi/10.3.1/thumb/v7e-m+dp/hard/crtn.o
 *(.fini)
 .fini          0x000000000800ffa4        0x4 /opt/st/stm32cubeide_1.12.0/plugins/com.st.stm32cube.ide.mcu.externaltools.gnu-tools-for-stm32.10.3-2021.10.linux64_1.0.200.202301161003/tools/bin/../lib/gcc/arm-none-eabi/10.3.1/thumb/v7e-m+dp/hard/crti.o
                0x000000000800ffa4                _fini
 .fini          0x000000000800ffa8        0x8 /opt/st/stm32cubeide_1.12.0/plugins/com.st.stm32cube.ide.mcu.externaltools.gnu-tools-for-stm32.10.3-2021.10.linux64_1.0.200.202301161003/tools/bin/../lib/gcc/arm-none-eabi/10.3.1/thumb/v7e-m+dp/hard/crtn.o
                0x000000000800ffb0                . = ALIGN (0x4)
                0x000000000800ffb0                _etext = .

.vfp11_veneer   0x000000000800ffb0        0x0
 .vfp11_veneer  0x000000000800ffb0        0x0 linker stubs

.v4_bx          0x000000000800ffb0        0x0
 .v4_bx         0x000000000800ffb0        0x0 linker stubs

.iplt           0x000000000800ffb0        0x0
 .iplt          0x000000000800ffb0        0x0 /opt/st/stm32cubeide_1.12.0/plugins/com.st.stm32cube.ide.mcu.externaltools.gnu-tools-for-stm32.10.3-2021.10.linux64_1.0.200.202301161003/tools/bin/../lib/gcc/arm-none-eabi/10.3.1/thumb/v7e-m+dp/hard/crtbegin.o

.rodata         0x000000000800ffb0      0x66c
                0x000000000800ffb0                . = ALIGN (0x4)
 *(.rodata)
 .rodata        0x000000000800ffb0       0x48 ./Core/Src/ov5640.o
 *(.rodata*)
 .rodata.OV5640_Common.15
                0x000000000800fff8      0x3f8 ./Core/Src/ov5640.o
 .rodata.OV5640_PF_YUV422.14
                0x00000000080103f0        0x8 ./Core/Src/ov5640.o
 .rodata.OV5640_PF_RGB888.13
                0x00000000080103f8        0x8 ./Core/Src/ov5640.o
 .rodata.OV5640_PF_Y8.12
                0x0000000008010400        0x8 ./Core/Src/ov5640.o
 .rodata.OV5640_PF_JPEG.11
                0x0000000008010408        0x8 ./Core/Src/ov5640.o
 .rodata.OV5640_PF_RGB565.10
                0x0000000008010410        0x8 ./Core/Src/ov5640.o
 .rodata.OV5640_QQVGA.9
                0x0000000008010418       0x10 ./Core/Src/ov5640.o
 .rodata.OV5640_QVGA.8
                0x0000000008010428       0x10 ./Core/Src/ov5640.o
 .rodata.OV5640_480x272.7
                0x0000000008010438       0x10 ./Core/Src/ov5640.o
 .rodata.OV5640_VGA.6
                0x0000000008010448       0x10 ./Core/Src/ov5640.o
 .rodata.OV5640_WVGA.5
                0x0000000008010458       0x10 ./Core/Src/ov5640.o
 .rodata.OV5640_LightModeSunny.4
                0x0000000008010468       0x1c ./Core/Src/ov5640.o
 .rodata.OV5640_LightModeOffice.3
                0x0000000008010484       0x1c ./Core/Src/ov5640.o
 .rodata.OV5640_LightModeCloudy.2
                0x00000000080104a0       0x1c ./Core/Src/ov5640.o
 .rodata.OV5640_LightModeHome.1
                0x00000000080104bc       0x1c ./Core/Src/ov5640.o
 .rodata.OV5640_LightModeAuto.0
                0x00000000080104d8       0x1c ./Core/Src/ov5640.o
 .rodata.I2C_Charac
                0x00000000080104f4       0x84 ./Core/Src/stm32h7b3i_discovery_bus.o
 .rodata.D1CorePrescTable
                0x0000000008010578       0x10 ./Core/Src/system_stm32h7xx.o
                0x0000000008010578                D1CorePrescTable
 .rodata.flagBitshiftOffset.0
                0x0000000008010588        0x8 ./Drivers/STM32H7xx_HAL_Driver/Src/stm32h7xx_hal_dma.o
 .rodata.UARTPrescTable
                0x0000000008010590       0x18 ./Drivers/STM32H7xx_HAL_Driver/Src/stm32h7xx_hal_uart.o
                0x0000000008010590                UARTPrescTable
 .rodata.numerator.1
                0x00000000080105a8        0x8 ./Drivers/STM32H7xx_HAL_Driver/Src/stm32h7xx_hal_uart_ex.o
 .rodata.denominator.0
                0x00000000080105b0        0x8 ./Drivers/STM32H7xx_HAL_Driver/Src/stm32h7xx_hal_uart_ex.o
 .rodata._global_impure_ptr
                0x00000000080105b8        0x4 /opt/st/stm32cubeide_1.12.0/plugins/com.st.stm32cube.ide.mcu.externaltools.gnu-tools-for-stm32.10.3-2021.10.linux64_1.0.200.202301161003/tools/bin/../lib/gcc/arm-none-eabi/10.3.1/../../../../arm-none-eabi/lib/thumb/v7e-m+dp/hard/libc_nano.a(lib_a-impure.o)
                0x00000000080105b8                _global_impure_ptr
 .rodata.__sf_fake_stderr
                0x00000000080105bc       0x20 /opt/st/stm32cubeide_1.12.0/plugins/com.st.stm32cube.ide.mcu.externaltools.gnu-tools-for-stm32.10.3-2021.10.linux64_1.0.200.202301161003/tools/bin/../lib/gcc/arm-none-eabi/10.3.1/../../../../arm-none-eabi/lib/thumb/v7e-m+dp/hard/libc_nano.a(lib_a-findfp.o)
                0x00000000080105bc                __sf_fake_stderr
 .rodata.__sf_fake_stdin
                0x00000000080105dc       0x20 /opt/st/stm32cubeide_1.12.0/plugins/com.st.stm32cube.ide.mcu.externaltools.gnu-tools-for-stm32.10.3-2021.10.linux64_1.0.200.202301161003/tools/bin/../lib/gcc/arm-none-eabi/10.3.1/../../../../arm-none-eabi/lib/thumb/v7e-m+dp/hard/libc_nano.a(lib_a-findfp.o)
                0x00000000080105dc                __sf_fake_stdin
 .rodata.__sf_fake_stdout
                0x00000000080105fc       0x20 /opt/st/stm32cubeide_1.12.0/plugins/com.st.stm32cube.ide.mcu.externaltools.gnu-tools-for-stm32.10.3-2021.10.linux64_1.0.200.202301161003/tools/bin/../lib/gcc/arm-none-eabi/10.3.1/../../../../arm-none-eabi/lib/thumb/v7e-m+dp/hard/libc_nano.a(lib_a-findfp.o)
                0x00000000080105fc                __sf_fake_stdout
                0x000000000801061c                . = ALIGN (0x4)

.ARM.extab
 *(.ARM.extab* .gnu.linkonce.armextab.*)

.ARM            0x000000000801061c        0x8
                0x000000000801061c                __exidx_start = .
 *(.ARM.exidx*)
 .ARM.exidx     0x000000000801061c        0x8 /opt/st/stm32cubeide_1.12.0/plugins/com.st.stm32cube.ide.mcu.externaltools.gnu-tools-for-stm32.10.3-2021.10.linux64_1.0.200.202301161003/tools/bin/../lib/gcc/arm-none-eabi/10.3.1/thumb/v7e-m+dp/hard/libgcc.a(_udivmoddi4.o)
                0x0000000008010624                __exidx_end = .

.rel.dyn        0x0000000008010624        0x0
 .rel.iplt      0x0000000008010624        0x0 /opt/st/stm32cubeide_1.12.0/plugins/com.st.stm32cube.ide.mcu.externaltools.gnu-tools-for-stm32.10.3-2021.10.linux64_1.0.200.202301161003/tools/bin/../lib/gcc/arm-none-eabi/10.3.1/thumb/v7e-m+dp/hard/crtbegin.o

.preinit_array  0x0000000008010624        0x0
                0x0000000008010624                PROVIDE (__preinit_array_start = .)
 *(.preinit_array*)
                0x0000000008010624                PROVIDE (__preinit_array_end = .)

.init_array     0x0000000008010624        0x4
                0x0000000008010624                PROVIDE (__init_array_start = .)
 *(SORT_BY_NAME(.init_array.*))
 *(.init_array*)
 .init_array    0x0000000008010624        0x4 /opt/st/stm32cubeide_1.12.0/plugins/com.st.stm32cube.ide.mcu.externaltools.gnu-tools-for-stm32.10.3-2021.10.linux64_1.0.200.202301161003/tools/bin/../lib/gcc/arm-none-eabi/10.3.1/thumb/v7e-m+dp/hard/crtbegin.o
                0x0000000008010628                PROVIDE (__init_array_end = .)

.fini_array     0x0000000008010628        0x4
                [!provide]                        PROVIDE (__fini_array_start = .)
 *(SORT_BY_NAME(.fini_array.*))
 *(.fini_array*)
 .fini_array    0x0000000008010628        0x4 /opt/st/stm32cubeide_1.12.0/plugins/com.st.stm32cube.ide.mcu.externaltools.gnu-tools-for-stm32.10.3-2021.10.linux64_1.0.200.202301161003/tools/bin/../lib/gcc/arm-none-eabi/10.3.1/thumb/v7e-m+dp/hard/crtbegin.o
                [!provide]                        PROVIDE (__fini_array_end = .)
                0x000000000801062c                _sidata = LOADADDR (.data)

.data           0x0000000024000000      0x2f8 load address 0x000000000801062c
                0x0000000024000000                . = ALIGN (0x4)
                0x0000000024000000                _sdata = .
 *(.data)
 *(.data*)
 .data.probabilites
                0x0000000024000000      0x240 ./Core/Src/main.o
                0x0000000024000000                probabilites
 .data.OV5640_CAMERA_Driver
                0x0000000024000240       0x44 ./Core/Src/ov5640.o
                0x0000000024000240                OV5640_CAMERA_Driver
 .data.SystemCoreClock
                0x0000000024000284        0x4 ./Core/Src/system_stm32h7xx.o
                0x0000000024000284                SystemCoreClock
 .data.SystemD2Clock
                0x0000000024000288        0x4 ./Core/Src/system_stm32h7xx.o
                0x0000000024000288                SystemD2Clock
 .data.uwTickPrio
                0x000000002400028c        0x4 ./Drivers/STM32H7xx_HAL_Driver/Src/stm32h7xx_hal.o
                0x000000002400028c                uwTickPrio
 .data.uwTickFreq
                0x0000000024000290        0x1 ./Drivers/STM32H7xx_HAL_Driver/Src/stm32h7xx_hal.o
                0x0000000024000290                uwTickFreq
 *fill*         0x0000000024000291        0x3 
 .data._impure_ptr
                0x0000000024000294        0x4 /opt/st/stm32cubeide_1.12.0/plugins/com.st.stm32cube.ide.mcu.externaltools.gnu-tools-for-stm32.10.3-2021.10.linux64_1.0.200.202301161003/tools/bin/../lib/gcc/arm-none-eabi/10.3.1/../../../../arm-none-eabi/lib/thumb/v7e-m+dp/hard/libc_nano.a(lib_a-impure.o)
                0x0000000024000294                _impure_ptr
 .data.impure_data
                0x0000000024000298       0x60 /opt/st/stm32cubeide_1.12.0/plugins/com.st.stm32cube.ide.mcu.externaltools.gnu-tools-for-stm32.10.3-2021.10.linux64_1.0.200.202301161003/tools/bin/../lib/gcc/arm-none-eabi/10.3.1/../../../../arm-none-eabi/lib/thumb/v7e-m+dp/hard/libc_nano.a(lib_a-impure.o)
 *(.RamFunc)
 *(.RamFunc*)
                0x00000000240002f8                . = ALIGN (0x4)
                0x00000000240002f8                _edata = .

.igot.plt       0x00000000240002f8        0x0 load address 0x0000000008010924
 .igot.plt      0x00000000240002f8        0x0 /opt/st/stm32cubeide_1.12.0/plugins/com.st.stm32cube.ide.mcu.externaltools.gnu-tools-for-stm32.10.3-2021.10.linux64_1.0.200.202301161003/tools/bin/../lib/gcc/arm-none-eabi/10.3.1/thumb/v7e-m+dp/hard/crtbegin.o
                0x00000000240002f8                . = ALIGN (0x4)

.bss            0x00000000240002f8      0xdc8 load address 0x0000000008010924
                0x00000000240002f8                _sbss = .
                0x00000000240002f8                __bss_start__ = _sbss
 *(.bss)
 .bss           0x00000000240002f8       0x1c /opt/st/stm32cubeide_1.12.0/plugins/com.st.stm32cube.ide.mcu.externaltools.gnu-tools-for-stm32.10.3-2021.10.linux64_1.0.200.202301161003/tools/bin/../lib/gcc/arm-none-eabi/10.3.1/thumb/v7e-m+dp/hard/crtbegin.o
 *(.bss*)
 .bss.hdcmi     0x0000000024000314       0x50 ./Core/Src/dcmi.o
                0x0000000024000314                hdcmi
 .bss.hdma_dcmi
                0x0000000024000364       0x78 ./Core/Src/dcmi.o
                0x0000000024000364                hdma_dcmi
 .bss.hdma2d    0x00000000240003dc       0x68 ./Core/Src/dma2d.o
                0x00000000240003dc                hdma2d
 .bss.hsdram2   0x0000000024000444       0x34 ./Core/Src/fmc.o
                0x0000000024000444                hsdram2
 .bss.FMC_Initialized
                0x0000000024000478        0x4 ./Core/Src/fmc.o
 .bss.hltdc     0x000000002400047c       0xa8 ./Core/Src/ltdc.o
                0x000000002400047c                hltdc
 .bss.camera_frame_ready
                0x0000000024000524        0x4 ./Core/Src/main.o
                0x0000000024000524                camera_frame_ready
 .bss.gHuart    0x0000000024000528        0x4 ./Core/Src/retarget.o
                0x0000000024000528                gHuart
 .bss.hrtc      0x000000002400052c       0x28 ./Core/Src/rtc.o
                0x000000002400052c                hrtc
 .bss.I2c4InitCounter
                0x0000000024000554        0x4 ./Core/Src/stm32h7b3i_discovery_bus.o
 .bss.I2c_valid_timing
                0x0000000024000558      0xa00 ./Core/Src/stm32h7b3i_discovery_bus.o
 .bss.I2c_valid_timing_nbr
                0x0000000024000f58        0x4 ./Core/Src/stm32h7b3i_discovery_bus.o
 .bss.hbus_i2c4
                0x0000000024000f5c       0x54 ./Core/Src/stm32h7b3i_discovery_bus.o
                0x0000000024000f5c                hbus_i2c4
 .bss.Camera_CompObj
                0x0000000024000fb0        0x4 ./Core/Src/stm32h7b3i_discovery_camera.o
                0x0000000024000fb0                Camera_CompObj
 .bss.Camera_Ctx
                0x0000000024000fb4       0x30 ./Core/Src/stm32h7b3i_discovery_camera.o
                0x0000000024000fb4                Camera_Ctx
 .bss.Camera_Drv
                0x0000000024000fe4        0x4 ./Core/Src/stm32h7b3i_discovery_camera.o
 .bss.Camera_Cap
                0x0000000024000fe8        0x4 ./Core/Src/stm32h7b3i_discovery_camera.o
 .bss.OV5640Obj.0
                0x0000000024000fec       0x28 ./Core/Src/stm32h7b3i_discovery_camera.o
 .bss.__sbrk_heap_end
                0x0000000024001014        0x4 ./Core/Src/sysmem.o
 .bss.huart1    0x0000000024001018       0x94 ./Core/Src/usart.o
                0x0000000024001018                huart1
 .bss.uwTick    0x00000000240010ac        0x4 ./Drivers/STM32H7xx_HAL_Driver/Src/stm32h7xx_hal.o
                0x00000000240010ac                uwTick
 .bss.__lock___malloc_recursive_mutex
                0x00000000240010b0        0x1 /opt/st/stm32cubeide_1.12.0/plugins/com.st.stm32cube.ide.mcu.externaltools.gnu-tools-for-stm32.10.3-2021.10.linux64_1.0.200.202301161003/tools/bin/../lib/gcc/arm-none-eabi/10.3.1/../../../../arm-none-eabi/lib/thumb/v7e-m+dp/hard/libc_nano.a(lib_a-lock.o)
                0x00000000240010b0                __lock___malloc_recursive_mutex
 .bss.__lock___sfp_recursive_mutex
                0x00000000240010b1        0x1 /opt/st/stm32cubeide_1.12.0/plugins/com.st.stm32cube.ide.mcu.externaltools.gnu-tools-for-stm32.10.3-2021.10.linux64_1.0.200.202301161003/tools/bin/../lib/gcc/arm-none-eabi/10.3.1/../../../../arm-none-eabi/lib/thumb/v7e-m+dp/hard/libc_nano.a(lib_a-lock.o)
                0x00000000240010b1                __lock___sfp_recursive_mutex
 .bss.__lock___sinit_recursive_mutex
                0x00000000240010b2        0x1 /opt/st/stm32cubeide_1.12.0/plugins/com.st.stm32cube.ide.mcu.externaltools.gnu-tools-for-stm32.10.3-2021.10.linux64_1.0.200.202301161003/tools/bin/../lib/gcc/arm-none-eabi/10.3.1/../../../../arm-none-eabi/lib/thumb/v7e-m+dp/hard/libc_nano.a(lib_a-lock.o)
                0x00000000240010b2                __lock___sinit_recursive_mutex
 *fill*         0x00000000240010b3        0x1 
 .bss.__malloc_free_list
                0x00000000240010b4        0x4 /opt/st/stm32cubeide_1.12.0/plugins/com.st.stm32cube.ide.mcu.externaltools.gnu-tools-for-stm32.10.3-2021.10.linux64_1.0.200.202301161003/tools/bin/../lib/gcc/arm-none-eabi/10.3.1/../../../../arm-none-eabi/lib/thumb/v7e-m+dp/hard/libc_nano.a(lib_a-nano-mallocr.o)
                0x00000000240010b4                __malloc_free_list
 .bss.__malloc_sbrk_start
                0x00000000240010b8        0x4 /opt/st/stm32cubeide_1.12.0/plugins/com.st.stm32cube.ide.mcu.externaltools.gnu-tools-for-stm32.10.3-2021.10.linux64_1.0.200.202301161003/tools/bin/../lib/gcc/arm-none-eabi/10.3.1/../../../../arm-none-eabi/lib/thumb/v7e-m+dp/hard/libc_nano.a(lib_a-nano-mallocr.o)
                0x00000000240010b8                __malloc_sbrk_start
 .bss.errno     0x00000000240010bc        0x4 /opt/st/stm32cubeide_1.12.0/plugins/com.st.stm32cube.ide.mcu.externaltools.gnu-tools-for-stm32.10.3-2021.10.linux64_1.0.200.202301161003/tools/bin/../lib/gcc/arm-none-eabi/10.3.1/../../../../arm-none-eabi/lib/thumb/v7e-m+dp/hard/libc_nano.a(lib_a-reent.o)
                0x00000000240010bc                errno
 *(COMMON)
                0x00000000240010c0                . = ALIGN (0x4)
                0x00000000240010c0                _ebss = .
                0x00000000240010c0                __bss_end__ = _ebss

._user_heap_stack
                0x00000000240010c0      0x600 load address 0x0000000008010924
                0x00000000240010c0                . = ALIGN (0x8)
                [!provide]                        PROVIDE (end = .)
                0x00000000240010c0                PROVIDE (_end = .)
                0x00000000240012c0                . = (. + _Min_Heap_Size)
 *fill*         0x00000000240010c0      0x200 
                0x00000000240016c0                . = (. + _Min_Stack_Size)
 *fill*         0x00000000240012c0      0x400 
                0x00000000240016c0                . = ALIGN (0x8)

/DISCARD/
 libc.a(*)
 libm.a(*)
 libgcc.a(*)

.ARM.attributes
                0x0000000000000000       0x2e
 *(.ARM.attributes)
 .ARM.attributes
                0x0000000000000000       0x1e /opt/st/stm32cubeide_1.12.0/plugins/com.st.stm32cube.ide.mcu.externaltools.gnu-tools-for-stm32.10.3-2021.10.linux64_1.0.200.202301161003/tools/bin/../lib/gcc/arm-none-eabi/10.3.1/thumb/v7e-m+dp/hard/crti.o
 .ARM.attributes
                0x000000000000001e       0x32 /opt/st/stm32cubeide_1.12.0/plugins/com.st.stm32cube.ide.mcu.externaltools.gnu-tools-for-stm32.10.3-2021.10.linux64_1.0.200.202301161003/tools/bin/../lib/gcc/arm-none-eabi/10.3.1/thumb/v7e-m+dp/hard/crtbegin.o
 .ARM.attributes
                0x0000000000000050       0x32 ./Core/Src/dcmi.o
 .ARM.attributes
                0x0000000000000082       0x32 ./Core/Src/dma.o
 .ARM.attributes
                0x00000000000000b4       0x32 ./Core/Src/dma2d.o
 .ARM.attributes
                0x00000000000000e6       0x32 ./Core/Src/draw.o
 .ARM.attributes
                0x0000000000000118       0x32 ./Core/Src/fmc.o
 .ARM.attributes
                0x000000000000014a       0x32 ./Core/Src/gpio.o
 .ARM.attributes
                0x000000000000017c       0x32 ./Core/Src/ltdc.o
 .ARM.attributes
                0x00000000000001ae       0x32 ./Core/Src/main.o
 .ARM.attributes
                0x00000000000001e0       0x32 ./Core/Src/ov5640.o
 .ARM.attributes
                0x0000000000000212       0x32 ./Core/Src/ov5640_reg.o
 .ARM.attributes
                0x0000000000000244       0x32 ./Core/Src/process.o
 .ARM.attributes
                0x0000000000000276       0x32 ./Core/Src/retarget.o
 .ARM.attributes
                0x00000000000002a8       0x32 ./Core/Src/rtc.o
 .ARM.attributes
                0x00000000000002da       0x32 ./Core/Src/stm32h7b3i_discovery_bus.o
 .ARM.attributes
                0x000000000000030c       0x32 ./Core/Src/stm32h7b3i_discovery_camera.o
 .ARM.attributes
                0x000000000000033e       0x32 ./Core/Src/stm32h7xx_hal_msp.o
 .ARM.attributes
                0x0000000000000370       0x32 ./Core/Src/stm32h7xx_it.o
 .ARM.attributes
                0x00000000000003a2       0x32 ./Core/Src/syscalls.o
 .ARM.attributes
                0x00000000000003d4       0x32 ./Core/Src/sysmem.o
 .ARM.attributes
                0x0000000000000406       0x32 ./Core/Src/system_stm32h7xx.o
 .ARM.attributes
                0x0000000000000438       0x32 ./Core/Src/usart.o
 .ARM.attributes
                0x000000000000046a       0x21 ./Core/Startup/startup_stm32h7b3lihxq.o
 .ARM.attributes
                0x000000000000048b       0x32 ./Drivers/STM32H7xx_HAL_Driver/Src/stm32h7xx_hal.o
 .ARM.attributes
                0x00000000000004bd       0x32 ./Drivers/STM32H7xx_HAL_Driver/Src/stm32h7xx_hal_cortex.o
 .ARM.attributes
                0x00000000000004ef       0x32 ./Drivers/STM32H7xx_HAL_Driver/Src/stm32h7xx_hal_dcmi.o
 .ARM.attributes
                0x0000000000000521       0x32 ./Drivers/STM32H7xx_HAL_Driver/Src/stm32h7xx_hal_dma.o
 .ARM.attributes
                0x0000000000000553       0x32 ./Drivers/STM32H7xx_HAL_Driver/Src/stm32h7xx_hal_dma2d.o
 .ARM.attributes
                0x0000000000000585       0x32 ./Drivers/STM32H7xx_HAL_Driver/Src/stm32h7xx_hal_dma_ex.o
 .ARM.attributes
                0x00000000000005b7       0x32 ./Drivers/STM32H7xx_HAL_Driver/Src/stm32h7xx_hal_gpio.o
 .ARM.attributes
                0x00000000000005e9       0x32 ./Drivers/STM32H7xx_HAL_Driver/Src/stm32h7xx_hal_i2c.o
 .ARM.attributes
                0x000000000000061b       0x32 ./Drivers/STM32H7xx_HAL_Driver/Src/stm32h7xx_hal_i2c_ex.o
 .ARM.attributes
                0x000000000000064d       0x32 ./Drivers/STM32H7xx_HAL_Driver/Src/stm32h7xx_hal_ltdc.o
 .ARM.attributes
                0x000000000000067f       0x32 ./Drivers/STM32H7xx_HAL_Driver/Src/stm32h7xx_hal_pwr.o
 .ARM.attributes
                0x00000000000006b1       0x32 ./Drivers/STM32H7xx_HAL_Driver/Src/stm32h7xx_hal_pwr_ex.o
 .ARM.attributes
                0x00000000000006e3       0x32 ./Drivers/STM32H7xx_HAL_Driver/Src/stm32h7xx_hal_rcc.o
 .ARM.attributes
                0x0000000000000715       0x32 ./Drivers/STM32H7xx_HAL_Driver/Src/stm32h7xx_hal_rcc_ex.o
 .ARM.attributes
                0x0000000000000747       0x32 ./Drivers/STM32H7xx_HAL_Driver/Src/stm32h7xx_hal_rtc.o
 .ARM.attributes
                0x0000000000000779       0x32 ./Drivers/STM32H7xx_HAL_Driver/Src/stm32h7xx_hal_sdram.o
 .ARM.attributes
                0x00000000000007ab       0x32 ./Drivers/STM32H7xx_HAL_Driver/Src/stm32h7xx_hal_uart.o
 .ARM.attributes
                0x00000000000007dd       0x32 ./Drivers/STM32H7xx_HAL_Driver/Src/stm32h7xx_hal_uart_ex.o
 .ARM.attributes
                0x000000000000080f       0x32 ./Drivers/STM32H7xx_HAL_Driver/Src/stm32h7xx_ll_fmc.o
 .ARM.attributes
                0x0000000000000841       0x32 /opt/st/stm32cubeide_1.12.0/plugins/com.st.stm32cube.ide.mcu.externaltools.gnu-tools-for-stm32.10.3-2021.10.linux64_1.0.200.202301161003/tools/bin/../lib/gcc/arm-none-eabi/10.3.1/../../../../arm-none-eabi/lib/thumb/v7e-m+dp/hard/libc_nano.a(lib_a-errno.o)
 .ARM.attributes
                0x0000000000000873       0x32 /opt/st/stm32cubeide_1.12.0/plugins/com.st.stm32cube.ide.mcu.externaltools.gnu-tools-for-stm32.10.3-2021.10.linux64_1.0.200.202301161003/tools/bin/../lib/gcc/arm-none-eabi/10.3.1/../../../../arm-none-eabi/lib/thumb/v7e-m+dp/hard/libc_nano.a(lib_a-impure.o)
 .ARM.attributes
                0x00000000000008a5       0x32 /opt/st/stm32cubeide_1.12.0/plugins/com.st.stm32cube.ide.mcu.externaltools.gnu-tools-for-stm32.10.3-2021.10.linux64_1.0.200.202301161003/tools/bin/../lib/gcc/arm-none-eabi/10.3.1/../../../../arm-none-eabi/lib/thumb/v7e-m+dp/hard/libc_nano.a(lib_a-init.o)
 .ARM.attributes
                0x00000000000008d7       0x32 /opt/st/stm32cubeide_1.12.0/plugins/com.st.stm32cube.ide.mcu.externaltools.gnu-tools-for-stm32.10.3-2021.10.linux64_1.0.200.202301161003/tools/bin/../lib/gcc/arm-none-eabi/10.3.1/../../../../arm-none-eabi/lib/thumb/v7e-m+dp/hard/libc_nano.a(lib_a-memset.o)
 .ARM.attributes
                0x0000000000000909       0x32 /opt/st/stm32cubeide_1.12.0/plugins/com.st.stm32cube.ide.mcu.externaltools.gnu-tools-for-stm32.10.3-2021.10.linux64_1.0.200.202301161003/tools/bin/../lib/gcc/arm-none-eabi/10.3.1/../../../../arm-none-eabi/lib/thumb/v7e-m+dp/hard/libc_nano.a(lib_a-setvbuf.o)
 .ARM.attributes
                0x000000000000093b       0x32 /opt/st/stm32cubeide_1.12.0/plugins/com.st.stm32cube.ide.mcu.externaltools.gnu-tools-for-stm32.10.3-2021.10.linux64_1.0.200.202301161003/tools/bin/../lib/gcc/arm-none-eabi/10.3.1/../../../../arm-none-eabi/lib/thumb/v7e-m+dp/hard/libc_nano.a(lib_a-fflush.o)
 .ARM.attributes
                0x000000000000096d       0x32 /opt/st/stm32cubeide_1.12.0/plugins/com.st.stm32cube.ide.mcu.externaltools.gnu-tools-for-stm32.10.3-2021.10.linux64_1.0.200.202301161003/tools/bin/../lib/gcc/arm-none-eabi/10.3.1/../../../../arm-none-eabi/lib/thumb/v7e-m+dp/hard/libc_nano.a(lib_a-findfp.o)
 .ARM.attributes
                0x000000000000099f       0x32 /opt/st/stm32cubeide_1.12.0/plugins/com.st.stm32cube.ide.mcu.externaltools.gnu-tools-for-stm32.10.3-2021.10.linux64_1.0.200.202301161003/tools/bin/../lib/gcc/arm-none-eabi/10.3.1/../../../../arm-none-eabi/lib/thumb/v7e-m+dp/hard/libc_nano.a(lib_a-fwalk.o)
 .ARM.attributes
                0x00000000000009d1       0x32 /opt/st/stm32cubeide_1.12.0/plugins/com.st.stm32cube.ide.mcu.externaltools.gnu-tools-for-stm32.10.3-2021.10.linux64_1.0.200.202301161003/tools/bin/../lib/gcc/arm-none-eabi/10.3.1/../../../../arm-none-eabi/lib/thumb/v7e-m+dp/hard/libc_nano.a(lib_a-lock.o)
 .ARM.attributes
                0x0000000000000a03       0x32 /opt/st/stm32cubeide_1.12.0/plugins/com.st.stm32cube.ide.mcu.externaltools.gnu-tools-for-stm32.10.3-2021.10.linux64_1.0.200.202301161003/tools/bin/../lib/gcc/arm-none-eabi/10.3.1/../../../../arm-none-eabi/lib/thumb/v7e-m+dp/hard/libc_nano.a(lib_a-makebuf.o)