../Core/Src/stm32h7b3i_discovery_camera.c:203:9:BSP_CAMERA_Init	56	static
../Core/Src/stm32h7b3i_discovery_camera.c:449:9:BSP_CAMERA_Start	16	static
../Core/Src/stm32h7b3i_discovery_camera.c:475:9:BSP_CAMERA_Stop	8	static
../Core/Src/stm32h7b3i_discovery_camera.c:318:9:BSP_CAMERA_DeInit	16	static
../Core/Src/stm32h7b3i_discovery_camera.c:500:9:BSP_CAMERA_Suspend	8	static
../Core/Src/stm32h7b3i_discovery_camera.c:525:9:BSP_CAMERA_Resume	8	static
../Core/Src/stm32h7b3i_discovery_camera.c:554:9:BSP_CAMERA_GetCapabilities	8	static
../Core/Src/stm32h7b3i_discovery_camera.c:581:9:BSP_CAMERA_SetPixelFormat	16	static
../Core/Src/stm32h7b3i_discovery_camera.c:609:9:BSP_CAMERA_GetPixelFormat	0	static
../Core/Src/stm32h7b3i_discovery_camera.c:634:9:BSP_CAMERA_SetResolution	0	static
../Core/Src/stm32h7b3i_discovery_camera.c:666:9:BSP_CAMERA_GetResolution	0	static
../Core/Src/stm32h7b3i_discovery_camera.c:694:9:BSP_CAMERA_SetLightMode	0	static
../Core/Src/stm32h7b3i_discovery_camera.c:726:9:BSP_CAMERA_GetLightMode	0	static
../Core/Src/stm32h7b3i_discovery_camera.c:754:9:BSP_CAMERA_SetColorEffect	0	static
../Core/Src/stm32h7b3i_discovery_camera.c:786:9:BSP_CAMERA_GetColorEffect	0	static
../Core/Src/stm32h7b3i_discovery_camera.c:814:9:BSP_CAMERA_SetBrightness	0	static
../Core/Src/stm32h7b3i_discovery_camera.c:846:9:BSP_CAMERA_GetBrightness	0	static
../Core/Src/stm32h7b3i_discovery_camera.c:874:9:BSP_CAMERA_SetSaturation	0	static
../Core/Src/stm32h7b3i_discovery_camera.c:906:9:BSP_CAMERA_GetSaturation	0	static
../Core/Src/stm32h7b3i_discovery_camera.c:934:9:BSP_CAMERA_SetContrast	0	static
../Core/Src/stm32h7b3i_discovery_camera.c:966:9:BSP_CAMERA_GetContrast	0	static
../Core/Src/stm32h7b3i_discovery_camera.c:994:9:BSP_CAMERA_SetHueDegree	0	static
../Core/Src/stm32h7b3i_discovery_camera.c:1026:9:BSP_CAMERA_GetHueDegree	0	static
../Core/Src/stm32h7b3i_discovery_camera.c:1055:9:BSP_CAMERA_SetMirrorFlip	0	static
../Core/Src/stm32h7b3i_discovery_camera.c:1087:9:BSP_CAMERA_GetMirrorFlip	0	static
../Core/Src/stm32h7b3i_discovery_camera.c:1115:9:BSP_CAMERA_SetZoom	0	static
../Core/Src/stm32h7b3i_discovery_camera.c:1147:9:BSP_CAMERA_GetZoom	0	static
../Core/Src/stm32h7b3i_discovery_camera.c:1174:9:BSP_CAMERA_EnableNightMode	0	static
../Core/Src/stm32h7b3i_discovery_camera.c:1204:9:BSP_CAMERA_DisableNightMode	0	static
../Core/Src/stm32h7b3i_discovery_camera.c:1234:9:BSP_CAMERA_HwReset	0	static
../Core/Src/stm32h7b3i_discovery_camera.c:1304:9:BSP_CAMERA_PwrDown	0	static
../Core/Src/stm32h7b3i_discovery_camera.c:1354:6:BSP_CAMERA_IRQHandler	0	static
../Core/Src/stm32h7b3i_discovery_camera.c:1367:6:BSP_CAMERA_DMA_IRQHandler	0	static
../Core/Src/stm32h7b3i_discovery_camera.c:1380:13:BSP_CAMERA_LineEventCallback	0	static
../Core/Src/stm32h7b3i_discovery_camera.c:1395:13:BSP_CAMERA_FrameEventCallback	0	static
../Core/Src/stm32h7b3i_discovery_camera.c:1410:13:BSP_CAMERA_VsyncEventCallback	0	static
../Core/Src/stm32h7b3i_discovery_camera.c:1425:13:BSP_CAMERA_ErrorCallback	0	static
../Core/Src/stm32h7b3i_discovery_camera.c:1441:6:HAL_DCMI_LineEventCallback	8	static
../Core/Src/stm32h7b3i_discovery_camera.c:1454:6:HAL_DCMI_FrameEventCallback	8	static
../Core/Src/stm32h7b3i_discovery_camera.c:1467:6:HAL_DCMI_VsyncEventCallback	8	static
../Core/Src/stm32h7b3i_discovery_camera.c:1480:6:HAL_DCMI_ErrorCallback	8	static
