../Core/Src/main.c:79:9:read_register	40	static
../Core/Src/main.c:91:5:main	8	static
../Core/Src/main.c:165:6:SystemClock_Config	120	static
../Core/Src/main.c:240:13:MX_DMA2D_Init	8	static
../Core/Src/main.c:280:13:MX_I2C4_Init	8	static
../Core/Src/main.c:328:13:MX_RTC_Init	8	static
../Core/Src/main.c:364:13:MX_USART1_UART_Init	8	static
../Core/Src/main.c:410:13:MX_DMA_Init	16	static
../Core/Src/main.c:428:13:MX_GPIO_Init	72	static
../Core/Src/main.c:703:6:BSP_CAMERA_FrameEventCallback	16	static
../Core/Src/main.c:713:6:Error_Handler	4	static,ignoring_inline_asm
