../Core/Src/stm32h7b3i_discovery_camera.c:203:9:BSP_CAMERA_Init	32	static
../Core/Src/stm32h7b3i_discovery_camera.c:320:9:BSP_CAMERA_DeInit	24	static
../Core/Src/stm32h7b3i_discovery_camera.c:369:26:MX_DCMI_Init	16	static
../Core/Src/stm32h7b3i_discovery_camera.c:468:9:BSP_CAMERA_Start	40	static
../Core/Src/stm32h7b3i_discovery_camera.c:495:9:BSP_CAMERA_Stop	24	static
../Core/Src/stm32h7b3i_discovery_camera.c:520:9:BSP_CAMERA_Suspend	24	static
../Core/Src/stm32h7b3i_discovery_camera.c:545:9:BSP_CAMERA_Resume	24	static
../Core/Src/stm32h7b3i_discovery_camera.c:574:9:BSP_CAMERA_GetCapabilities	24	static
../Core/Src/stm32h7b3i_discovery_camera.c:601:9:BSP_CAMERA_SetPixelFormat	24	static
../Core/Src/stm32h7b3i_discovery_camera.c:629:9:BSP_CAMERA_GetPixelFormat	24	static
../Core/Src/stm32h7b3i_discovery_camera.c:654:9:BSP_CAMERA_SetResolution	24	static
../Core/Src/stm32h7b3i_discovery_camera.c:686:9:BSP_CAMERA_GetResolution	24	static
../Core/Src/stm32h7b3i_discovery_camera.c:714:9:BSP_CAMERA_SetLightMode	24	static
../Core/Src/stm32h7b3i_discovery_camera.c:746:9:BSP_CAMERA_GetLightMode	24	static
../Core/Src/stm32h7b3i_discovery_camera.c:774:9:BSP_CAMERA_SetColorEffect	24	static
../Core/Src/stm32h7b3i_discovery_camera.c:806:9:BSP_CAMERA_GetColorEffect	24	static
../Core/Src/stm32h7b3i_discovery_camera.c:834:9:BSP_CAMERA_SetBrightness	24	static
../Core/Src/stm32h7b3i_discovery_camera.c:866:9:BSP_CAMERA_GetBrightness	24	static
../Core/Src/stm32h7b3i_discovery_camera.c:894:9:BSP_CAMERA_SetSaturation	24	static
../Core/Src/stm32h7b3i_discovery_camera.c:926:9:BSP_CAMERA_GetSaturation	24	static
../Core/Src/stm32h7b3i_discovery_camera.c:954:9:BSP_CAMERA_SetContrast	24	static
../Core/Src/stm32h7b3i_discovery_camera.c:986:9:BSP_CAMERA_GetContrast	24	static
../Core/Src/stm32h7b3i_discovery_camera.c:1014:9:BSP_CAMERA_SetHueDegree	24	static
../Core/Src/stm32h7b3i_discovery_camera.c:1046:9:BSP_CAMERA_GetHueDegree	24	static
../Core/Src/stm32h7b3i_discovery_camera.c:1075:9:BSP_CAMERA_SetMirrorFlip	24	static
../Core/Src/stm32h7b3i_discovery_camera.c:1107:9:BSP_CAMERA_GetMirrorFlip	24	static
../Core/Src/stm32h7b3i_discovery_camera.c:1135:9:BSP_CAMERA_SetZoom	24	static
../Core/Src/stm32h7b3i_discovery_camera.c:1167:9:BSP_CAMERA_GetZoom	24	static
../Core/Src/stm32h7b3i_discovery_camera.c:1194:9:BSP_CAMERA_EnableNightMode	24	static
../Core/Src/stm32h7b3i_discovery_camera.c:1224:9:BSP_CAMERA_DisableNightMode	24	static
../Core/Src/stm32h7b3i_discovery_camera.c:1254:9:BSP_CAMERA_HwReset	24	static
../Core/Src/stm32h7b3i_discovery_camera.c:1324:9:BSP_CAMERA_PwrDown	24	static
../Core/Src/stm32h7b3i_discovery_camera.c:1374:6:BSP_CAMERA_IRQHandler	16	static
../Core/Src/stm32h7b3i_discovery_camera.c:1387:6:BSP_CAMERA_DMA_IRQHandler	16	static
../Core/Src/stm32h7b3i_discovery_camera.c:1400:13:BSP_CAMERA_LineEventCallback	16	static
../Core/Src/stm32h7b3i_discovery_camera.c:1415:13:BSP_CAMERA_FrameEventCallback	16	static
../Core/Src/stm32h7b3i_discovery_camera.c:1430:13:BSP_CAMERA_VsyncEventCallback	16	static
../Core/Src/stm32h7b3i_discovery_camera.c:1445:13:BSP_CAMERA_ErrorCallback	16	static
../Core/Src/stm32h7b3i_discovery_camera.c:1461:6:HAL_DCMI_LineEventCallback	16	static
../Core/Src/stm32h7b3i_discovery_camera.c:1474:6:HAL_DCMI_FrameEventCallback	16	static
../Core/Src/stm32h7b3i_discovery_camera.c:1487:6:HAL_DCMI_VsyncEventCallback	16	static
../Core/Src/stm32h7b3i_discovery_camera.c:1500:6:HAL_DCMI_ErrorCallback	16	static
../Core/Src/stm32h7b3i_discovery_camera.c:1523:16:GetSize	24	static
../Core/Src/stm32h7b3i_discovery_camera.c:1565:13:DCMI_MspInit	64	static
../Core/Src/stm32h7b3i_discovery_camera.c:1663:13:DCMI_MspDeInit	40	static
../Core/Src/stm32h7b3i_discovery_camera.c:1826:16:OV5640_Probe	48	static
