Archive member included to satisfy reference by file (symbol)

/opt/st/stm32cubeide_1.12.0/plugins/com.st.stm32cube.ide.mcu.externaltools.gnu-tools-for-stm32.10.3-2021.10.linux64_1.0.200.202301161003/tools/bin/../lib/gcc/arm-none-eabi/10.3.1/../../../../arm-none-eabi/lib/thumb/v7e-m+dp/hard/libc_nano.a(lib_a-errno.o)
                              ./Core/Src/retarget.o (__errno)
/opt/st/stm32cubeide_1.12.0/plugins/com.st.stm32cube.ide.mcu.externaltools.gnu-tools-for-stm32.10.3-2021.10.linux64_1.0.200.202301161003/tools/bin/../lib/gcc/arm-none-eabi/10.3.1/../../../../arm-none-eabi/lib/thumb/v7e-m+dp/hard/libc_nano.a(lib_a-exit.o)
                              /opt/st/stm32cubeide_1.12.0/plugins/com.st.stm32cube.ide.mcu.externaltools.gnu-tools-for-stm32.10.3-2021.10.linux64_1.0.200.202301161003/tools/bin/../lib/gcc/arm-none-eabi/10.3.1/../../../../arm-none-eabi/lib/thumb/v7e-m+dp/hard/crt0.o (exit)
/opt/st/stm32cubeide_1.12.0/plugins/com.st.stm32cube.ide.mcu.externaltools.gnu-tools-for-stm32.10.3-2021.10.linux64_1.0.200.202301161003/tools/bin/../lib/gcc/arm-none-eabi/10.3.1/../../../../arm-none-eabi/lib/thumb/v7e-m+dp/hard/libc_nano.a(lib_a-impure.o)
                              /opt/st/stm32cubeide_1.12.0/plugins/com.st.stm32cube.ide.mcu.externaltools.gnu-tools-for-stm32.10.3-2021.10.linux64_1.0.200.202301161003/tools/bin/../lib/gcc/arm-none-eabi/10.3.1/../../../../arm-none-eabi/lib/thumb/v7e-m+dp/hard/libc_nano.a(lib_a-exit.o) (_global_impure_ptr)
/opt/st/stm32cubeide_1.12.0/plugins/com.st.stm32cube.ide.mcu.externaltools.gnu-tools-for-stm32.10.3-2021.10.linux64_1.0.200.202301161003/tools/bin/../lib/gcc/arm-none-eabi/10.3.1/../../../../arm-none-eabi/lib/thumb/v7e-m+dp/hard/libc_nano.a(lib_a-init.o)
                              /opt/st/stm32cubeide_1.12.0/plugins/com.st.stm32cube.ide.mcu.externaltools.gnu-tools-for-stm32.10.3-2021.10.linux64_1.0.200.202301161003/tools/bin/../lib/gcc/arm-none-eabi/10.3.1/../../../../arm-none-eabi/lib/thumb/v7e-m+dp/hard/crt0.o (__libc_init_array)
/opt/st/stm32cubeide_1.12.0/plugins/com.st.stm32cube.ide.mcu.externaltools.gnu-tools-for-stm32.10.3-2021.10.linux64_1.0.200.202301161003/tools/bin/../lib/gcc/arm-none-eabi/10.3.1/../../../../arm-none-eabi/lib/thumb/v7e-m+dp/hard/libc_nano.a(lib_a-memset.o)
                              /opt/st/stm32cubeide_1.12.0/plugins/com.st.stm32cube.ide.mcu.externaltools.gnu-tools-for-stm32.10.3-2021.10.linux64_1.0.200.202301161003/tools/bin/../lib/gcc/arm-none-eabi/10.3.1/../../../../arm-none-eabi/lib/thumb/v7e-m+dp/hard/crt0.o (memset)
/opt/st/stm32cubeide_1.12.0/plugins/com.st.stm32cube.ide.mcu.externaltools.gnu-tools-for-stm32.10.3-2021.10.linux64_1.0.200.202301161003/tools/bin/../lib/gcc/arm-none-eabi/10.3.1/../../../../arm-none-eabi/lib/thumb/v7e-m+dp/hard/libc_nano.a(lib_a-setvbuf.o)
                              ./Core/Src/retarget.o (setvbuf)
/opt/st/stm32cubeide_1.12.0/plugins/com.st.stm32cube.ide.mcu.externaltools.gnu-tools-for-stm32.10.3-2021.10.linux64_1.0.200.202301161003/tools/bin/../lib/gcc/arm-none-eabi/10.3.1/../../../../arm-none-eabi/lib/thumb/v7e-m+dp/hard/libc_nano.a(lib_a-fflush.o)
                              /opt/st/stm32cubeide_1.12.0/plugins/com.st.stm32cube.ide.mcu.externaltools.gnu-tools-for-stm32.10.3-2021.10.linux64_1.0.200.202301161003/tools/bin/../lib/gcc/arm-none-eabi/10.3.1/../../../../arm-none-eabi/lib/thumb/v7e-m+dp/hard/libc_nano.a(lib_a-setvbuf.o) (_fflush_r)
/opt/st/stm32cubeide_1.12.0/plugins/com.st.stm32cube.ide.mcu.externaltools.gnu-tools-for-stm32.10.3-2021.10.linux64_1.0.200.202301161003/tools/bin/../lib/gcc/arm-none-eabi/10.3.1/../../../../arm-none-eabi/lib/thumb/v7e-m+dp/hard/libc_nano.a(lib_a-findfp.o)
                              /opt/st/stm32cubeide_1.12.0/plugins/com.st.stm32cube.ide.mcu.externaltools.gnu-tools-for-stm32.10.3-2021.10.linux64_1.0.200.202301161003/tools/bin/../lib/gcc/arm-none-eabi/10.3.1/../../../../arm-none-eabi/lib/thumb/v7e-m+dp/hard/libc_nano.a(lib_a-setvbuf.o) (__sinit)
/opt/st/stm32cubeide_1.12.0/plugins/com.st.stm32cube.ide.mcu.externaltools.gnu-tools-for-stm32.10.3-2021.10.linux64_1.0.200.202301161003/tools/bin/../lib/gcc/arm-none-eabi/10.3.1/../../../../arm-none-eabi/lib/thumb/v7e-m+dp/hard/libc_nano.a(lib_a-fwalk.o)
                              /opt/st/stm32cubeide_1.12.0/plugins/com.st.stm32cube.ide.mcu.externaltools.gnu-tools-for-stm32.10.3-2021.10.linux64_1.0.200.202301161003/tools/bin/../lib/gcc/arm-none-eabi/10.3.1/../../../../arm-none-eabi/lib/thumb/v7e-m+dp/hard/libc_nano.a(lib_a-findfp.o) (_fwalk)
/opt/st/stm32cubeide_1.12.0/plugins/com.st.stm32cube.ide.mcu.externaltools.gnu-tools-for-stm32.10.3-2021.10.linux64_1.0.200.202301161003/tools/bin/../lib/gcc/arm-none-eabi/10.3.1/../../../../arm-none-eabi/lib/thumb/v7e-m+dp/hard/libc_nano.a(lib_a-lock.o)
[...]
Memory Configuration

Name             Origin             Length             Attributes
ITCMRAM          0x0000000000000000 0x0000000000010000 xrw
FLASH            0x0000000008000000 0x0000000000200000 xr
DTCMRAM1         0x0000000020000000 0x0000000000010000 xrw
DTCMRAM2         0x0000000020010000 0x0000000000010000 xrw
RAM              0x0000000024000000 0x0000000000100000 xrw
RAM_CD           0x0000000030000000 0x0000000000020000 xrw
RAM_SRD          0x0000000038000000 0x0000000000008000 xrw
*default*        0x0000000000000000 0xffffffffffffffff

Linker script and memory map

LOAD /opt/st/stm32cubeide_1.12.0/plugins/com.st.stm32cube.ide.mcu.externaltools.gnu-tools-for-stm32.10.3-2021.10.linux64_1.0.200.202301161003/tools/bin/../lib/gcc/arm-none-eabi/10.3.1/thumb/v7e-m+dp/hard/crti.o
LOAD /opt/st/stm32cubeide_1.12.0/plugins/com.st.stm32cube.ide.mcu.externaltools.gnu-tools-for-stm32.10.3-2021.10.linux64_1.0.200.202301161003/tools/bin/../lib/gcc/arm-none-eabi/10.3.1/thumb/v7e-m+dp/hard/crtbegin.o
LOAD /opt/st/stm32cubeide_1.12.0/plugins/com.st.stm32cube.ide.mcu.externaltools.gnu-tools-for-stm32.10.3-2021.10.linux64_1.0.200.202301161003/tools/bin/../lib/gcc/arm-none-eabi/10.3.1/../../../../arm-none-eabi/lib/thumb/v7e-m+dp/hard/crt0.o
LOAD ./Core/Src/dcmi.o
LOAD ./Core/Src/dma.o
LOAD ./Core/Src/dma2d.o
LOAD ./Core/Src/fmc.o
LOAD ./Core/Src/gpio.o
LOAD ./Core/Src/ltdc.o
LOAD ./Core/Src/main.o
LOAD ./Core/Src/ov5640.o
LOAD ./Core/Src/ov5640_reg.o
LOAD ./Core/Src/retarget.o
LOAD ./Core/Src/rtc.o
LOAD ./Core/Src/stm32h7b3i_discovery_bus.o
LOAD ./Core/Src/stm32h7b3i_discovery_camera.o
LOAD ./Core/Src/stm32h7xx_hal_msp.o
LOAD ./Core/Src/stm32h7xx_it.o
LOAD ./Core/Src/syscalls.o
LOAD ./Core/Src/sysmem.o
LOAD ./Core/Src/system_stm32h7xx.o
LOAD ./Core/Src/usart.o
LOAD ./Core/Startup/startup_stm32h7b3lihxq.o
LOAD ./Drivers/STM32H7xx_HAL_Driver/Src/stm32h7xx_hal.o
LOAD ./Drivers/STM32H7xx_HAL_Driver/Src/stm32h7xx_hal_cortex.o
LOAD ./Drivers/STM32H7xx_HAL_Driver/Src/stm32h7xx_hal_dcmi.o
LOAD ./Drivers/STM32H7xx_HAL_Driver/Src/stm32h7xx_hal_dma.o
LOAD ./Drivers/STM32H7xx_HAL_Driver/Src/stm32h7xx_hal_dma2d.o
LOAD ./Drivers/STM32H7xx_HAL_Driver/Src/stm32h7xx_hal_dma_ex.o
LOAD ./Drivers/STM32H7xx_HAL_Driver/Src/stm32h7xx_hal_exti.o
LOAD ./Drivers/STM32H7xx_HAL_Driver/Src/stm32h7xx_hal_flash.o
LOAD ./Drivers/STM32H7xx_HAL_Driver/Src/stm32h7xx_hal_flash_ex.o
LOAD ./Drivers/STM32H7xx_HAL_Driver/Src/stm32h7xx_hal_gpio.o
LOAD ./Drivers/STM32H7xx_HAL_Driver/Src/stm32h7xx_hal_hsem.o
LOAD ./Drivers/STM32H7xx_HAL_Driver/Src/stm32h7xx_hal_i2c.o
LOAD ./Drivers/STM32H7xx_HAL_Driver/Src/stm32h7xx_hal_i2c_ex.o
LOAD ./Drivers/STM32H7xx_HAL_Driver/Src/stm32h7xx_hal_ltdc.o
LOAD ./Drivers/STM32H7xx_HAL_Driver/Src/stm32h7xx_hal_ltdc_ex.o
LOAD ./Drivers/STM32H7xx_HAL_Driver/Src/stm32h7xx_hal_mdma.o
LOAD ./Drivers/STM32H7xx_HAL_Driver/Src/stm32h7xx_hal_pwr.o
LOAD ./Drivers/STM32H7xx_HAL_Driver/Src/stm32h7xx_hal_pwr_ex.o
LOAD ./Drivers/STM32H7xx_HAL_Driver/Src/stm32h7xx_hal_rcc.o
LOAD ./Drivers/STM32H7xx_HAL_Driver/Src/stm32h7xx_hal_rcc_ex.o
LOAD ./Drivers/STM32H7xx_HAL_Driver/Src/stm32h7xx_hal_rtc.o
LOAD ./Drivers/STM32H7xx_HAL_Driver/Src/stm32h7xx_hal_rtc_ex.o
LOAD ./Drivers/STM32H7xx_HAL_Driver/Src/stm32h7xx_hal_sdram.o
LOAD ./Drivers/STM32H7xx_HAL_Driver/Src/stm32h7xx_hal_tim.o
LOAD ./Drivers/STM32H7xx_HAL_Driver/Src/stm32h7xx_hal_tim_ex.o
LOAD ./Drivers/STM32H7xx_HAL_Driver/Src/stm32h7xx_hal_uart.o
LOAD ./Drivers/STM32H7xx_HAL_Driver/Src/stm32h7xx_hal_uart_ex.o
LOAD ./Drivers/STM32H7xx_HAL_Driver/Src/stm32h7xx_ll_fmc.o
START GROUP
LOAD /opt/st/stm32cubeide_1.12.0/plugins/com.st.stm32cube.ide.mcu.externaltools.gnu-tools-for-stm32.10.3-2021.10.linux64_1.0.200.202301161003/tools/bin/../lib/gcc/arm-none-eabi/10.3.1/../../../../arm-none-eabi/lib/thumb/v7e-m+dp/hard/libc_nano.a
LOAD /opt/st/stm32cubeide_1.12.0/plugins/com.st.stm32cube.ide.mcu.externaltools.gnu-tools-for-stm32.10.3-2021.10.linux64_1.0.200.202301161003/tools/bin/../lib/gcc/arm-none-eabi/10.3.1/../../../../arm-none-eabi/lib/thumb/v7e-m+dp/hard/libm.a
END GROUP
START GROUP
LOAD /opt/st/stm32cubeide_1.12.0/plugins/com.st.stm32cube.ide.mcu.externaltools.gnu-tools-for-stm32.10.3-2021.10.linux64_1.0.200.202301161003/tools/bin/../lib/gcc/arm-none-eabi/10.3.1/thumb/v7e-m+dp/hard/libgcc.a
LOAD /opt/st/stm32cubeide_1.12.0/plugins/com.st.stm32cube.ide.mcu.externaltools.gnu-tools-for-stm32.10.3-2021.10.linux64_1.0.200.202301161003/tools/bin/../lib/gcc/arm-none-eabi/10.3.1/../../../../arm-none-eabi/lib/thumb/v7e-m+dp/hard/libc_nano.a
END GROUP
START GROUP
LOAD /opt/st/stm32cubeide_1.12.0/plugins/com.st.stm32cube.ide.mcu.externaltools.gnu-tools-for-stm32.10.3-2021.10.linux64_1.0.200.202301161003/tools/bin/../lib/gcc/arm-none-eabi/10.3.1/thumb/v7e-m+dp/hard/libgcc.a
LOAD /opt/st/stm32cubeide_1.12.0/plugins/com.st.stm32cube.ide.mcu.externaltools.gnu-tools-for-stm32.10.3-2021.10.linux64_1.0.200.202301161003/tools/bin/../lib/gcc/arm-none-eabi/10.3.1/../../../../arm-none-eabi/lib/thumb/v7e-m+dp/hard/libc_nano.a
LOAD /opt/st/stm32cubeide_1.12.0/plugins/com.st.stm32cube.ide.mcu.externaltools.gnu-tools-for-stm32.10.3-2021.10.linux64_1.0.200.202301161003/tools/bin/../lib/gcc/arm-none-eabi/10.3.1/../../../../arm-none-eabi/lib/thumb/v7e-m+dp/hard/libnosys.a
END GROUP
START GROUP
LOAD /opt/st/stm32cubeide_1.12.0/plugins/com.st.stm32cube.ide.mcu.externaltools.gnu-tools-for-stm32.10.3-2021.10.linux64_1.0.200.202301161003/tools/bin/../lib/gcc/arm-none-eabi/10.3.1/thumb/v7e-m+dp/hard/libgcc.a
LOAD /opt/st/stm32cubeide_1.12.0/plugins/com.st.stm32cube.ide.mcu.externaltools.gnu-tools-for-stm32.10.3-2021.10.linux64_1.0.200.202301161003/tools/bin/../lib/gcc/arm-none-eabi/10.3.1/../../../../arm-none-eabi/lib/thumb/v7e-m+dp/hard/libc_nano.a
LOAD /opt/st/stm32cubeide_1.12.0/plugins/com.st.stm32cube.ide.mcu.externaltools.gnu-tools-for-stm32.10.3-2021.10.linux64_1.0.200.202301161003/tools/bin/../lib/gcc/arm-none-eabi/10.3.1/../../../../arm-none-eabi/lib/thumb/v7e-m+dp/hard/libnosys.a
END GROUP
LOAD /opt/st/stm32cubeide_1.12.0/plugins/com.st.stm32cube.ide.mcu.externaltools.gnu-tools-for-stm32.10.3-2021.10.linux64_1.0.200.202301161003/tools/bin/../lib/gcc/arm-none-eabi/10.3.1/thumb/v7e-m+dp/hard/crtend.o
LOAD /opt/st/stm32cubeide_1.12.0/plugins/com.st.stm32cube.ide.mcu.externaltools.gnu-tools-for-stm32.10.3-2021.10.linux64_1.0.200.202301161003/tools/bin/../lib/gcc/arm-none-eabi/10.3.1/thumb/v7e-m+dp/hard/crtn.o
                0x0000000024100000                _estack = (ORIGIN (RAM) + LENGTH (RAM))
                0x0000000000000200                _Min_Heap_Size = 0x200
                0x0000000000000400                _Min_Stack_Size = 0x400

.isr_vector     0x0000000008000000      0x2ac
                0x0000000008000000                . = ALIGN (0x4)
 *(.isr_vector)
 .isr_vector    0x0000000008000000      0x2ac ./Core/Startup/startup_stm32h7b3lihxq.o
                0x0000000008000000                g_pfnVectors
                0x00000000080002ac                . = ALIGN (0x4)

.text           0x00000000080002ac     0x8700
                0x00000000080002ac                . = ALIGN (0x4)
 *(.text)
 .text          0x00000000080002ac       0x40 /opt/st/stm32cubeide_1.12.0/plugins/com.st.stm32cube.ide.mcu.externaltools.gnu-tools-for-stm32.10.3-2021.10.linux64_1.0.200.202301161003/tools/bin/../lib/gcc/arm-none-eabi/10.3.1/thumb/v7e-m+dp/hard/crtbegin.o
 .text          0x00000000080002ec       0x30 /opt/st/stm32cubeide_1.12.0/plugins/com.st.stm32cube.ide.mcu.externaltools.gnu-tools-for-stm32.10.3-2021.10.linux64_1.0.200.202301161003/tools/bin/../lib/gcc/arm-none-eabi/10.3.1/thumb/v7e-m+dp/hard/libgcc.a(_aeabi_uldivmod.o)
                0x00000000080002ec                __aeabi_uldivmod
 .text          0x000000000800031c      0x2d0 /opt/st/stm32cubeide_1.12.0/plugins/com.st.stm32cube.ide.mcu.externaltools.gnu-tools-for-stm32.10.3-2021.10.linux64_1.0.200.202301161003/tools/bin/../lib/gcc/arm-none-eabi/10.3.1/thumb/v7e-m+dp/hard/libgcc.a(_udivmoddi4.o)
                0x000000000800031c                __udivmoddi4
 .text          0x00000000080005ec        0x4 /opt/st/stm32cubeide_1.12.0/plugins/com.st.stm32cube.ide.mcu.externaltools.gnu-tools-for-stm32.10.3-2021.10.linux64_1.0.200.202301161003/tools/bin/../lib/gcc/arm-none-eabi/10.3.1/thumb/v7e-m+dp/hard/libgcc.a(_dvmd_tls.o)
                0x00000000080005ec                __aeabi_ldiv0
                0x00000000080005ec                __aeabi_idiv0
 *(.text*)
 .text.MX_DCMI_Init
                0x00000000080005f0       0x40 ./Core/Src/dcmi.o
                0x00000000080005f0                MX_DCMI_Init
 .text.HAL_DCMI_MspInit
                0x0000000008000630      0x18c ./Core/Src/dcmi.o
                0x0000000008000630                HAL_DCMI_MspInit
 .text.MX_DMA_Init
                0x00000000080007bc       0x38 ./Core/Src/dma.o
                0x00000000080007bc                MX_DMA_Init
 .text.MX_DMA2D_Init
                0x00000000080007f4       0x4c ./Core/Src/dma2d.o
                0x00000000080007f4                MX_DMA2D_Init
 .text.HAL_DMA2D_MspInit
                0x0000000008000840       0x48 ./Core/Src/dma2d.o
                0x0000000008000840                HAL_DMA2D_MspInit
 .text.DMA2D_Convert
                0x0000000008000888       0x3c ./Core/Src/dma2d.o
                0x0000000008000888                DMA2D_Convert
 .text.MX_FMC_Init
                0x00000000080008c4       0xcc ./Core/Src/fmc.o
                0x00000000080008c4                MX_FMC_Init
 .text.HAL_SDRAM_MspInit
                0x0000000008000990       0xf8 ./Core/Src/fmc.o
                0x0000000008000990                HAL_SDRAM_MspInit
 .text.MX_GPIO_Init
                0x0000000008000a88      0x368 ./Core/Src/gpio.o
                0x0000000008000a88                MX_GPIO_Init
 .text.MX_LTDC_Init
                0x0000000008000df0       0xa0 ./Core/Src/ltdc.o
                0x0000000008000df0                MX_LTDC_Init
 .text.HAL_LTDC_MspInit
                0x0000000008000e90      0x138 ./Core/Src/ltdc.o
                0x0000000008000e90                HAL_LTDC_MspInit
 .text.LTDC_Init_from_buffer
                0x0000000008000fc8       0x60 ./Core/Src/ltdc.o
                0x0000000008000fc8                LTDC_Init_from_buffer
 .text.SystemClock_Config
                0x0000000008001028       0xd0 ./Core/Src/main.o
                0x0000000008001028                SystemClock_Config
 .text.startup.main
                0x00000000080010f8       0x8c ./Core/Src/main.o
                0x00000000080010f8                main
 .text.BSP_CAMERA_FrameEventCallback
                0x0000000008001184       0x18 ./Core/Src/main.o
                0x0000000008001184                BSP_CAMERA_FrameEventCallback
 .text.Error_Handler
                0x000000000800119c        0x4 ./Core/Src/main.o
                0x000000000800119c                Error_Handler
 .text.OV5640_DeInit
                0x00000000080011a0       0x12 ./Core/Src/ov5640.o
                0x00000000080011a0                OV5640_DeInit
 .text.OV5640_GetPixelFormat
                0x00000000080011b2        0x6 ./Core/Src/ov5640.o
                0x00000000080011b2                OV5640_GetPixelFormat
 .text.OV5640_GetCapabilities
                0x00000000080011b8       0x22 ./Core/Src/ov5640.o
                0x00000000080011b8                OV5640_GetCapabilities
 .text.OV5640_ReadRegWrap
                0x00000000080011da        0xe ./Core/Src/ov5640.o
 .text.OV5640_WriteRegWrap
                0x00000000080011e8        0xe ./Core/Src/ov5640.o
 *fill*         0x00000000080011f6        0x2 
 .text.OV5640_SetResolution
                0x00000000080011f8      0x130 ./Core/Src/ov5640.o
                0x00000000080011f8                OV5640_SetResolution
 .text.OV5640_SetLightMode
                0x0000000008001328      0x17c ./Core/Src/ov5640.o
                0x0000000008001328                OV5640_SetLightMode
 .text.OV5640_SetColorEffect
                0x00000000080014a4      0x224 ./Core/Src/ov5640.o
                0x00000000080014a4                OV5640_SetColorEffect
 .text.OV5640_SetBrightness
                0x00000000080016c8       0x9c ./Core/Src/ov5640.o
                0x00000000080016c8                OV5640_SetBrightness
 .text.OV5640_SetSaturation
                0x0000000008001764       0xb4 ./Core/Src/ov5640.o
                0x0000000008001764                OV5640_SetSaturation
 .text.OV5640_SetContrast
                0x0000000008001818       0xb0 ./Core/Src/ov5640.o
                0x0000000008001818                OV5640_SetContrast
 .text.OV5640_SetHueDegree
                0x00000000080018c8       0xe4 ./Core/Src/ov5640.o
                0x00000000080018c8                OV5640_SetHueDegree
 .text.OV5640_GetResolution
                0x00000000080019ac       0xc4 ./Core/Src/ov5640.o
                0x00000000080019ac                OV5640_GetResolution
 .text.OV5640_ZoomConfig
                0x0000000008001a70       0x7c ./Core/Src/ov5640.o
                0x0000000008001a70                OV5640_ZoomConfig
 .text.OV5640_MirrorFlipConfig
                0x0000000008001aec       0xc6 ./Core/Src/ov5640.o
                0x0000000008001aec                OV5640_MirrorFlipConfig
 .text.OV5640_NightModeConfig
                0x0000000008001bb2      0x188 ./Core/Src/ov5640.o
                0x0000000008001bb2                OV5640_NightModeConfig
 .text.OV5640_Delay.isra.0
                0x0000000008001d3a       0x18 ./Core/Src/ov5640.o
 .text.OV5640_ReadID
                0x0000000008001d52       0x74 ./Core/Src/ov5640.o
                0x0000000008001d52                OV5640_ReadID
 .text.OV5640_SetPixelFormat
                0x0000000008001dc6      0x1be ./Core/Src/ov5640.o
                0x0000000008001dc6                OV5640_SetPixelFormat
 .text.OV5640_RegisterBusIO
                0x0000000008001f84       0x38 ./Core/Src/ov5640.o
                0x0000000008001f84                OV5640_RegisterBusIO
 .text.OV5640_SetPolarities
                0x0000000008001fbc       0x40 ./Core/Src/ov5640.o
                0x0000000008001fbc                OV5640_SetPolarities
 .text.OV5640_Init
                0x0000000008001ffc       0xa4 ./Core/Src/ov5640.o
                0x0000000008001ffc                OV5640_Init
 .text.ov5640_read_reg
                0x00000000080020a0        0xe ./Core/Src/ov5640_reg.o
                0x00000000080020a0                ov5640_read_reg
 .text.ov5640_write_reg
                0x00000000080020ae        0xe ./Core/Src/ov5640_reg.o
                0x00000000080020ae                ov5640_write_reg
 .text.RetargetInit
                0x00000000080020bc       0x1c ./Core/Src/retarget.o
                0x00000000080020bc                RetargetInit
 .text._write   0x00000000080020d8       0x34 ./Core/Src/retarget.o
                0x00000000080020d8                _write
 .text._close   0x000000000800210c       0x18 ./Core/Src/retarget.o
                0x000000000800210c                _close
 .text._read    0x0000000008002124       0x30 ./Core/Src/retarget.o
                0x0000000008002124                _read
 .text._fstat   0x0000000008002154       0x1a ./Core/Src/retarget.o
                0x0000000008002154                _fstat
 *fill*         0x000000000800216e        0x2 
 .text.MX_RTC_Init
                0x0000000008002170       0x38 ./Core/Src/rtc.o
                0x0000000008002170                MX_RTC_Init
 .text.HAL_RTC_MspInit
                0x00000000080021a8       0x4c ./Core/Src/rtc.o
                0x00000000080021a8                HAL_RTC_MspInit
 .text.BSP_I2C4_DeInit
                0x00000000080021f4       0x54 ./Core/Src/stm32h7b3i_discovery_bus.o
                0x00000000080021f4                BSP_I2C4_DeInit
 .text.MX_I2C4_Init
                0x0000000008002248       0x3e ./Core/Src/stm32h7b3i_discovery_bus.o
                0x0000000008002248                MX_I2C4_Init
 *fill*         0x0000000008002286        0x2 
 .text.BSP_I2C4_Init
                0x0000000008002288      0x2b0 ./Core/Src/stm32h7b3i_discovery_bus.o
                0x0000000008002288                BSP_I2C4_Init
 .text.BSP_I2C4_WriteReg16
                0x0000000008002538       0x34 ./Core/Src/stm32h7b3i_discovery_bus.o
                0x0000000008002538                BSP_I2C4_WriteReg16
 .text.BSP_I2C4_ReadReg16
                0x000000000800256c       0x34 ./Core/Src/stm32h7b3i_discovery_bus.o
                0x000000000800256c                BSP_I2C4_ReadReg16
 .text.BSP_GetTick
                0x00000000080025a0        0x4 ./Core/Src/stm32h7b3i_discovery_bus.o
                0x00000000080025a0                BSP_GetTick
 .text.BSP_CAMERA_Init
                0x00000000080025a4       0xc4 ./Core/Src/stm32h7b3i_discovery_camera.o
                0x00000000080025a4                BSP_CAMERA_Init
 .text.BSP_CAMERA_Start
                0x0000000008002668       0x6c ./Core/Src/stm32h7b3i_discovery_camera.o
                0x0000000008002668                BSP_CAMERA_Start
 .text.BSP_CAMERA_Stop
                0x00000000080026d4       0x20 ./Core/Src/stm32h7b3i_discovery_camera.o
                0x00000000080026d4                BSP_CAMERA_Stop
 .text.BSP_CAMERA_PwrDown
                0x00000000080026f4        0xc ./Core/Src/stm32h7b3i_discovery_camera.o
                0x00000000080026f4                BSP_CAMERA_PwrDown
 .text.BSP_CAMERA_LineEventCallback
                0x0000000008002700        0x2 ./Core/Src/stm32h7b3i_discovery_camera.o
                0x0000000008002700                BSP_CAMERA_LineEventCallback
 .text.BSP_CAMERA_VsyncEventCallback
                0x0000000008002702        0x2 ./Core/Src/stm32h7b3i_discovery_camera.o
                0x0000000008002702                BSP_CAMERA_VsyncEventCallback
 .text.BSP_CAMERA_ErrorCallback
                0x0000000008002704        0x2 ./Core/Src/stm32h7b3i_discovery_camera.o
                0x0000000008002704                BSP_CAMERA_ErrorCallback
 .text.HAL_DCMI_LineEventCallback
                0x0000000008002706        0xa ./Core/Src/stm32h7b3i_discovery_camera.o
                0x0000000008002706                HAL_DCMI_LineEventCallback
 .text.HAL_DCMI_FrameEventCallback
                0x0000000008002710        0xa ./Core/Src/stm32h7b3i_discovery_camera.o
                0x0000000008002710                HAL_DCMI_FrameEventCallback
 .text.HAL_DCMI_VsyncEventCallback
                0x000000000800271a        0xa ./Core/Src/stm32h7b3i_discovery_camera.o
                0x000000000800271a                HAL_DCMI_VsyncEventCallback
 .text.HAL_DCMI_ErrorCallback
                0x0000000008002724        0xa ./Core/Src/stm32h7b3i_discovery_camera.o
                0x0000000008002724                HAL_DCMI_ErrorCallback
 *fill*         0x000000000800272e        0x2 
 .text.HAL_MspInit
                0x0000000008002730       0x24 ./Core/Src/stm32h7xx_hal_msp.o
                0x0000000008002730                HAL_MspInit
 .text.NMI_Handler
                0x0000000008002754        0x2 ./Core/Src/stm32h7xx_it.o
                0x0000000008002754                NMI_Handler
 .text.HardFault_Handler
                0x0000000008002756        0x2 ./Core/Src/stm32h7xx_it.o
                0x0000000008002756                HardFault_Handler
 .text.MemManage_Handler
                0x0000000008002758        0x2 ./Core/Src/stm32h7xx_it.o
                0x0000000008002758                MemManage_Handler
 .text.BusFault_Handler
                0x000000000800275a        0x2 ./Core/Src/stm32h7xx_it.o
                0x000000000800275a                BusFault_Handler
 .text.UsageFault_Handler
                0x000000000800275c        0x2 ./Core/Src/stm32h7xx_it.o
                0x000000000800275c                UsageFault_Handler
 .text.SVC_Handler
                0x000000000800275e        0x2 ./Core/Src/stm32h7xx_it.o
                0x000000000800275e                SVC_Handler
 .text.DebugMon_Handler
                0x0000000008002760        0x2 ./Core/Src/stm32h7xx_it.o
                0x0000000008002760                DebugMon_Handler
 .text.PendSV_Handler
                0x0000000008002762        0x2 ./Core/Src/stm32h7xx_it.o
                0x0000000008002762                PendSV_Handler
 .text.SysTick_Handler
                0x0000000008002764        0x4 ./Core/Src/stm32h7xx_it.o
                0x0000000008002764                SysTick_Handler
 .text.USART1_IRQHandler
                0x0000000008002768        0xc ./Core/Src/stm32h7xx_it.o
                0x0000000008002768                USART1_IRQHandler
 .text.DMA2_Stream1_IRQHandler
                0x0000000008002774        0xc ./Core/Src/stm32h7xx_it.o
                0x0000000008002774                DMA2_Stream1_IRQHandler
 .text.DCMI_PSSI_IRQHandler
                0x0000000008002780        0xc ./Core/Src/stm32h7xx_it.o
                0x0000000008002780                DCMI_PSSI_IRQHandler
 .text.LTDC_IRQHandler
                0x000000000800278c        0xc ./Core/Src/stm32h7xx_it.o
                0x000000000800278c                LTDC_IRQHandler
 .text.LTDC_ER_IRQHandler
                0x0000000008002798        0x4 ./Core/Src/stm32h7xx_it.o
                0x0000000008002798                LTDC_ER_IRQHandler
 .text.DMA2D_IRQHandler
                0x000000000800279c        0xc ./Core/Src/stm32h7xx_it.o
                0x000000000800279c                DMA2D_IRQHandler
 .text._lseek   0x00000000080027a8        0x4 ./Core/Src/syscalls.o
                0x00000000080027a8                _lseek
 .text._sbrk    0x00000000080027ac       0x40 ./Core/Src/sysmem.o
                0x00000000080027ac                _sbrk
 .text.SystemInit
                0x00000000080027ec       0xa4 ./Core/Src/system_stm32h7xx.o
                0x00000000080027ec                SystemInit
 .text.MX_USART1_UART_Init
                0x0000000008002890       0x64 ./Core/Src/usart.o
                0x0000000008002890                MX_USART1_UART_Init
 .text.HAL_UART_MspInit
                0x00000000080028f4       0xa4 ./Core/Src/usart.o
                0x00000000080028f4                HAL_UART_MspInit
 .text.Reset_Handler
                0x0000000008002998       0x50 ./Core/Startup/startup_stm32h7b3lihxq.o
                0x0000000008002998                Reset_Handler
 .text.Default_Handler
                0x00000000080029e8        0x2 ./Core/Startup/startup_stm32h7b3lihxq.o
                0x00000000080029e8                RTC_Alarm_IRQHandler
                0x00000000080029e8                HASH_RNG_IRQHandler
                0x00000000080029e8                EXTI2_IRQHandler
                0x00000000080029e8                TIM8_CC_IRQHandler
                0x00000000080029e8                UART8_IRQHandler
                0x00000000080029e8                BDMA2_Channel1_IRQHandler
                0x00000000080029e8                SPI4_IRQHandler
                0x00000000080029e8                BDMA2_Channel0_IRQHandler
                0x00000000080029e8                TIM1_CC_IRQHandler
                0x00000000080029e8                DMA2_Stream5_IRQHandler
                0x00000000080029e8                JPEG_IRQHandler
                0x00000000080029e8                DMA1_Stream5_IRQHandler
                0x00000000080029e8                EXTI3_IRQHandler
                0x00000000080029e8                LPTIM4_IRQHandler
                0x00000000080029e8                TIM8_TRG_COM_TIM14_IRQHandler
                0x00000000080029e8                LPTIM2_IRQHandler
                0x00000000080029e8                DFSDM1_FLT1_IRQHandler
                0x00000000080029e8                DMAMUX2_OVR_IRQHandler
                0x00000000080029e8                GFXMMU_IRQHandler
                0x00000000080029e8                TIM8_UP_TIM13_IRQHandler
                0x00000000080029e8                I2C3_ER_IRQHandler
                0x00000000080029e8                DFSDM1_FLT2_IRQHandler
                0x00000000080029e8                USART10_IRQHandler
                0x00000000080029e8                MDMA_IRQHandler
                0x00000000080029e8                LPTIM3_IRQHandler
                0x00000000080029e8                BDMA2_Channel3_IRQHandler
                0x00000000080029e8                HSEM1_IRQHandler
                0x00000000080029e8                EXTI0_IRQHandler
                0x00000000080029e8                I2C2_EV_IRQHandler
                0x00000000080029e8                DAC2_IRQHandler
                0x00000000080029e8                DMA1_Stream2_IRQHandler
                0x00000000080029e8                FPU_IRQHandler
                0x00000000080029e8                OTG_HS_WKUP_IRQHandler
                0x00000000080029e8                FDCAN1_IT1_IRQHandler
                0x00000000080029e8                DMA2_Stream2_IRQHandler
                0x00000000080029e8                SPI1_IRQHandler
                0x00000000080029e8                OCTOSPI1_IRQHandler
                0x00000000080029e8                TIM6_DAC_IRQHandler
                0x00000000080029e8                BDMA2_Channel6_IRQHandler
                0x00000000080029e8                DMA2_Stream3_IRQHandler
                0x00000000080029e8                OCTOSPI2_IRQHandler
                0x00000000080029e8                SAI2_IRQHandler
                0x00000000080029e8                BDMA1_IRQHandler
                0x00000000080029e8                DFSDM1_FLT3_IRQHandler
                0x00000000080029e8                USART6_IRQHandler
                0x00000000080029e8                TIM17_IRQHandler
                0x00000000080029e8                USART3_IRQHandler
                0x00000000080029e8                CRYP_IRQHandler
                0x00000000080029e8                LPTIM5_IRQHandler
                0x00000000080029e8                UART5_IRQHandler
                0x00000000080029e8                DMA2_Stream0_IRQHandler
                0x00000000080029e8                TIM4_IRQHandler
                0x00000000080029e8                I2C1_EV_IRQHandler
                0x00000000080029e8                DMA1_Stream6_IRQHandler
                0x00000000080029e8                DMAMUX1_OVR_IRQHandler
                0x00000000080029e8                DMA1_Stream1_IRQHandler
                0x00000000080029e8                TIM16_IRQHandler
                0x00000000080029e8                UART4_IRQHandler
                0x00000000080029e8                TIM3_IRQHandler
                0x00000000080029e8                RCC_IRQHandler
                0x00000000080029e8                UART9_IRQHandler
                0x00000000080029e8                TIM8_BRK_TIM12_IRQHandler
                0x00000000080029e8                TIM1_TRG_COM_IRQHandler
                0x00000000080029e8                Default_Handler
                0x00000000080029e8                ECC_IRQHandler
                0x00000000080029e8                BDMA2_Channel2_IRQHandler
                0x00000000080029e8                CEC_IRQHandler
                0x00000000080029e8                EXTI15_10_IRQHandler
                0x00000000080029e8                DFSDM1_FLT4_IRQHandler
                0x00000000080029e8                ADC_IRQHandler
                0x00000000080029e8                OTFDEC1_IRQHandler
                0x00000000080029e8                DMA1_Stream7_IRQHandler
                0x00000000080029e8                SPI5_IRQHandler
                0x00000000080029e8                TIM7_IRQHandler
                0x00000000080029e8                SDMMC1_IRQHandler
                0x00000000080029e8                TIM5_IRQHandler
                0x00000000080029e8                DMA2_Stream7_IRQHandler
                0x00000000080029e8                TIM15_IRQHandler
                0x00000000080029e8                I2C3_EV_IRQHandler
                0x00000000080029e8                DFSDM2_IRQHandler
                0x00000000080029e8                EXTI9_5_IRQHandler
                0x00000000080029e8                RTC_WKUP_IRQHandler
                0x00000000080029e8                SPDIF_RX_IRQHandler
                0x00000000080029e8                PVD_PVM_IRQHandler
                0x00000000080029e8                SPI2_IRQHandler
                0x00000000080029e8                OTG_HS_EP1_IN_IRQHandler
                0x00000000080029e8                DFSDM1_FLT5_IRQHandler
                0x00000000080029e8                DMA1_Stream0_IRQHandler
                0x00000000080029e8                OTFDEC2_IRQHandler
                0x00000000080029e8                CRS_IRQHandler
                0x00000000080029e8                EXTI4_IRQHandler
                0x00000000080029e8                DFSDM1_FLT6_IRQHandler
                0x00000000080029e8                FDCAN2_IT1_IRQHandler
                0x00000000080029e8                COMP_IRQHandler
                0x00000000080029e8                TIM1_UP_IRQHandler
                0x00000000080029e8                OTG_HS_EP1_OUT_IRQHandler
                0x00000000080029e8                WWDG_IRQHandler
                0x00000000080029e8                SPI6_IRQHandler
                0x00000000080029e8                MDIOS_IRQHandler
                0x00000000080029e8                I2C4_EV_IRQHandler
                0x00000000080029e8                FDCAN2_IT0_IRQHandler
                0x00000000080029e8                LPUART1_IRQHandler
                0x00000000080029e8                FDCAN1_IT0_IRQHandler
                0x00000000080029e8                TIM2_IRQHandler
                0x00000000080029e8                BDMA2_Channel5_IRQHandler
                0x00000000080029e8                OTG_HS_IRQHandler
                0x00000000080029e8                TIM1_BRK_IRQHandler
                0x00000000080029e8                EXTI1_IRQHandler
                0x00000000080029e8                SDMMC2_IRQHandler
                0x00000000080029e8                DTS_IRQHandler
                0x00000000080029e8                UART7_IRQHandler
                0x00000000080029e8                MDIOS_WKUP_IRQHandler
                0x00000000080029e8                USART2_IRQHandler
                0x00000000080029e8                DFSDM1_FLT0_IRQHandler
                0x00000000080029e8                I2C2_ER_IRQHandler
                0x00000000080029e8                DFSDM1_FLT7_IRQHandler
                0x00000000080029e8                FLASH_IRQHandler
                0x00000000080029e8                DMA2_Stream4_IRQHandler
                0x00000000080029e8                SPI3_IRQHandler
                0x00000000080029e8                WAKEUP_PIN_IRQHandler
                0x00000000080029e8                DMA1_Stream4_IRQHandler
                0x00000000080029e8                I2C1_ER_IRQHandler
                0x00000000080029e8                FMC_IRQHandler
                0x00000000080029e8                BDMA2_Channel7_IRQHandler
                0x00000000080029e8                FDCAN_CAL_IRQHandler
                0x00000000080029e8                SWPMI1_IRQHandler
                0x00000000080029e8                LPTIM1_IRQHandler
                0x00000000080029e8                I2C4_ER_IRQHandler
                0x00000000080029e8                DMA2_Stream6_IRQHandler
                0x00000000080029e8                SAI1_IRQHandler
                0x00000000080029e8                DMA1_Stream3_IRQHandler
                0x00000000080029e8                RTC_TAMP_STAMP_CSS_LSE_IRQHandler
                0x00000000080029e8                BDMA2_Channel4_IRQHandler
 *fill*         0x00000000080029ea        0x2 
 .text.HAL_InitTick
                0x00000000080029ec       0x4c ./Drivers/STM32H7xx_HAL_Driver/Src/stm32h7xx_hal.o
                0x00000000080029ec                HAL_InitTick
 .text.HAL_Init
                0x0000000008002a38       0x5c ./Drivers/STM32H7xx_HAL_Driver/Src/stm32h7xx_hal.o
                0x0000000008002a38                HAL_Init
 .text.HAL_IncTick
                0x0000000008002a94       0x18 ./Drivers/STM32H7xx_HAL_Driver/Src/stm32h7xx_hal.o
                0x0000000008002a94                HAL_IncTick
 .text.HAL_GetTick
                0x0000000008002aac        0xc ./Drivers/STM32H7xx_HAL_Driver/Src/stm32h7xx_hal.o
                0x0000000008002aac                HAL_GetTick
 .text.HAL_Delay
                0x0000000008002ab8       0x24 ./Drivers/STM32H7xx_HAL_Driver/Src/stm32h7xx_hal.o
                0x0000000008002ab8                HAL_Delay
 .text.HAL_NVIC_SetPriorityGrouping
                0x0000000008002adc       0x24 ./Drivers/STM32H7xx_HAL_Driver/Src/stm32h7xx_hal_cortex.o
                0x0000000008002adc                HAL_NVIC_SetPriorityGrouping
 .text.HAL_NVIC_SetPriority
                0x0000000008002b00       0x64 ./Drivers/STM32H7xx_HAL_Driver/Src/stm32h7xx_hal_cortex.o
                0x0000000008002b00                HAL_NVIC_SetPriority
 .text.HAL_NVIC_EnableIRQ
                0x0000000008002b64       0x1c ./Drivers/STM32H7xx_HAL_Driver/Src/stm32h7xx_hal_cortex.o
                0x0000000008002b64                HAL_NVIC_EnableIRQ
 .text.HAL_SYSTICK_Config
                0x0000000008002b80       0x28 ./Drivers/STM32H7xx_HAL_Driver/Src/stm32h7xx_hal_cortex.o
                0x0000000008002b80                HAL_SYSTICK_Config
 .text.DCMI_DMAXferCplt
                0x0000000008002ba8       0x7c ./Drivers/STM32H7xx_HAL_Driver/Src/stm32h7xx_hal_dcmi.o
 .text.HAL_DCMI_Init
                0x0000000008002c24       0x90 ./Drivers/STM32H7xx_HAL_Driver/Src/stm32h7xx_hal_dcmi.o
                0x0000000008002c24                HAL_DCMI_Init
 .text.HAL_DCMI_Start_DMA
                0x0000000008002cb4       0xe0 ./Drivers/STM32H7xx_HAL_Driver/Src/stm32h7xx_hal_dcmi.o
                0x0000000008002cb4                HAL_DCMI_Start_DMA
 .text.HAL_DCMI_Stop
                0x0000000008002d94       0x74 ./Drivers/STM32H7xx_HAL_Driver/Src/stm32h7xx_hal_dcmi.o
                0x0000000008002d94                HAL_DCMI_Stop
 .text.DCMI_DMAError
                0x0000000008002e08       0x20 ./Drivers/STM32H7xx_HAL_Driver/Src/stm32h7xx_hal_dcmi.o
 .text.HAL_DCMI_IRQHandler
                0x0000000008002e28       0x94 ./Drivers/STM32H7xx_HAL_Driver/Src/stm32h7xx_hal_dcmi.o
                0x0000000008002e28                HAL_DCMI_IRQHandler
 .text.DMA_SetConfig
                0x0000000008002ebc      0x1b8 ./Drivers/STM32H7xx_HAL_Driver/Src/stm32h7xx_hal_dma.o
 .text.DMA_CalcBaseAndBitshift
                0x0000000008003074       0x9c ./Drivers/STM32H7xx_HAL_Driver/Src/stm32h7xx_hal_dma.o
 .text.DMA_CalcDMAMUXChannelBaseAndMask
                0x0000000008003110       0x90 ./Drivers/STM32H7xx_HAL_Driver/Src/stm32h7xx_hal_dma.o
 .text.DMA_CalcDMAMUXRequestGenBaseAndMask
                0x00000000080031a0       0x70 ./Drivers/STM32H7xx_HAL_Driver/Src/stm32h7xx_hal_dma.o
 .text.HAL_DMA_Init
                0x0000000008003210      0x3bc ./Drivers/STM32H7xx_HAL_Driver/Src/stm32h7xx_hal_dma.o
                0x0000000008003210                HAL_DMA_Init
 .text.HAL_DMA_Start_IT
                0x00000000080035cc      0x238 ./Drivers/STM32H7xx_HAL_Driver/Src/stm32h7xx_hal_dma.o
                0x00000000080035cc                HAL_DMA_Start_IT
 .text.HAL_DMA_Abort
                0x0000000008003804      0x34c ./Drivers/STM32H7xx_HAL_Driver/Src/stm32h7xx_hal_dma.o
                0x0000000008003804                HAL_DMA_Abort
 .text.HAL_DMA_Abort_IT
                0x0000000008003b50      0x168 ./Drivers/STM32H7xx_HAL_Driver/Src/stm32h7xx_hal_dma.o
                0x0000000008003b50                HAL_DMA_Abort_IT
 .text.HAL_DMA_IRQHandler
                0x0000000008003cb8      0x594 ./Drivers/STM32H7xx_HAL_Driver/Src/stm32h7xx_hal_dma.o
                0x0000000008003cb8                HAL_DMA_IRQHandler
 .text.DMA2D_SetConfig
                0x000000000800424c       0x8e ./Drivers/STM32H7xx_HAL_Driver/Src/stm32h7xx_hal_dma2d.o
 .text.HAL_DMA2D_Init
                0x00000000080042da       0x7a ./Drivers/STM32H7xx_HAL_Driver/Src/stm32h7xx_hal_dma2d.o
                0x00000000080042da                HAL_DMA2D_Init
 .text.HAL_DMA2D_Start
                0x0000000008004354       0x34 ./Drivers/STM32H7xx_HAL_Driver/Src/stm32h7xx_hal_dma2d.o
                0x0000000008004354                HAL_DMA2D_Start
 .text.HAL_DMA2D_PollForTransfer
                0x0000000008004388      0x102 ./Drivers/STM32H7xx_HAL_Driver/Src/stm32h7xx_hal_dma2d.o
                0x0000000008004388                HAL_DMA2D_PollForTransfer
 .text.HAL_DMA2D_LineEventCallback
                0x000000000800448a        0x2 ./Drivers/STM32H7xx_HAL_Driver/Src/stm32h7xx_hal_dma2d.o
                0x000000000800448a                HAL_DMA2D_LineEventCallback
 .text.HAL_DMA2D_CLUTLoadingCpltCallback
                0x000000000800448c        0x2 ./Drivers/STM32H7xx_HAL_Driver/Src/stm32h7xx_hal_dma2d.o
                0x000000000800448c                HAL_DMA2D_CLUTLoadingCpltCallback
 .text.HAL_DMA2D_IRQHandler
                0x000000000800448e      0x114 ./Drivers/STM32H7xx_HAL_Driver/Src/stm32h7xx_hal_dma2d.o
                0x000000000800448e                HAL_DMA2D_IRQHandler
 *fill*         0x00000000080045a2        0x2 
 .text.HAL_DMA2D_ConfigLayer
                0x00000000080045a4       0xc0 ./Drivers/STM32H7xx_HAL_Driver/Src/stm32h7xx_hal_dma2d.o
                0x00000000080045a4                HAL_DMA2D_ConfigLayer
 .text.DMA_MultiBufferSetConfig
                0x0000000008004664       0x60 ./Drivers/STM32H7xx_HAL_Driver/Src/stm32h7xx_hal_dma_ex.o
 .text.HAL_DMAEx_MultiBufferStart_IT
                0x00000000080046c4      0x368 ./Drivers/STM32H7xx_HAL_Driver/Src/stm32h7xx_hal_dma_ex.o
                0x00000000080046c4                HAL_DMAEx_MultiBufferStart_IT
 .text.HAL_DMAEx_ChangeMemory
                0x0000000008004a2c       0x58 ./Drivers/STM32H7xx_HAL_Driver/Src/stm32h7xx_hal_dma_ex.o
                0x0000000008004a2c                HAL_DMAEx_ChangeMemory
 .text.HAL_GPIO_Init
                0x0000000008004a84      0x1d8 ./Drivers/STM32H7xx_HAL_Driver/Src/stm32h7xx_hal_gpio.o
                0x0000000008004a84                HAL_GPIO_Init
 .text.HAL_GPIO_DeInit
                0x0000000008004c5c      0x144 ./Drivers/STM32H7xx_HAL_Driver/Src/stm32h7xx_hal_gpio.o
                0x0000000008004c5c                HAL_GPIO_DeInit
 .text.HAL_GPIO_WritePin
                0x0000000008004da0        0xa ./Drivers/STM32H7xx_HAL_Driver/Src/stm32h7xx_hal_gpio.o
                0x0000000008004da0                HAL_GPIO_WritePin
 .text.HAL_GPIO_TogglePin
                0x0000000008004daa       0x12 ./Drivers/STM32H7xx_HAL_Driver/Src/stm32h7xx_hal_gpio.o
                0x0000000008004daa                HAL_GPIO_TogglePin
 .text.I2C_Flush_TXDR
                0x0000000008004dbc       0x1c ./Drivers/STM32H7xx_HAL_Driver/Src/stm32h7xx_hal_i2c.o
 .text.I2C_TransferConfig
                0x0000000008004dd8       0x2c ./Drivers/STM32H7xx_HAL_Driver/Src/stm32h7xx_hal_i2c.o
 .text.I2C_IsErrorOccurred
                0x0000000008004e04      0x102 ./Drivers/STM32H7xx_HAL_Driver/Src/stm32h7xx_hal_i2c.o
 .text.I2C_WaitOnTXISFlagUntilTimeout
                0x0000000008004f06       0x56 ./Drivers/STM32H7xx_HAL_Driver/Src/stm32h7xx_hal_i2c.o
 .text.I2C_WaitOnFlagUntilTimeout
                0x0000000008004f5c       0x66 ./Drivers/STM32H7xx_HAL_Driver/Src/stm32h7xx_hal_i2c.o
 .text.I2C_WaitOnSTOPFlagUntilTimeout
                0x0000000008004fc2       0x52 ./Drivers/STM32H7xx_HAL_Driver/Src/stm32h7xx_hal_i2c.o
 .text.HAL_I2C_MspInit
                0x0000000008005014        0x2 ./Drivers/STM32H7xx_HAL_Driver/Src/stm32h7xx_hal_i2c.o
                0x0000000008005014                HAL_I2C_MspInit
 .text.HAL_I2C_Init
                0x0000000008005016       0xa2 ./Drivers/STM32H7xx_HAL_Driver/Src/stm32h7xx_hal_i2c.o
                0x0000000008005016                HAL_I2C_Init
 .text.HAL_I2C_MspDeInit
                0x00000000080050b8        0x2 ./Drivers/STM32H7xx_HAL_Driver/Src/stm32h7xx_hal_i2c.o
                0x00000000080050b8                HAL_I2C_MspDeInit
 .text.HAL_I2C_DeInit
                0x00000000080050ba       0x32 ./Drivers/STM32H7xx_HAL_Driver/Src/stm32h7xx_hal_i2c.o
                0x00000000080050ba                HAL_I2C_DeInit
 .text.HAL_I2C_Mem_Write
                0x00000000080050ec      0x1b4 ./Drivers/STM32H7xx_HAL_Driver/Src/stm32h7xx_hal_i2c.o
                0x00000000080050ec                HAL_I2C_Mem_Write
 .text.HAL_I2C_Mem_Read
                0x00000000080052a0      0x1bc ./Drivers/STM32H7xx_HAL_Driver/Src/stm32h7xx_hal_i2c.o
                0x00000000080052a0                HAL_I2C_Mem_Read
 .text.HAL_I2C_GetState
                0x000000000800545c        0x6 ./Drivers/STM32H7xx_HAL_Driver/Src/stm32h7xx_hal_i2c.o
                0x000000000800545c                HAL_I2C_GetState
 .text.HAL_I2C_GetError
                0x0000000008005462        0x4 ./Drivers/STM32H7xx_HAL_Driver/Src/stm32h7xx_hal_i2c.o
                0x0000000008005462                HAL_I2C_GetError
 .text.HAL_I2CEx_ConfigAnalogFilter
                0x0000000008005466       0x4c ./Drivers/STM32H7xx_HAL_Driver/Src/stm32h7xx_hal_i2c_ex.o
                0x0000000008005466                HAL_I2CEx_ConfigAnalogFilter
 .text.HAL_I2CEx_ConfigDigitalFilter
                0x00000000080054b2       0x4a ./Drivers/STM32H7xx_HAL_Driver/Src/stm32h7xx_hal_i2c_ex.o
                0x00000000080054b2                HAL_I2CEx_ConfigDigitalFilter
 .text.LTDC_SetConfig
                0x00000000080054fc      0x10c ./Drivers/STM32H7xx_HAL_Driver/Src/stm32h7xx_hal_ltdc.o
 .text.HAL_LTDC_Init
                0x0000000008005608       0xd8 ./Drivers/STM32H7xx_HAL_Driver/Src/stm32h7xx_hal_ltdc.o
                0x0000000008005608                HAL_LTDC_Init
 .text.HAL_LTDC_ErrorCallback
                0x00000000080056e0        0x2 ./Drivers/STM32H7xx_HAL_Driver/Src/stm32h7xx_hal_ltdc.o
                0x00000000080056e0                HAL_LTDC_ErrorCallback
 .text.HAL_LTDC_LineEventCallback
                0x00000000080056e2        0x2 ./Drivers/STM32H7xx_HAL_Driver/Src/stm32h7xx_hal_ltdc.o
                0x00000000080056e2                HAL_LTDC_LineEventCallback
 .text.HAL_LTDC_ReloadEventCallback
                0x00000000080056e4        0x2 ./Drivers/STM32H7xx_HAL_Driver/Src/stm32h7xx_hal_ltdc.o
                0x00000000080056e4                HAL_LTDC_ReloadEventCallback
 .text.HAL_LTDC_IRQHandler
                0x00000000080056e6       0xba ./Drivers/STM32H7xx_HAL_Driver/Src/stm32h7xx_hal_ltdc.o
                0x00000000080056e6                HAL_LTDC_IRQHandler
 .text.HAL_LTDC_ConfigLayer
                0x00000000080057a0       0x5a ./Drivers/STM32H7xx_HAL_Driver/Src/stm32h7xx_hal_ltdc.o
                0x00000000080057a0                HAL_LTDC_ConfigLayer
 *fill*         0x00000000080057fa        0x2 
 .text.HAL_PWR_EnableBkUpAccess
                0x00000000080057fc       0x10 ./Drivers/STM32H7xx_HAL_Driver/Src/stm32h7xx_hal_pwr.o
                0x00000000080057fc                HAL_PWR_EnableBkUpAccess
 .text.HAL_PWREx_ConfigSupply
                0x000000000800580c       0x78 ./Drivers/STM32H7xx_HAL_Driver/Src/stm32h7xx_hal_pwr_ex.o
                0x000000000800580c                HAL_PWREx_ConfigSupply
 .text.HAL_RCC_OscConfig
                0x0000000008005884      0x55c ./Drivers/STM32H7xx_HAL_Driver/Src/stm32h7xx_hal_rcc.o
                0x0000000008005884                HAL_RCC_OscConfig
 .text.HAL_RCC_MCOConfig
                0x0000000008005de0       0x9c ./Drivers/STM32H7xx_HAL_Driver/Src/stm32h7xx_hal_rcc.o
                0x0000000008005de0                HAL_RCC_MCOConfig
 .text.HAL_RCC_GetSysClockFreq
                0x0000000008005e7c      0x140 ./Drivers/STM32H7xx_HAL_Driver/Src/stm32h7xx_hal_rcc.o
                0x0000000008005e7c                HAL_RCC_GetSysClockFreq
 .text.HAL_RCC_ClockConfig
                0x0000000008005fbc      0x24c ./Drivers/STM32H7xx_HAL_Driver/Src/stm32h7xx_hal_rcc.o
                0x0000000008005fbc                HAL_RCC_ClockConfig
 .text.HAL_RCC_GetHCLKFreq
                0x0000000008006208       0x44 ./Drivers/STM32H7xx_HAL_Driver/Src/stm32h7xx_hal_rcc.o
                0x0000000008006208                HAL_RCC_GetHCLKFreq
 .text.HAL_RCC_GetPCLK1Freq
                0x000000000800624c       0x24 ./Drivers/STM32H7xx_HAL_Driver/Src/stm32h7xx_hal_rcc.o
                0x000000000800624c                HAL_RCC_GetPCLK1Freq
 .text.HAL_RCC_GetPCLK2Freq
                0x0000000008006270       0x24 ./Drivers/STM32H7xx_HAL_Driver/Src/stm32h7xx_hal_rcc.o
                0x0000000008006270                HAL_RCC_GetPCLK2Freq
 .text.RCCEx_PLL2_Config
                0x0000000008006294       0xf0 ./Drivers/STM32H7xx_HAL_Driver/Src/stm32h7xx_hal_rcc_ex.o
 .text.RCCEx_PLL3_Config
                0x0000000008006384       0xf0 ./Drivers/STM32H7xx_HAL_Driver/Src/stm32h7xx_hal_rcc_ex.o
 .text.HAL_RCCEx_PeriphCLKConfig
                0x0000000008006474      0x9bc ./Drivers/STM32H7xx_HAL_Driver/Src/stm32h7xx_hal_rcc_ex.o
                0x0000000008006474                HAL_RCCEx_PeriphCLKConfig
 .text.HAL_RCCEx_GetD3PCLK1Freq
                0x0000000008006e30       0x24 ./Drivers/STM32H7xx_HAL_Driver/Src/stm32h7xx_hal_rcc_ex.o
                0x0000000008006e30                HAL_RCCEx_GetD3PCLK1Freq
 .text.HAL_RCCEx_GetPLL2ClockFreq
                0x0000000008006e54      0x150 ./Drivers/STM32H7xx_HAL_Driver/Src/stm32h7xx_hal_rcc_ex.o
                0x0000000008006e54                HAL_RCCEx_GetPLL2ClockFreq
 .text.HAL_RCCEx_GetPLL3ClockFreq
                0x0000000008006fa4      0x150 ./Drivers/STM32H7xx_HAL_Driver/Src/stm32h7xx_hal_rcc_ex.o
                0x0000000008006fa4                HAL_RCCEx_GetPLL3ClockFreq
 .text.HAL_RTC_WaitForSynchro
                0x00000000080070f4       0x30 ./Drivers/STM32H7xx_HAL_Driver/Src/stm32h7xx_hal_rtc.o
                0x00000000080070f4                HAL_RTC_WaitForSynchro
 .text.RTC_EnterInitMode
                0x0000000008007124       0x46 ./Drivers/STM32H7xx_HAL_Driver/Src/stm32h7xx_hal_rtc.o
                0x0000000008007124                RTC_EnterInitMode
 *fill*         0x000000000800716a        0x2 
 .text.RTC_ExitInitMode
                0x000000000800716c       0x48 ./Drivers/STM32H7xx_HAL_Driver/Src/stm32h7xx_hal_rtc.o
                0x000000000800716c                RTC_ExitInitMode
 .text.HAL_RTC_Init
                0x00000000080071b4       0x9c ./Drivers/STM32H7xx_HAL_Driver/Src/stm32h7xx_hal_rtc.o
                0x00000000080071b4                HAL_RTC_Init
 .text.HAL_SDRAM_Init
                0x0000000008007250       0x50 ./Drivers/STM32H7xx_HAL_Driver/Src/stm32h7xx_hal_sdram.o
                0x0000000008007250                HAL_SDRAM_Init
 .text.HAL_SDRAM_SendCommand
                0x00000000080072a0       0x3e ./Drivers/STM32H7xx_HAL_Driver/Src/stm32h7xx_hal_sdram.o
                0x00000000080072a0                HAL_SDRAM_SendCommand
 .text.HAL_SDRAM_ProgramRefreshRate
                0x00000000080072de       0x30 ./Drivers/STM32H7xx_HAL_Driver/Src/stm32h7xx_hal_sdram.o
                0x00000000080072de                HAL_SDRAM_ProgramRefreshRate
 *fill*         0x000000000800730e        0x2 
 .text.UART_EndRxTransfer
                0x0000000008007310       0x58 ./Drivers/STM32H7xx_HAL_Driver/Src/stm32h7xx_hal_uart.o
 .text.HAL_UART_TxCpltCallback
                0x0000000008007368        0x2 ./Drivers/STM32H7xx_HAL_Driver/Src/stm32h7xx_hal_uart.o
                0x0000000008007368                HAL_UART_TxCpltCallback
 .text.HAL_UART_ErrorCallback
                0x000000000800736a        0x2 ./Drivers/STM32H7xx_HAL_Driver/Src/stm32h7xx_hal_uart.o
                0x000000000800736a                HAL_UART_ErrorCallback
 .text.UART_DMAAbortOnError
                0x000000000800736c       0x14 ./Drivers/STM32H7xx_HAL_Driver/Src/stm32h7xx_hal_uart.o
 .text.HAL_UARTEx_RxEventCallback
                0x0000000008007380        0x2 ./Drivers/STM32H7xx_HAL_Driver/Src/stm32h7xx_hal_uart.o
                0x0000000008007380                HAL_UARTEx_RxEventCallback
 *fill*         0x0000000008007382        0x2 
 .text.HAL_UART_IRQHandler
                0x0000000008007384      0x348 ./Drivers/STM32H7xx_HAL_Driver/Src/stm32h7xx_hal_uart.o
                0x0000000008007384                HAL_UART_IRQHandler
 .text.UART_SetConfig
                0x00000000080076cc      0x3d0 ./Drivers/STM32H7xx_HAL_Driver/Src/stm32h7xx_hal_uart.o
                0x00000000080076cc                UART_SetConfig
 .text.UART_AdvFeatureConfig
                0x0000000008007a9c       0xaa ./Drivers/STM32H7xx_HAL_Driver/Src/stm32h7xx_hal_uart.o
                0x0000000008007a9c                UART_AdvFeatureConfig
 .text.UART_WaitOnFlagUntilTimeout
                0x0000000008007b46       0x88 ./Drivers/STM32H7xx_HAL_Driver/Src/stm32h7xx_hal_uart.o
                0x0000000008007b46                UART_WaitOnFlagUntilTimeout
 .text.HAL_UART_Transmit
                0x0000000008007bce       0xac ./Drivers/STM32H7xx_HAL_Driver/Src/stm32h7xx_hal_uart.o
                0x0000000008007bce                HAL_UART_Transmit
 .text.HAL_UART_Receive
                0x0000000008007c7a       0xe4 ./Drivers/STM32H7xx_HAL_Driver/Src/stm32h7xx_hal_uart.o
                0x0000000008007c7a                HAL_UART_Receive
 .text.UART_CheckIdleState
                0x0000000008007d5e       0xba ./Drivers/STM32H7xx_HAL_Driver/Src/stm32h7xx_hal_uart.o
                0x0000000008007d5e                UART_CheckIdleState
 .text.HAL_UART_Init
                0x0000000008007e18       0x60 ./Drivers/STM32H7xx_HAL_Driver/Src/stm32h7xx_hal_uart.o
                0x0000000008007e18                HAL_UART_Init
 .text.UARTEx_SetNbDataToProcess
                0x0000000008007e78       0x44 ./Drivers/STM32H7xx_HAL_Driver/Src/stm32h7xx_hal_uart_ex.o
 .text.HAL_UARTEx_WakeupCallback
                0x0000000008007ebc        0x2 ./Drivers/STM32H7xx_HAL_Driver/Src/stm32h7xx_hal_uart_ex.o
                0x0000000008007ebc                HAL_UARTEx_WakeupCallback
 .text.HAL_UARTEx_RxFifoFullCallback
                0x0000000008007ebe        0x2 ./Drivers/STM32H7xx_HAL_Driver/Src/stm32h7xx_hal_uart_ex.o
                0x0000000008007ebe                HAL_UARTEx_RxFifoFullCallback
 .text.HAL_UARTEx_TxFifoEmptyCallback
                0x0000000008007ec0        0x2 ./Drivers/STM32H7xx_HAL_Driver/Src/stm32h7xx_hal_uart_ex.o
                0x0000000008007ec0                HAL_UARTEx_TxFifoEmptyCallback
 .text.HAL_UARTEx_DisableFifoMode
                0x0000000008007ec2       0x36 ./Drivers/STM32H7xx_HAL_Driver/Src/stm32h7xx_hal_uart_ex.o
                0x0000000008007ec2                HAL_UARTEx_DisableFifoMode
 .text.HAL_UARTEx_SetTxFifoThreshold
                0x0000000008007ef8       0x48 ./Drivers/STM32H7xx_HAL_Driver/Src/stm32h7xx_hal_uart_ex.o
                0x0000000008007ef8                HAL_UARTEx_SetTxFifoThreshold
 .text.HAL_UARTEx_SetRxFifoThreshold
                0x0000000008007f40       0x48 ./Drivers/STM32H7xx_HAL_Driver/Src/stm32h7xx_hal_uart_ex.o
                0x0000000008007f40                HAL_UARTEx_SetRxFifoThreshold
 .text.FMC_SDRAM_Init
                0x0000000008007f88       0x76 ./Drivers/STM32H7xx_HAL_Driver/Src/stm32h7xx_ll_fmc.o
                0x0000000008007f88                FMC_SDRAM_Init
 .text.FMC_SDRAM_Timing_Init
                0x0000000008007ffe       0x6c ./Drivers/STM32H7xx_HAL_Driver/Src/stm32h7xx_ll_fmc.o
                0x0000000008007ffe                FMC_SDRAM_Timing_Init
 .text.FMC_SDRAM_SendCommand
                0x000000000800806a       0x24 ./Drivers/STM32H7xx_HAL_Driver/Src/stm32h7xx_ll_fmc.o
                0x000000000800806a                FMC_SDRAM_SendCommand
 .text.FMC_SDRAM_ProgramRefreshRate
                0x000000000800808e       0x14 ./Drivers/STM32H7xx_HAL_Driver/Src/stm32h7xx_ll_fmc.o
                0x000000000800808e                FMC_SDRAM_ProgramRefreshRate
 *fill*         0x00000000080080a2        0x2 
 .text.__errno  0x00000000080080a4        0xc /opt/st/stm32cubeide_1.12.0/plugins/com.st.stm32cube.ide.mcu.externaltools.gnu-tools-for-stm32.10.3-2021.10.linux64_1.0.200.202301161003/tools/bin/../lib/gcc/arm-none-eabi/10.3.1/../../../../arm-none-eabi/lib/thumb/v7e-m+dp/hard/libc_nano.a(lib_a-errno.o)
                0x00000000080080a4                __errno
 .text.__libc_init_array
                0x00000000080080b0       0x48 /opt/st/stm32cubeide_1.12.0/plugins/com.st.stm32cube.ide.mcu.externaltools.gnu-tools-for-stm32.10.3-2021.10.linux64_1.0.200.202301161003/tools/bin/../lib/gcc/arm-none-eabi/10.3.1/../../../../arm-none-eabi/lib/thumb/v7e-m+dp/hard/libc_nano.a(lib_a-init.o)
                0x00000000080080b0                __libc_init_array
 .text.memset   0x00000000080080f8       0x10 /opt/st/stm32cubeide_1.12.0/plugins/com.st.stm32cube.ide.mcu.externaltools.gnu-tools-for-stm32.10.3-2021.10.linux64_1.0.200.202301161003/tools/bin/../lib/gcc/arm-none-eabi/10.3.1/../../../../arm-none-eabi/lib/thumb/v7e-m+dp/hard/libc_nano.a(lib_a-memset.o)
                0x00000000080080f8                memset
 .text.setvbuf  0x0000000008008108      0x18c /opt/st/stm32cubeide_1.12.0/plugins/com.st.stm32cube.ide.mcu.externaltools.gnu-tools-for-stm32.10.3-2021.10.linux64_1.0.200.202301161003/tools/bin/../lib/gcc/arm-none-eabi/10.3.1/../../../../arm-none-eabi/lib/thumb/v7e-m+dp/hard/libc_nano.a(lib_a-setvbuf.o)
                0x0000000008008108                setvbuf
 .text.__sflush_r
                0x0000000008008294      0x10c /opt/st/stm32cubeide_1.12.0/plugins/com.st.stm32cube.ide.mcu.externaltools.gnu-tools-for-stm32.10.3-2021.10.linux64_1.0.200.202301161003/tools/bin/../lib/gcc/arm-none-eabi/10.3.1/../../../../arm-none-eabi/lib/thumb/v7e-m+dp/hard/libc_nano.a(lib_a-fflush.o)
                0x0000000008008294                __sflush_r
 .text._fflush_r
                0x00000000080083a0       0x78 /opt/st/stm32cubeide_1.12.0/plugins/com.st.stm32cube.ide.mcu.externaltools.gnu-tools-for-stm32.10.3-2021.10.linux64_1.0.200.202301161003/tools/bin/../lib/gcc/arm-none-eabi/10.3.1/../../../../arm-none-eabi/lib/thumb/v7e-m+dp/hard/libc_nano.a(lib_a-fflush.o)
                0x00000000080083a0                _fflush_r
 .text.std      0x0000000008008418       0x48 /opt/st/stm32cubeide_1.12.0/plugins/com.st.stm32cube.ide.mcu.externaltools.gnu-tools-for-stm32.10.3-2021.10.linux64_1.0.200.202301161003/tools/bin/../lib/gcc/arm-none-eabi/10.3.1/../../../../arm-none-eabi/lib/thumb/v7e-m+dp/hard/libc_nano.a(lib_a-findfp.o)
 .text._cleanup_r
                0x0000000008008460        0xc /opt/st/stm32cubeide_1.12.0/plugins/com.st.stm32cube.ide.mcu.externaltools.gnu-tools-for-stm32.10.3-2021.10.linux64_1.0.200.202301161003/tools/bin/../lib/gcc/arm-none-eabi/10.3.1/../../../../arm-none-eabi/lib/thumb/v7e-m+dp/hard/libc_nano.a(lib_a-findfp.o)
                0x0000000008008460                _cleanup_r
 .text.__sfmoreglue
                0x000000000800846c       0x2c /opt/st/stm32cubeide_1.12.0/plugins/com.st.stm32cube.ide.mcu.externaltools.gnu-tools-for-stm32.10.3-2021.10.linux64_1.0.200.202301161003/tools/bin/../lib/gcc/arm-none-eabi/10.3.1/../../../../arm-none-eabi/lib/thumb/v7e-m+dp/hard/libc_nano.a(lib_a-findfp.o)
                0x000000000800846c                __sfmoreglue
 .text.__sfp_lock_acquire
                0x0000000008008498        0xc /opt/st/stm32cubeide_1.12.0/plugins/com.st.stm32cube.ide.mcu.externaltools.gnu-tools-for-stm32.10.3-2021.10.linux64_1.0.200.202301161003/tools/bin/../lib/gcc/arm-none-eabi/10.3.1/../../../../arm-none-eabi/lib/thumb/v7e-m+dp/hard/libc_nano.a(lib_a-findfp.o)
                0x0000000008008498                __sfp_lock_acquire
 .text.__sfp_lock_release
                0x00000000080084a4        0xc /opt/st/stm32cubeide_1.12.0/plugins/com.st.stm32cube.ide.mcu.externaltools.gnu-tools-for-stm32.10.3-2021.10.linux64_1.0.200.202301161003/tools/bin/../lib/gcc/arm-none-eabi/10.3.1/../../../../arm-none-eabi/lib/thumb/v7e-m+dp/hard/libc_nano.a(lib_a-findfp.o)
                0x00000000080084a4                __sfp_lock_release
 .text.__sinit_lock_acquire
                0x00000000080084b0        0xc /opt/st/stm32cubeide_1.12.0/plugins/com.st.stm32cube.ide.mcu.externaltools.gnu-tools-for-stm32.10.3-2021.10.linux64_1.0.200.202301161003/tools/bin/../lib/gcc/arm-none-eabi/10.3.1/../../../../arm-none-eabi/lib/thumb/v7e-m+dp/hard/libc_nano.a(lib_a-findfp.o)
                0x00000000080084b0                __sinit_lock_acquire
 .text.__sinit_lock_release
                0x00000000080084bc        0xc /opt/st/stm32cubeide_1.12.0/plugins/com.st.stm32cube.ide.mcu.externaltools.gnu-tools-for-stm32.10.3-2021.10.linux64_1.0.200.202301161003/tools/bin/../lib/gcc/arm-none-eabi/10.3.1/../../../../arm-none-eabi/lib/thumb/v7e-m+dp/hard/libc_nano.a(lib_a-findfp.o)
                0x00000000080084bc                __sinit_lock_release
 .text.__sinit  0x00000000080084c8       0x70 /opt/st/stm32cubeide_1.12.0/plugins/com.st.stm32cube.ide.mcu.externaltools.gnu-tools-for-stm32.10.3-2021.10.linux64_1.0.200.202301161003/tools/bin/../lib/gcc/arm-none-eabi/10.3.1/../../../../arm-none-eabi/lib/thumb/v7e-m+dp/hard/libc_nano.a(lib_a-findfp.o)
                0x00000000080084c8                __sinit
 .text.__sfp    0x0000000008008538       0x8c /opt/st/stm32cubeide_1.12.0/plugins/com.st.stm32cube.ide.mcu.externaltools.gnu-tools-for-stm32.10.3-2021.10.linux64_1.0.200.202301161003/tools/bin/../lib/gcc/arm-none-eabi/10.3.1/../../../../arm-none-eabi/lib/thumb/v7e-m+dp/hard/libc_nano.a(lib_a-findfp.o)
                0x0000000008008538                __sfp
 .text._fwalk_reent
                0x00000000080085c4       0x3e /opt/st/stm32cubeide_1.12.0/plugins/com.st.stm32cube.ide.mcu.externaltools.gnu-tools-for-stm32.10.3-2021.10.linux64_1.0.200.202301161003/tools/bin/../lib/gcc/arm-none-eabi/10.3.1/../../../../arm-none-eabi/lib/thumb/v7e-m+dp/hard/libc_nano.a(lib_a-fwalk.o)
                0x00000000080085c4                _fwalk_reent
 .text.__retarget_lock_init_recursive
                0x0000000008008602        0x2 /opt/st/stm32cubeide_1.12.0/plugins/com.st.stm32cube.ide.mcu.externaltools.gnu-tools-for-stm32.10.3-2021.10.linux64_1.0.200.202301161003/tools/bin/../lib/gcc/arm-none-eabi/10.3.1/../../../../arm-none-eabi/lib/thumb/v7e-m+dp/hard/libc_nano.a(lib_a-lock.o)
                0x0000000008008602                __retarget_lock_init_recursive
 .text.__retarget_lock_acquire_recursive
                0x0000000008008604        0x2 /opt/st/stm32cubeide_1.12.0/plugins/com.st.stm32cube.ide.mcu.externaltools.gnu-tools-for-stm32.10.3-2021.10.linux64_1.0.200.202301161003/tools/bin/../lib/gcc/arm-none-eabi/10.3.1/../../../../arm-none-eabi/lib/thumb/v7e-m+dp/hard/libc_nano.a(lib_a-lock.o)
                0x0000000008008604                __retarget_lock_acquire_recursive
 .text.__retarget_lock_release_recursive
                0x0000000008008606        0x2 /opt/st/stm32cubeide_1.12.0/plugins/com.st.stm32cube.ide.mcu.externaltools.gnu-tools-for-stm32.10.3-2021.10.linux64_1.0.200.202301161003/tools/bin/../lib/gcc/arm-none-eabi/10.3.1/../../../../arm-none-eabi/lib/thumb/v7e-m+dp/hard/libc_nano.a(lib_a-lock.o)
                0x0000000008008606                __retarget_lock_release_recursive
 .text.__swhatbuf_r
                0x0000000008008608       0x4a /opt/st/stm32cubeide_1.12.0/plugins/com.st.stm32cube.ide.mcu.externaltools.gnu-tools-for-stm32.10.3-2021.10.linux64_1.0.200.202301161003/tools/bin/../lib/gcc/arm-none-eabi/10.3.1/../../../../arm-none-eabi/lib/thumb/v7e-m+dp/hard/libc_nano.a(lib_a-makebuf.o)
                0x0000000008008608                __swhatbuf_r
 *fill*         0x0000000008008652        0x2 
 .text.malloc   0x0000000008008654       0x10 /opt/st/stm32cubeide_1.12.0/plugins/com.st.stm32cube.ide.mcu.externaltools.gnu-tools-for-stm32.10.3-2021.10.linux64_1.0.200.202301161003/tools/bin/../lib/gcc/arm-none-eabi/10.3.1/../../../../arm-none-eabi/lib/thumb/v7e-m+dp/hard/libc_nano.a(lib_a-malloc.o)
                0x0000000008008654                malloc
 .text._free_r  0x0000000008008664       0x98 /opt/st/stm32cubeide_1.12.0/plugins/com.st.stm32cube.ide.mcu.externaltools.gnu-tools-for-stm32.10.3-2021.10.linux64_1.0.200.202301161003/tools/bin/../lib/gcc/arm-none-eabi/10.3.1/../../../../arm-none-eabi/lib/thumb/v7e-m+dp/hard/libc_nano.a(lib_a-nano-freer.o)
                0x0000000008008664                _free_r
 .text.sbrk_aligned
                0x00000000080086fc       0x40 /opt/st/stm32cubeide_1.12.0/plugins/com.st.stm32cube.ide.mcu.externaltools.gnu-tools-for-stm32.10.3-2021.10.linux64_1.0.200.202301161003/tools/bin/../lib/gcc/arm-none-eabi/10.3.1/../../../../arm-none-eabi/lib/thumb/v7e-m+dp/hard/libc_nano.a(lib_a-nano-mallocr.o)
 .text._malloc_r
                0x000000000800873c       0xe8 /opt/st/stm32cubeide_1.12.0/plugins/com.st.stm32cube.ide.mcu.externaltools.gnu-tools-for-stm32.10.3-2021.10.linux64_1.0.200.202301161003/tools/bin/../lib/gcc/arm-none-eabi/10.3.1/../../../../arm-none-eabi/lib/thumb/v7e-m+dp/hard/libc_nano.a(lib_a-nano-mallocr.o)
                0x000000000800873c                _malloc_r
 .text._sbrk_r  0x0000000008008824       0x20 /opt/st/stm32cubeide_1.12.0/plugins/com.st.stm32cube.ide.mcu.externaltools.gnu-tools-for-stm32.10.3-2021.10.linux64_1.0.200.202301161003/tools/bin/../lib/gcc/arm-none-eabi/10.3.1/../../../../arm-none-eabi/lib/thumb/v7e-m+dp/hard/libc_nano.a(lib_a-sbrkr.o)
                0x0000000008008824                _sbrk_r
 .text.__sread  0x0000000008008844       0x22 /opt/st/stm32cubeide_1.12.0/plugins/com.st.stm32cube.ide.mcu.externaltools.gnu-tools-for-stm32.10.3-2021.10.linux64_1.0.200.202301161003/tools/bin/../lib/gcc/arm-none-eabi/10.3.1/../../../../arm-none-eabi/lib/thumb/v7e-m+dp/hard/libc_nano.a(lib_a-stdio.o)
                0x0000000008008844                __sread
 .text.__swrite
                0x0000000008008866       0x38 /opt/st/stm32cubeide_1.12.0/plugins/com.st.stm32cube.ide.mcu.externaltools.gnu-tools-for-stm32.10.3-2021.10.linux64_1.0.200.202301161003/tools/bin/../lib/gcc/arm-none-eabi/10.3.1/../../../../arm-none-eabi/lib/thumb/v7e-m+dp/hard/libc_nano.a(lib_a-stdio.o)
                0x0000000008008866                __swrite
 .text.__sseek  0x000000000800889e       0x24 /opt/st/stm32cubeide_1.12.0/plugins/com.st.stm32cube.ide.mcu.externaltools.gnu-tools-for-stm32.10.3-2021.10.linux64_1.0.200.202301161003/tools/bin/../lib/gcc/arm-none-eabi/10.3.1/../../../../arm-none-eabi/lib/thumb/v7e-m+dp/hard/libc_nano.a(lib_a-stdio.o)
                0x000000000800889e                __sseek
 .text.__sclose
                0x00000000080088c2        0x8 /opt/st/stm32cubeide_1.12.0/plugins/com.st.stm32cube.ide.mcu.externaltools.gnu-tools-for-stm32.10.3-2021.10.linux64_1.0.200.202301161003/tools/bin/../lib/gcc/arm-none-eabi/10.3.1/../../../../arm-none-eabi/lib/thumb/v7e-m+dp/hard/libc_nano.a(lib_a-stdio.o)
                0x00000000080088c2                __sclose
 *fill*         0x00000000080088ca        0x2 
 .text._write_r
                0x00000000080088cc       0x24 /opt/st/stm32cubeide_1.12.0/plugins/com.st.stm32cube.ide.mcu.externaltools.gnu-tools-for-stm32.10.3-2021.10.linux64_1.0.200.202301161003/tools/bin/../lib/gcc/arm-none-eabi/10.3.1/../../../../arm-none-eabi/lib/thumb/v7e-m+dp/hard/libc_nano.a(lib_a-writer.o)
                0x00000000080088cc                _write_r
 .text._close_r
                0x00000000080088f0       0x20 /opt/st/stm32cubeide_1.12.0/plugins/com.st.stm32cube.ide.mcu.externaltools.gnu-tools-for-stm32.10.3-2021.10.linux64_1.0.200.202301161003/tools/bin/../lib/gcc/arm-none-eabi/10.3.1/../../../../arm-none-eabi/lib/thumb/v7e-m+dp/hard/libc_nano.a(lib_a-closer.o)
                0x00000000080088f0                _close_r
 .text._fstat_r
                0x0000000008008910       0x24 /opt/st/stm32cubeide_1.12.0/plugins/com.st.stm32cube.ide.mcu.externaltools.gnu-tools-for-stm32.10.3-2021.10.linux64_1.0.200.202301161003/tools/bin/../lib/gcc/arm-none-eabi/10.3.1/../../../../arm-none-eabi/lib/thumb/v7e-m+dp/hard/libc_nano.a(lib_a-fstatr.o)
                0x0000000008008910                _fstat_r
 .text._lseek_r
                0x0000000008008934       0x24 /opt/st/stm32cubeide_1.12.0/plugins/com.st.stm32cube.ide.mcu.externaltools.gnu-tools-for-stm32.10.3-2021.10.linux64_1.0.200.202301161003/tools/bin/../lib/gcc/arm-none-eabi/10.3.1/../../../../arm-none-eabi/lib/thumb/v7e-m+dp/hard/libc_nano.a(lib_a-lseekr.o)
                0x0000000008008934                _lseek_r
 .text.__malloc_lock
                0x0000000008008958        0xc /opt/st/stm32cubeide_1.12.0/plugins/com.st.stm32cube.ide.mcu.externaltools.gnu-tools-for-stm32.10.3-2021.10.linux64_1.0.200.202301161003/tools/bin/../lib/gcc/arm-none-eabi/10.3.1/../../../../arm-none-eabi/lib/thumb/v7e-m+dp/hard/libc_nano.a(lib_a-mlock.o)
                0x0000000008008958                __malloc_lock
 .text.__malloc_unlock
                0x0000000008008964        0xc /opt/st/stm32cubeide_1.12.0/plugins/com.st.stm32cube.ide.mcu.externaltools.gnu-tools-for-stm32.10.3-2021.10.linux64_1.0.200.202301161003/tools/bin/../lib/gcc/arm-none-eabi/10.3.1/../../../../arm-none-eabi/lib/thumb/v7e-m+dp/hard/libc_nano.a(lib_a-mlock.o)
                0x0000000008008964                __malloc_unlock
 .text._read_r  0x0000000008008970       0x24 /opt/st/stm32cubeide_1.12.0/plugins/com.st.stm32cube.ide.mcu.externaltools.gnu-tools-for-stm32.10.3-2021.10.linux64_1.0.200.202301161003/tools/bin/../lib/gcc/arm-none-eabi/10.3.1/../../../../arm-none-eabi/lib/thumb/v7e-m+dp/hard/libc_nano.a(lib_a-readr.o)
                0x0000000008008970                _read_r
 *(.glue_7)
 .glue_7        0x0000000008008994        0x0 linker stubs
 *(.glue_7t)
 .glue_7t       0x0000000008008994        0x0 linker stubs
 *(.eh_frame)
 .eh_frame      0x0000000008008994        0x0 /opt/st/stm32cubeide_1.12.0/plugins/com.st.stm32cube.ide.mcu.externaltools.gnu-tools-for-stm32.10.3-2021.10.linux64_1.0.200.202301161003/tools/bin/../lib/gcc/arm-none-eabi/10.3.1/thumb/v7e-m+dp/hard/crtbegin.o
 *(.init)
 .init          0x0000000008008994        0x4 /opt/st/stm32cubeide_1.12.0/plugins/com.st.stm32cube.ide.mcu.externaltools.gnu-tools-for-stm32.10.3-2021.10.linux64_1.0.200.202301161003/tools/bin/../lib/gcc/arm-none-eabi/10.3.1/thumb/v7e-m+dp/hard/crti.o
                0x0000000008008994                _init
 .init          0x0000000008008998        0x8 /opt/st/stm32cubeide_1.12.0/plugins/com.st.stm32cube.ide.mcu.externaltools.gnu-tools-for-stm32.10.3-2021.10.linux64_1.0.200.202301161003/tools/bin/../lib/gcc/arm-none-eabi/10.3.1/thumb/v7e-m+dp/hard/crtn.o
 *(.fini)
 .fini          0x00000000080089a0        0x4 /opt/st/stm32cubeide_1.12.0/plugins/com.st.stm32cube.ide.mcu.externaltools.gnu-tools-for-stm32.10.3-2021.10.linux64_1.0.200.202301161003/tools/bin/../lib/gcc/arm-none-eabi/10.3.1/thumb/v7e-m+dp/hard/crti.o
                0x00000000080089a0                _fini
 .fini          0x00000000080089a4        0x8 /opt/st/stm32cubeide_1.12.0/plugins/com.st.stm32cube.ide.mcu.externaltools.gnu-tools-for-stm32.10.3-2021.10.linux64_1.0.200.202301161003/tools/bin/../lib/gcc/arm-none-eabi/10.3.1/thumb/v7e-m+dp/hard/crtn.o
                0x00000000080089ac                . = ALIGN (0x4)
                0x00000000080089ac                _etext = .

.vfp11_veneer   0x00000000080089ac        0x0
 .vfp11_veneer  0x00000000080089ac        0x0 linker stubs

.v4_bx          0x00000000080089ac        0x0
 .v4_bx         0x00000000080089ac        0x0 linker stubs

.iplt           0x00000000080089ac        0x0
 .iplt          0x00000000080089ac        0x0 /opt/st/stm32cubeide_1.12.0/plugins/com.st.stm32cube.ide.mcu.externaltools.gnu-tools-for-stm32.10.3-2021.10.linux64_1.0.200.202301161003/tools/bin/../lib/gcc/arm-none-eabi/10.3.1/thumb/v7e-m+dp/hard/crtbegin.o

.rodata         0x00000000080089ac      0x5f0
                0x00000000080089ac                . = ALIGN (0x4)
 *(.rodata)
 .rodata        0x00000000080089ac       0x2a ./Core/Src/ov5640.o
 *(.rodata*)
 .rodata.OV5640_SetContrast.str1.1
                0x00000000080089d6        0xa ./Core/Src/ov5640.o
 .rodata.OV5640_SetHueDegree.str1.1
                0x00000000080089e0        0xd ./Core/Src/ov5640.o
 *fill*         0x00000000080089ed        0x1 
 .rodata.OV5640_480x272.7
                0x00000000080089ee       0x10 ./Core/Src/ov5640.o
 .rodata.OV5640_Common.15
                0x00000000080089fe      0x3f8 ./Core/Src/ov5640.o
 .rodata.OV5640_LightModeAuto.0
                0x0000000008008df6       0x1c ./Core/Src/ov5640.o
 .rodata.OV5640_LightModeCloudy.2
                0x0000000008008e12       0x1c ./Core/Src/ov5640.o
 .rodata.OV5640_LightModeHome.1
                0x0000000008008e2e       0x1c ./Core/Src/ov5640.o
 .rodata.OV5640_LightModeOffice.3
                0x0000000008008e4a       0x1c ./Core/Src/ov5640.o
 .rodata.OV5640_LightModeSunny.4
                0x0000000008008e66       0x1c ./Core/Src/ov5640.o
 .rodata.OV5640_QQVGA.9
                0x0000000008008e82       0x10 ./Core/Src/ov5640.o
 .rodata.OV5640_QVGA.8
                0x0000000008008e92       0x10 ./Core/Src/ov5640.o
 .rodata.OV5640_VGA.6
                0x0000000008008ea2       0x10 ./Core/Src/ov5640.o
 .rodata.OV5640_WVGA.5
                0x0000000008008eb2       0x10 ./Core/Src/ov5640.o
 .rodata.D1CorePrescTable
                0x0000000008008ec2       0x10 ./Core/Src/system_stm32h7xx.o
                0x0000000008008ec2                D1CorePrescTable
 .rodata.flagBitshiftOffset.0
                0x0000000008008ed2        0x8 ./Drivers/STM32H7xx_HAL_Driver/Src/stm32h7xx_hal_dma.o
 .rodata.CSWTCH.61
                0x0000000008008eda       0x29 ./Drivers/STM32H7xx_HAL_Driver/Src/stm32h7xx_hal_uart.o
 .rodata.CSWTCH.62
                0x0000000008008f03        0x6 ./Drivers/STM32H7xx_HAL_Driver/Src/stm32h7xx_hal_uart.o
 .rodata.CSWTCH.71
                0x0000000008008f09        0x6 ./Drivers/STM32H7xx_HAL_Driver/Src/stm32h7xx_hal_uart.o
 *fill*         0x0000000008008f0f        0x1 
 .rodata.UARTPrescTable
                0x0000000008008f10       0x18 ./Drivers/STM32H7xx_HAL_Driver/Src/stm32h7xx_hal_uart.o
                0x0000000008008f10                UARTPrescTable
 .rodata.denominator.0
                0x0000000008008f28        0x8 ./Drivers/STM32H7xx_HAL_Driver/Src/stm32h7xx_hal_uart_ex.o
 .rodata.numerator.1
                0x0000000008008f30        0x8 ./Drivers/STM32H7xx_HAL_Driver/Src/stm32h7xx_hal_uart_ex.o
 .rodata._global_impure_ptr
                0x0000000008008f38        0x4 /opt/st/stm32cubeide_1.12.0/plugins/com.st.stm32cube.ide.mcu.externaltools.gnu-tools-for-stm32.10.3-2021.10.linux64_1.0.200.202301161003/tools/bin/../lib/gcc/arm-none-eabi/10.3.1/../../../../arm-none-eabi/lib/thumb/v7e-m+dp/hard/libc_nano.a(lib_a-impure.o)
                0x0000000008008f38                _global_impure_ptr
 .rodata.__sf_fake_stderr
                0x0000000008008f3c       0x20 /opt/st/stm32cubeide_1.12.0/plugins/com.st.stm32cube.ide.mcu.externaltools.gnu-tools-for-stm32.10.3-2021.10.linux64_1.0.200.202301161003/tools/bin/../lib/gcc/arm-none-eabi/10.3.1/../../../../arm-none-eabi/lib/thumb/v7e-m+dp/hard/libc_nano.a(lib_a-findfp.o)
                0x0000000008008f3c                __sf_fake_stderr
 .rodata.__sf_fake_stdin
                0x0000000008008f5c       0x20 /opt/st/stm32cubeide_1.12.0/plugins/com.st.stm32cube.ide.mcu.externaltools.gnu-tools-for-stm32.10.3-2021.10.linux64_1.0.200.202301161003/tools/bin/../lib/gcc/arm-none-eabi/10.3.1/../../../../arm-none-eabi/lib/thumb/v7e-m+dp/hard/libc_nano.a(lib_a-findfp.o)
                0x0000000008008f5c                __sf_fake_stdin
 .rodata.__sf_fake_stdout
                0x0000000008008f7c       0x20 /opt/st/stm32cubeide_1.12.0/plugins/com.st.stm32cube.ide.mcu.externaltools.gnu-tools-for-stm32.10.3-2021.10.linux64_1.0.200.202301161003/tools/bin/../lib/gcc/arm-none-eabi/10.3.1/../../../../arm-none-eabi/lib/thumb/v7e-m+dp/hard/libc_nano.a(lib_a-findfp.o)
                0x0000000008008f7c                __sf_fake_stdout
                0x0000000008008f9c                . = ALIGN (0x4)

.ARM.extab
 *(.ARM.extab* .gnu.linkonce.armextab.*)

.ARM            0x0000000008008f9c        0x8
                0x0000000008008f9c                __exidx_start = .
 *(.ARM.exidx*)
 .ARM.exidx     0x0000000008008f9c        0x8 /opt/st/stm32cubeide_1.12.0/plugins/com.st.stm32cube.ide.mcu.externaltools.gnu-tools-for-stm32.10.3-2021.10.linux64_1.0.200.202301161003/tools/bin/../lib/gcc/arm-none-eabi/10.3.1/thumb/v7e-m+dp/hard/libgcc.a(_udivmoddi4.o)
                0x0000000008008fa4                __exidx_end = .

.rel.dyn        0x0000000008008fa4        0x0
 .rel.iplt      0x0000000008008fa4        0x0 /opt/st/stm32cubeide_1.12.0/plugins/com.st.stm32cube.ide.mcu.externaltools.gnu-tools-for-stm32.10.3-2021.10.linux64_1.0.200.202301161003/tools/bin/../lib/gcc/arm-none-eabi/10.3.1/thumb/v7e-m+dp/hard/crtbegin.o

.preinit_array  0x0000000008008fa4        0x0
                0x0000000008008fa4                PROVIDE (__preinit_array_start = .)
 *(.preinit_array*)
                0x0000000008008fa4                PROVIDE (__preinit_array_end = .)

.init_array     0x0000000008008fa4        0x4
                0x0000000008008fa4                PROVIDE (__init_array_start = .)
 *(SORT_BY_NAME(.init_array.*))
 *(.init_array*)
 .init_array    0x0000000008008fa4        0x4 /opt/st/stm32cubeide_1.12.0/plugins/com.st.stm32cube.ide.mcu.externaltools.gnu-tools-for-stm32.10.3-2021.10.linux64_1.0.200.202301161003/tools/bin/../lib/gcc/arm-none-eabi/10.3.1/thumb/v7e-m+dp/hard/crtbegin.o
                0x0000000008008fa8                PROVIDE (__init_array_end = .)

.fini_array     0x0000000008008fa8        0x4
                [!provide]                        PROVIDE (__fini_array_start = .)
 *(SORT_BY_NAME(.fini_array.*))
 *(.fini_array*)
 .fini_array    0x0000000008008fa8        0x4 /opt/st/stm32cubeide_1.12.0/plugins/com.st.stm32cube.ide.mcu.externaltools.gnu-tools-for-stm32.10.3-2021.10.linux64_1.0.200.202301161003/tools/bin/../lib/gcc/arm-none-eabi/10.3.1/thumb/v7e-m+dp/hard/crtbegin.o
                [!provide]                        PROVIDE (__fini_array_end = .)
                0x0000000008008fac                _sidata = LOADADDR (.data)

.data           0x0000000024000000       0xb8 load address 0x0000000008008fac
                0x0000000024000000                . = ALIGN (0x4)
                0x0000000024000000                _sdata = .
 *(.data)
 *(.data*)
 .data.OV5640_CAMERA_Driver
                0x0000000024000000       0x44 ./Core/Src/ov5640.o
                0x0000000024000000                OV5640_CAMERA_Driver
 .data.SystemCoreClock
                0x0000000024000044        0x4 ./Core/Src/system_stm32h7xx.o
                0x0000000024000044                SystemCoreClock
 .data.SystemD2Clock
                0x0000000024000048        0x4 ./Core/Src/system_stm32h7xx.o
                0x0000000024000048                SystemD2Clock
 .data.uwTickFreq
                0x000000002400004c        0x1 ./Drivers/STM32H7xx_HAL_Driver/Src/stm32h7xx_hal.o
                0x000000002400004c                uwTickFreq
 *fill*         0x000000002400004d        0x3 
 .data.uwTickPrio
                0x0000000024000050        0x4 ./Drivers/STM32H7xx_HAL_Driver/Src/stm32h7xx_hal.o
                0x0000000024000050                uwTickPrio
 .data._impure_ptr
                0x0000000024000054        0x4 /opt/st/stm32cubeide_1.12.0/plugins/com.st.stm32cube.ide.mcu.externaltools.gnu-tools-for-stm32.10.3-2021.10.linux64_1.0.200.202301161003/tools/bin/../lib/gcc/arm-none-eabi/10.3.1/../../../../arm-none-eabi/lib/thumb/v7e-m+dp/hard/libc_nano.a(lib_a-impure.o)
                0x0000000024000054                _impure_ptr
 .data.impure_data
                0x0000000024000058       0x60 /opt/st/stm32cubeide_1.12.0/plugins/com.st.stm32cube.ide.mcu.externaltools.gnu-tools-for-stm32.10.3-2021.10.linux64_1.0.200.202301161003/tools/bin/../lib/gcc/arm-none-eabi/10.3.1/../../../../arm-none-eabi/lib/thumb/v7e-m+dp/hard/libc_nano.a(lib_a-impure.o)
 *(.RamFunc)
 *(.RamFunc*)
                0x00000000240000b8                . = ALIGN (0x4)
                0x00000000240000b8                _edata = .

.igot.plt       0x00000000240000b8        0x0 load address 0x0000000008009064
 .igot.plt      0x00000000240000b8        0x0 /opt/st/stm32cubeide_1.12.0/plugins/com.st.stm32cube.ide.mcu.externaltools.gnu-tools-for-stm32.10.3-2021.10.linux64_1.0.200.202301161003/tools/bin/../lib/gcc/arm-none-eabi/10.3.1/thumb/v7e-m+dp/hard/crtbegin.o
                0x00000000240000b8                . = ALIGN (0x4)

.bss            0x00000000240000b8      0xdc4 load address 0x0000000008009064
                0x00000000240000b8                _sbss = .
                0x00000000240000b8                __bss_start__ = _sbss
 *(.bss)
 .bss           0x00000000240000b8       0x1c /opt/st/stm32cubeide_1.12.0/plugins/com.st.stm32cube.ide.mcu.externaltools.gnu-tools-for-stm32.10.3-2021.10.linux64_1.0.200.202301161003/tools/bin/../lib/gcc/arm-none-eabi/10.3.1/thumb/v7e-m+dp/hard/crtbegin.o
 *(.bss*)
 .bss.hdcmi     0x00000000240000d4       0x50 ./Core/Src/dcmi.o
                0x00000000240000d4                hdcmi
 .bss.hdma_dcmi
                0x0000000024000124       0x78 ./Core/Src/dcmi.o
                0x0000000024000124                hdma_dcmi
 .bss.hdma2d    0x000000002400019c       0x68 ./Core/Src/dma2d.o
                0x000000002400019c                hdma2d
 .bss.FMC_Initialized
                0x0000000024000204        0x4 ./Core/Src/fmc.o
 .bss.hsdram2   0x0000000024000208       0x34 ./Core/Src/fmc.o
                0x0000000024000208                hsdram2
 .bss.hltdc     0x000000002400023c       0xa8 ./Core/Src/ltdc.o
                0x000000002400023c                hltdc
 .bss.camera_frame_ready
                0x00000000240002e4        0x4 ./Core/Src/main.o
                0x00000000240002e4                camera_frame_ready
 .bss.gHuart    0x00000000240002e8        0x4 ./Core/Src/retarget.o
                0x00000000240002e8                gHuart
 .bss.hrtc      0x00000000240002ec       0x28 ./Core/Src/rtc.o
                0x00000000240002ec                hrtc
 .bss.I2c4InitCounter
                0x0000000024000314        0x4 ./Core/Src/stm32h7b3i_discovery_bus.o
 .bss.I2c_valid_timing
                0x0000000024000318      0xa00 ./Core/Src/stm32h7b3i_discovery_bus.o
 .bss.I2c_valid_timing_nbr
                0x0000000024000d18        0x4 ./Core/Src/stm32h7b3i_discovery_bus.o
 .bss.hbus_i2c4
                0x0000000024000d1c       0x54 ./Core/Src/stm32h7b3i_discovery_bus.o
                0x0000000024000d1c                hbus_i2c4
 .bss.Camera_CompObj
                0x0000000024000d70        0x4 ./Core/Src/stm32h7b3i_discovery_camera.o
                0x0000000024000d70                Camera_CompObj
 .bss.Camera_Ctx
                0x0000000024000d74       0x30 ./Core/Src/stm32h7b3i_discovery_camera.o
                0x0000000024000d74                Camera_Ctx
 .bss.Camera_Drv
                0x0000000024000da4        0x4 ./Core/Src/stm32h7b3i_discovery_camera.o
 .bss.OV5640Obj.0
                0x0000000024000da8       0x28 ./Core/Src/stm32h7b3i_discovery_camera.o
 .bss.__sbrk_heap_end
                0x0000000024000dd0        0x4 ./Core/Src/sysmem.o
 .bss.huart1    0x0000000024000dd4       0x94 ./Core/Src/usart.o
                0x0000000024000dd4                huart1
 .bss.uwTick    0x0000000024000e68        0x4 ./Drivers/STM32H7xx_HAL_Driver/Src/stm32h7xx_hal.o
                0x0000000024000e68                uwTick
 .bss.__lock___malloc_recursive_mutex
                0x0000000024000e6c        0x1 /opt/st/stm32cubeide_1.12.0/plugins/com.st.stm32cube.ide.mcu.externaltools.gnu-tools-for-stm32.10.3-2021.10.linux64_1.0.200.202301161003/tools/bin/../lib/gcc/arm-none-eabi/10.3.1/../../../../arm-none-eabi/lib/thumb/v7e-m+dp/hard/libc_nano.a(lib_a-lock.o)
                0x0000000024000e6c                __lock___malloc_recursive_mutex
 .bss.__lock___sfp_recursive_mutex
                0x0000000024000e6d        0x1 /opt/st/stm32cubeide_1.12.0/plugins/com.st.stm32cube.ide.mcu.externaltools.gnu-tools-for-stm32.10.3-2021.10.linux64_1.0.200.202301161003/tools/bin/../lib/gcc/arm-none-eabi/10.3.1/../../../../arm-none-eabi/lib/thumb/v7e-m+dp/hard/libc_nano.a(lib_a-lock.o)
                0x0000000024000e6d                __lock___sfp_recursive_mutex
 .bss.__lock___sinit_recursive_mutex
                0x0000000024000e6e        0x1 /opt/st/stm32cubeide_1.12.0/plugins/com.st.stm32cube.ide.mcu.externaltools.gnu-tools-for-stm32.10.3-2021.10.linux64_1.0.200.202301161003/tools/bin/../lib/gcc/arm-none-eabi/10.3.1/../../../../arm-none-eabi/lib/thumb/v7e-m+dp/hard/libc_nano.a(lib_a-lock.o)
                0x0000000024000e6e                __lock___sinit_recursive_mutex
 *fill*         0x0000000024000e6f        0x1 
 .bss.__malloc_free_list
                0x0000000024000e70        0x4 /opt/st/stm32cubeide_1.12.0/plugins/com.st.stm32cube.ide.mcu.externaltools.gnu-tools-for-stm32.10.3-2021.10.linux64_1.0.200.202301161003/tools/bin/../lib/gcc/arm-none-eabi/10.3.1/../../../../arm-none-eabi/lib/thumb/v7e-m+dp/hard/libc_nano.a(lib_a-nano-mallocr.o)
                0x0000000024000e70                __malloc_free_list
 .bss.__malloc_sbrk_start
                0x0000000024000e74        0x4 /opt/st/stm32cubeide_1.12.0/plugins/com.st.stm32cube.ide.mcu.externaltools.gnu-tools-for-stm32.10.3-2021.10.linux64_1.0.200.202301161003/tools/bin/../lib/gcc/arm-none-eabi/10.3.1/../../../../arm-none-eabi/lib/thumb/v7e-m+dp/hard/libc_nano.a(lib_a-nano-mallocr.o)
                0x0000000024000e74                __malloc_sbrk_start
 .bss.errno     0x0000000024000e78        0x4 /opt/st/stm32cubeide_1.12.0/plugins/com.st.stm32cube.ide.mcu.externaltools.gnu-tools-for-stm32.10.3-2021.10.linux64_1.0.200.202301161003/tools/bin/../lib/gcc/arm-none-eabi/10.3.1/../../../../arm-none-eabi/lib/thumb/v7e-m+dp/hard/libc_nano.a(lib_a-reent.o)
                0x0000000024000e78                errno
 *(COMMON)
                0x0000000024000e7c                . = ALIGN (0x4)
                0x0000000024000e7c                _ebss = .
                0x0000000024000e7c                __bss_end__ = _ebss

._user_heap_stack
                0x0000000024000e7c      0x604 load address 0x0000000008009064
                0x0000000024000e80                . = ALIGN (0x8)
 *fill*         0x0000000024000e7c        0x4 
                [!provide]                        PROVIDE (end = .)
                0x0000000024000e80                PROVIDE (_end = .)
                0x0000000024001080                . = (. + _Min_Heap_Size)
 *fill*         0x0000000024000e80      0x200 
                0x0000000024001480                . = (. + _Min_Stack_Size)
 *fill*         0x0000000024001080      0x400 
                0x0000000024001480                . = ALIGN (0x8)

/DISCARD/
 libc.a(*)
 libm.a(*)
 libgcc.a(*)

.ARM.attributes
                0x0000000000000000       0x2e
 *(.ARM.attributes)
 .ARM.attributes
                0x0000000000000000       0x1e /opt/st/stm32cubeide_1.12.0/plugins/com.st.stm32cube.ide.mcu.externaltools.gnu-tools-for-stm32.10.3-2021.10.linux64_1.0.200.202301161003/tools/bin/../lib/gcc/arm-none-eabi/10.3.1/thumb/v7e-m+dp/hard/crti.o
 .ARM.attributes
                0x000000000000001e       0x32 /opt/st/stm32cubeide_1.12.0/plugins/com.st.stm32cube.ide.mcu.externaltools.gnu-tools-for-stm32.10.3-2021.10.linux64_1.0.200.202301161003/tools/bin/../lib/gcc/arm-none-eabi/10.3.1/thumb/v7e-m+dp/hard/crtbegin.o
 .ARM.attributes
                0x0000000000000050       0x32 ./Core/Src/dcmi.o
 .ARM.attributes
                0x0000000000000082       0x32 ./Core/Src/dma.o
 .ARM.attributes
                0x00000000000000b4       0x32 ./Core/Src/dma2d.o
 .ARM.attributes
                0x00000000000000e6       0x32 ./Core/Src/fmc.o
 .ARM.attributes
                0x0000000000000118       0x32 ./Core/Src/gpio.o
 .ARM.attributes
                0x000000000000014a       0x32 ./Core/Src/ltdc.o
 .ARM.attributes
                0x000000000000017c       0x32 ./Core/Src/main.o
 .ARM.attributes
                0x00000000000001ae       0x32 ./Core/Src/ov5640.o
 .ARM.attributes
                0x00000000000001e0       0x32 ./Core/Src/ov5640_reg.o
 .ARM.attributes
                0x0000000000000212       0x32 ./Core/Src/retarget.o
 .ARM.attributes
                0x0000000000000244       0x32 ./Core/Src/rtc.o
 .ARM.attributes
                0x0000000000000276       0x32 ./Core/Src/stm32h7b3i_discovery_bus.o
 .ARM.attributes
                0x00000000000002a8       0x32 ./Core/Src/stm32h7b3i_discovery_camera.o
 .ARM.attributes
                0x00000000000002da       0x32 ./Core/Src/stm32h7xx_hal_msp.o
 .ARM.attributes
                0x000000000000030c       0x32 ./Core/Src/stm32h7xx_it.o
 .ARM.attributes
                0x000000000000033e       0x32 ./Core/Src/syscalls.o
 .ARM.attributes
                0x0000000000000370       0x32 ./Core/Src/sysmem.o
 .ARM.attributes
                0x00000000000003a2       0x32 ./Core/Src/system_stm32h7xx.o
 .ARM.attributes
                0x00000000000003d4       0x32 ./Core/Src/usart.o
 .ARM.attributes
                0x0000000000000406       0x21 ./Core/Startup/startup_stm32h7b3lihxq.o
 .ARM.attributes
                0x0000000000000427       0x32 ./Drivers/STM32H7xx_HAL_Driver/Src/stm32h7xx_hal.o
 .ARM.attributes
                0x0000000000000459       0x32 ./Drivers/STM32H7xx_HAL_Driver/Src/stm32h7xx_hal_cortex.o
 .ARM.attributes
                0x000000000000048b       0x32 ./Drivers/STM32H7xx_HAL_Driver/Src/stm32h7xx_hal_dcmi.o
 .ARM.attributes
                0x00000000000004bd       0x32 ./Drivers/STM32H7xx_HAL_Driver/Src/stm32h7xx_hal_dma.o
 .ARM.attributes
                0x00000000000004ef       0x32 ./Drivers/STM32H7xx_HAL_Driver/Src/stm32h7xx_hal_dma2d.o
 .ARM.attributes
                0x0000000000000521       0x32 ./Drivers/STM32H7xx_HAL_Driver/Src/stm32h7xx_hal_dma_ex.o
 .ARM.attributes
                0x0000000000000553       0x32 ./Drivers/STM32H7xx_HAL_Driver/Src/stm32h7xx_hal_gpio.o
 .ARM.attributes
                0x0000000000000585       0x32 ./Drivers/STM32H7xx_HAL_Driver/Src/stm32h7xx_hal_i2c.o
 .ARM.attributes
                0x00000000000005b7       0x32 ./Drivers/STM32H7xx_HAL_Driver/Src/stm32h7xx_hal_i2c_ex.o
 .ARM.attributes
                0x00000000000005e9       0x32 ./Drivers/STM32H7xx_HAL_Driver/Src/stm32h7xx_hal_ltdc.o
 .ARM.attributes
                0x000000000000061b       0x32 ./Drivers/STM32H7xx_HAL_Driver/Src/stm32h7xx_hal_pwr.o
 .ARM.attributes
                0x000000000000064d       0x32 ./Drivers/STM32H7xx_HAL_Driver/Src/stm32h7xx_hal_pwr_ex.o
 .ARM.attributes
                0x000000000000067f       0x32 ./Drivers/STM32H7xx_HAL_Driver/Src/stm32h7xx_hal_rcc.o
 .ARM.attributes
                0x00000000000006b1       0x32 ./Drivers/STM32H7xx_HAL_Driver/Src/stm32h7xx_hal_rcc_ex.o
 .ARM.attributes
                0x00000000000006e3       0x32 ./Drivers/STM32H7xx_HAL_Driver/Src/stm32h7xx_hal_rtc.o
 .ARM.attributes
                0x0000000000000715       0x32 ./Drivers/STM32H7xx_HAL_Driver/Src/stm32h7xx_hal_sdram.o
 .ARM.attributes
                0x0000000000000747       0x32 ./Drivers/STM32H7xx_HAL_Driver/Src/stm32h7xx_hal_uart.o
 .ARM.attributes
                0x0000000000000779       0x32 ./Drivers/STM32H7xx_HAL_Driver/Src/stm32h7xx_hal_uart_ex.o
 .ARM.attributes
                0x00000000000007ab       0x32 ./Drivers/STM32H7xx_HAL_Driver/Src/stm32h7xx_ll_fmc.o
 .ARM.attributes
                0x00000000000007dd       0x32 /opt/st/stm32cubeide_1.12.0/plugins/com.st.stm32cube.ide.mcu.externaltools.gnu-tools-for-stm32.10.3-2021.10.linux64_1.0.200.202301161003/tools/bin/../lib/gcc/arm-none-eabi/10.3.1/../../../../arm-none-eabi/lib/thumb/v7e-m+dp/hard/libc_nano.a(lib_a-errno.o)
 .ARM.attributes
                0x000000000000080f       0x32 /opt/st/stm32cubeide_1.12.0/plugins/com.st.stm32cube.ide.mcu.externaltools.gnu-tools-for-stm32.10.3-2021.10.linux64_1.0.200.202301161003/tools/bin/../lib/gcc/arm-none-eabi/10.3.1/../../../../arm-none-eabi/lib/thumb/v7e-m+dp/hard/libc_nano.a(lib_a-impure.o)
 .ARM.attributes
                0x0000000000000841       0x32 /opt/st/stm32cubeide_1.12.0/plugins/com.st.stm32cube.ide.mcu.externaltools.gnu-tools-for-stm32.10.3-2021.10.linux64_1.0.200.202301161003/tools/bin/../lib/gcc/arm-none-eabi/10.3.1/../../../../arm-none-eabi/lib/thumb/v7e-m+dp/hard/libc_nano.a(lib_a-init.o)
 .ARM.attributes
                0x0000000000000873       0x32 /opt/st/stm32cubeide_1.12.0/plugins/com.st.stm32cube.ide.mcu.externaltools.gnu-tools-for-stm32.10.3-2021.10.linux64_1.0.200.202301161003/tools/bin/../lib/gcc/arm-none-eabi/10.3.1/../../../../arm-none-eabi/lib/thumb/v7e-m+dp/hard/libc_nano.a(lib_a-memset.o)
 .ARM.attributes
                0x00000000000008a5       0x32 /opt/st/stm32cubeide_1.12.0/plugins/com.st.stm32cube.ide.mcu.externaltools.gnu-tools-for-stm32.10.3-2021.10.linux64_1.0.200.202301161003/tools/bin/../lib/gcc/arm-none-eabi/10.3.1/../../../../arm-none-eabi/lib/thumb/v7e-m+dp/hard/libc_nano.a(lib_a-setvbuf.o)
 .ARM.attributes
                0x00000000000008d7       0x32 /opt/st/stm32cubeide_1.12.0/plugins/com.st.stm32cube.ide.mcu.externaltools.gnu-tools-for-stm32.10.3-2021.10.linux64_1.0.200.202301161003/tools/bin/../lib/gcc/arm-none-eabi/10.3.1/../../../../arm-none-eabi/lib/thumb/v7e-m+dp/hard/libc_nano.a(lib_a-fflush.o)
 .ARM.attributes
                0x0000000000000909       0x32 /opt/st/stm32cubeide_1.12.0/plugins/com.st.stm32cube.ide.mcu.externaltools.gnu-tools-for-stm32.10.3-2021.10.linux64_1.0.200.202301161003/tools/bin/../lib/gcc/arm-none-eabi/10.3.1/../../../../arm-none-eabi/lib/thumb/v7e-m+dp/hard/libc_nano.a(lib_a-findfp.o)
 .ARM.attributes
                0x000000000000093b       0x32 /opt/st/stm32cubeide_1.12.0/plugins/com.st.stm32cube.ide.mcu.externaltools.gnu-tools-for-stm32.10.3-2021.10.linux64_1.0.200.202301161003/tools/bin/../lib/gcc/arm-none-eabi/10.3.1/../../../../arm-none-eabi/lib/thumb/v7e-m+dp/hard/libc_nano.a(lib_a-fwalk.o)
 .ARM.attributes
                0x000000000000096d       0x32 /opt/st/stm32cubeide_1.12.0/plugins/com.st.stm32cube.ide.mcu.externaltools.gnu-tools-for-stm32.10.3-2021.10.linux64_1.0.200.202301161003/tools/bin/../lib/gcc/arm-none-eabi/10.3.1/../../../../arm-none-eabi/lib/thumb/v7e-m+dp/hard/libc_nano.a(lib_a-lock.o)
 .ARM.attributes
                0x000000000000099f       0x32 /opt/st/stm32cubeide_1.12.0/plugins/com.st.stm32cube.ide.mcu.externaltools.gnu-tools-for-stm32.10.3-2021.10.linux64_1.0.200.202301161003/tools/bin/../lib/gcc/arm-none-eabi/10.3.1/../../../../arm-none-eabi/lib/thumb/v7e-m+dp/hard/libc_nano.a(lib_a-makebuf.o)
 .ARM.attributes
                0x00000000000009d1       0x32 /opt/st/stm32cubeide_1.12.0/plugins/com.st.stm32cube.ide.mcu.externaltools.gnu-tools-for-stm32.10.3-2021.10.linux64_1.0.200.202301161003/tools/bin/../lib/gcc/arm-none-eabi/10.3.1/../../../../arm-none-eabi/lib/thumb/v7e-m+dp/hard/libc_nano.a(lib_a-malloc.o)
 .ARM.attributes
                0x0000000000000a03       0x32 /opt/st/stm32cubeide_1.12.0/plugins/com.st.stm32cube.ide.mcu.externaltools.gnu-tools-for-stm32.10.3-2021.10.linux64_1.0.200.202301161003/tools/bin/../lib/gcc/arm-none-eabi/10.3.1/../../../../arm-none-eabi/lib/thumb/v7e-m+dp/hard/libc_nano.a(lib_a-nano-freer.o)
 .ARM.attributes
                0x0000000000000a35       0x32 /opt/st/stm32cubeide_1.12.0/plugins/com.st.stm32cube.ide.mcu.externaltools.gnu-tools-for-stm32.10.3-2021.10.linux64_1.0.200.202301161003/tools/bin/../lib/gcc/arm-none-eabi/10.3.1/../../../../arm-none-eabi/lib/thumb/v7e-m+dp/hard/libc_nano.a(lib_a-nano-mallocr.o)
 .ARM.attributes
                0x0000000000000a67       0x32 /opt/st/stm32cubeide_1.12.0/plugins/com.st.stm32cube.ide.mcu.externaltools.gnu-tools-for-stm32.10.3-2021.10.linux64_1.0.200.202301161003/tools/bin/../lib/gcc/arm-none-eabi/10.3.1/../../../../arm-none-eabi/lib/thumb/v7e-m+dp/hard/libc_nano.a(lib_a-sbrkr.o)
 .ARM.attributes
                0x0000000000000a99       0x32 /opt/st/stm32cubeide_1.12.0/plugins/com.st.stm32cube.ide.mcu.externaltools.gnu-tools-for-stm32.10.3-2021.10.linux64_1.0.200.202301161003/tools/bin/../lib/gcc/arm-none-eabi/10.3.1/../../../../arm-none-eabi/lib/thumb/v7e-m+dp/hard/libc_nano.a(lib_a-stdio.o)
 .ARM.attributes
                0x0000000000000acb       0x32 /opt/st/stm32cubeide_1.12.0/plugins/com.st.stm32cube.ide.mcu.externaltools.gnu-tools-for-stm32.10.3-2021.10.linux64_1.0.200.202301161003/tools/bin/../lib/gcc/arm-none-eabi/10.3.1/../../../../arm-none-eabi/lib/thumb/v7e-m+dp/hard/libc_nano.a(lib_a-writer.o)
 .ARM.attributes
                0x0000000000000afd       0x32 /opt/st/stm32cubeide_1.12.0/plugins/com.st.stm32cube.ide.mcu.externaltools.gnu-tools-for-stm32.10.3-2021.10.linux64_1.0.200.202301161003/tools/bin/../lib/gcc/arm-none-eabi/10.3.1/../../../../arm-none-eabi/lib/thumb/v7e-m+dp/hard/libc_nano.a(lib_a-closer.o)
 .ARM.attributes
                0x0000000000000b2f       0x32 /opt/st/stm32cubeide_1.12.0/plugins/com.st.stm32cube.ide.mcu.externaltools.gnu-tools-for-stm32.10.3-2021.10.linux64_1.0.200.202301161003/tools/bin/../lib/gcc/arm-none-eabi/10.3.1/../../../../arm-none-eabi/lib/thumb/v7e-m+dp/hard/libc_nano.a(lib_a-fstatr.o)
 .ARM.attributes
                0x0000000000000b61       0x32 /opt/st/stm32cubeide_1.12.0/plugins/com.st.stm32cube.ide.mcu.externaltools.gnu-tools-for-stm32.10.3-2021.10.linux64_1.0.200.202301161003/tools/bin/../lib/gcc/arm-none-eabi/10.3.1/../../../../arm-none-eabi/lib/thumb/v7e-m+dp/hard/libc_nano.a(lib_a-lseekr.o)
 .ARM.attributes
                0x0000000000000b93       0x32 /opt/st/stm32cubeide_1.12.0/plugins/com.st.stm32cube.ide.mcu.externaltools.gnu-tools-for-stm32.10.3-2021.10.linux64_1.0.200.202301161003/tools/bin/../lib/gcc/arm-none-eabi/10.3.1/../../../../arm-none-eabi/lib/thumb/v7e-m+dp/hard/libc_nano.a(lib_a-mlock.o)
 .ARM.attributes
                0x0000000000000bc5       0x32 /opt/st/stm32cubeide_1.12.0/plugins/com.st.stm32cube.ide.mcu.externaltools.gnu-tools-for-stm32.10.3-2021.10.linux64_1.0.200.202301161003/tools/bin/../lib/gcc/arm-none-eabi/10.3.1/../../../../arm-none-eabi/lib/thumb/v7e-m+dp/hard/libc_nano.a(lib_a-readr.o)
 .ARM.attributes